#
# There is insufficient memory for the Java Runtime Environment to continue.
# Native memory allocation (mmap) failed to map 910163968 bytes. Error detail: G1 virtual space
# Possible reasons:
#   The system is out of physical RAM or swap space
#   This process is running with CompressedOops enabled, and the Java Heap may be blocking the growth of the native heap
# Possible solutions:
#   Reduce memory load on the system
#   Increase physical memory or swap space
#   Check if swap backing store is full
#   Decrease Java heap size (-Xmx/-Xms)
#   Decrease number of Java threads
#   Decrease Java thread stack sizes (-Xss)
#   Set larger code cache with -XX:ReservedCodeCacheSize=
#   JVM is running with Zero Based Compressed Oops mode in which the Java heap is
#     placed in the first 32GB address space. The Java Heap base address is the
#     maximum limit for the native heap growth. Please use -XX:HeapBaseMinAddress
#     to set the Java Heap base and to place the Java Heap above 32GB virtual address.
# This output file may be truncated or incomplete.
#
#  Out of Memory Error (os_windows.cpp:3732), pid=10488, tid=9880
#
# JRE version: OpenJDK Runtime Environment Temurin-21.0.12.1+1 (21.0.12.1+1) (build 21.0.12.1+1-LTS)
# Java VM: OpenJDK 64-Bit Server VM Temurin-21.0.12.1+1 (21.0.12.1+1-LTS, mixed mode, sharing, tiered, compressed oops, compressed class ptrs, g1 gc, windows-amd64)
# No core dump will be written. Minidumps are not enabled by default on client versions of Windows
#

---------------  S U M M A R Y ------------

Command Line: --add-opens=java.base/java.lang=ALL-UNNAMED --add-opens=java.base/java.lang.invoke=ALL-UNNAMED --add-opens=java.base/java.util=ALL-UNNAMED --add-opens=java.prefs/java.util.prefs=ALL-UNNAMED --add-exports=jdk.compiler/com.sun.tools.javac.api=ALL-UNNAMED --add-exports=jdk.compiler/com.sun.tools.javac.util=ALL-UNNAMED --add-opens=java.base/java.util=ALL-UNNAMED --add-opens=java.prefs/java.util.prefs=ALL-UNNAMED --add-opens=java.base/java.nio.charset=ALL-UNNAMED --add-opens=java.base/java.net=ALL-UNNAMED --add-opens=java.base/java.util.concurrent=ALL-UNNAMED --add-opens=java.base/java.util.concurrent.atomic=ALL-UNNAMED --add-opens=java.xml/javax.xml.namespace=ALL-UNNAMED --add-opens=java.base/java.time=ALL-UNNAMED -XX:MaxMetaspaceSize=4G -XX:ReservedCodeCacheSize=512m -XX:+HeapDumpOnOutOfMemoryError -Xmx8G -Dfile.encoding=UTF-8 -Duser.country=ID -Duser.language=en -Duser.variant -javaagent:C:\Users\ELLENT\.gradle\wrapper\dists\gradle-9.3.1-all\9ot9r568e8zfvvd4mn8rbu1j0\gradle-9.3.1\lib\agents\gradle-instrumentation-agent-9.3.1.jar org.gradle.launcher.daemon.bootstrap.GradleDaemon 9.3.1

Host: AMD Athlon Silver 7120U with Radeon Graphics   , 2 cores, 5G,  Windows 11 , 64 bit Build 26100 (10.0.26100.9444)
Time: Sat Oct  3 16:50:49 2026 SE Asia Standard Time elapsed time: 2802.158564 seconds (0d 0h 46m 42s)

---------------  T H R E A D  ---------------

Current thread (0x000001e8ff1c40d0):  VMThread "VM Thread"          [id=9880, stack(0x0000006dac900000,0x0000006daca00000) (1024K)]

Stack: [0x0000006dac900000,0x0000006daca00000]
Native frames: (J=compiled Java code, j=interpreted, Vv=VM code, C=native code)
V  [jvm.dll+0x6d83e9]
V  [jvm.dll+0x8b5736]
V  [jvm.dll+0x8b7cee]
V  [jvm.dll+0x8b83d3]
V  [jvm.dll+0x284596]
V  [jvm.dll+0x6d4d05]
V  [jvm.dll+0x6c898a]
V  [jvm.dll+0x35f2f8]
V  [jvm.dll+0x366f36]
V  [jvm.dll+0x3b804e]
V  [jvm.dll+0x3b82f8]
V  [jvm.dll+0x33320c]
V  [jvm.dll+0x33329a]
V  [jvm.dll+0x377382]
V  [jvm.dll+0x375b1a]
V  [jvm.dll+0x332951]
V  [jvm.dll+0x37517a]
V  [jvm.dll+0x8be0c0]
V  [jvm.dll+0x8bf434]
V  [jvm.dll+0x8bf960]
V  [jvm.dll+0x8bfc03]
V  [jvm.dll+0x8600cd]
V  [jvm.dll+0x6d6c1d]
C  [ucrtbase.dll+0x2cd30]
C  [KERNEL32.DLL+0x2cd87]
C  [ntdll.dll+0xacaec]

VM_Operation (0x0000006dad7fe1d0): G1CollectForAllocation, mode: safepoint, requested by thread 0x000001e8edd0a920


---------------  P R O C E S S  ---------------

Threads class SMR info:
_java_thread_list=0x000001e903d84e40, length=54, elements={
0x000001e8f7e60450, 0x000001e8ff1e3540, 0x000001e8ff1e4dc0, 0x000001e8ff1ebf40,
0x000001e8ff1ec9a0, 0x000001e8ff1ed400, 0x000001e8ff1efe70, 0x000001e8ff1f0c00,
0x000001e8ff221120, 0x000001e8ff536410, 0x000001e8ff5a0770, 0x000001e8ede58260,
0x000001e8edda6030, 0x000001e8edd0a920, 0x000001e8ededd690, 0x000001e8edb32860,
0x000001e8ed038c90, 0x000001e8ed03a040, 0x000001e8ed039320, 0x000001e8eedc9a10,
0x000001e8eedc6590, 0x000001e8eedca0a0, 0x000001e8eedc6c20, 0x000001e8eedca730,
0x000001e911cfde40, 0x000001e9007f2bb0, 0x000001e9007f0450, 0x000001e9007f45f0,
0x000001e9007f3f60, 0x000001e902aef890, 0x000001e8eedc7940, 0x000001e9007ef730,
0x000001e9007ed660, 0x000001e9007ee380, 0x000001e9007f2520, 0x000001e9007f3240,
0x000001e9012158a0, 0x000001e901212ab0, 0x000001e9012165c0, 0x000001e901213140,
0x000001e901217970, 0x000001e9012144f0, 0x000001e901218000, 0x000001e901214b80,
0x000001e901218d20, 0x000001e90121a0d0, 0x000001e901219a40, 0x000001e902aecaa0,
0x000001e902aef200, 0x000001e902aed130, 0x000001e902aec410, 0x000001e902af1960,
0x000001e8eedc72b0, 0x000001e8eedcadc0
}

Java Threads: ( => current thread )
  0x000001e8f7e60450 JavaThread "main"                              [_thread_blocked, id=3284, stack(0x0000006dac100000,0x0000006dac200000) (1024K)]
  0x000001e8ff1e3540 JavaThread "Reference Handler"          daemon [_thread_blocked, id=384, stack(0x0000006daca00000,0x0000006dacb00000) (1024K)]
  0x000001e8ff1e4dc0 JavaThread "Finalizer"                  daemon [_thread_blocked, id=18496, stack(0x0000006dacb00000,0x0000006dacc00000) (1024K)]
  0x000001e8ff1ebf40 JavaThread "Signal Dispatcher"          daemon [_thread_blocked, id=18784, stack(0x0000006dacc00000,0x0000006dacd00000) (1024K)]
  0x000001e8ff1ec9a0 JavaThread "Attach Listener"            daemon [_thread_blocked, id=2720, stack(0x0000006dacd00000,0x0000006dace00000) (1024K)]
  0x000001e8ff1ed400 JavaThread "Service Thread"             daemon [_thread_blocked, id=5760, stack(0x0000006dace00000,0x0000006dacf00000) (1024K)]
  0x000001e8ff1efe70 JavaThread "Monitor Deflation Thread"   daemon [_thread_blocked, id=24524, stack(0x0000006dacf00000,0x0000006dad000000) (1024K)]
  0x000001e8ff1f0c00 JavaThread "C2 CompilerThread0"         daemon [_thread_blocked, id=3488, stack(0x0000006dad000000,0x0000006dad100000) (1024K)]
  0x000001e8ff221120 JavaThread "C1 CompilerThread0"         daemon [_thread_blocked, id=19264, stack(0x0000006dad100000,0x0000006dad200000) (1024K)]
  0x000001e8ff536410 JavaThread "Common-Cleaner"             daemon [_thread_blocked, id=6900, stack(0x0000006dad200000,0x0000006dad300000) (1024K)]
  0x000001e8ff5a0770 JavaThread "Notification Thread"        daemon [_thread_blocked, id=5656, stack(0x0000006dad300000,0x0000006dad400000) (1024K)]
  0x000001e8ede58260 JavaThread "Daemon health stats"               [_thread_blocked, id=18008, stack(0x0000006dad500000,0x0000006dad600000) (1024K)]
  0x000001e8edda6030 JavaThread "Incoming local TCP Connector on port 61150"        [_thread_in_native, id=23824, stack(0x0000006dad600000,0x0000006dad700000) (1024K)]
  0x000001e8edd0a920 JavaThread "Daemon periodic checks"            [_thread_blocked, id=4188, stack(0x0000006dad700000,0x0000006dad800000) (1024K)]
  0x000001e8ededd690 JavaThread "Daemon"                            [_thread_blocked, id=20568, stack(0x0000006dad800000,0x0000006dad900000) (1024K)]
  0x000001e8edb32860 JavaThread "Daemon worker"                     [_thread_blocked, id=4328, stack(0x0000006dadb00000,0x0000006dadc00000) (1024K)]
  0x000001e8ed038c90 JavaThread "Cache worker for journal cache (C:\Users\ELLENT\.gradle\caches\journal-1)"        [_thread_blocked, id=14872, stack(0x0000006dadf00000,0x0000006dae000000) (1024K)]
  0x000001e8ed03a040 JavaThread "File lock request listener"        [_thread_in_native, id=13652, stack(0x0000006dae000000,0x0000006dae100000) (1024K)]
  0x000001e8ed039320 JavaThread "Cache worker for file hash cache (C:\Users\ELLENT\.gradle\caches\9.3.1\fileHashes)"        [_thread_blocked, id=16236, stack(0x0000006dae100000,0x0000006dae200000) (1024K)]
  0x000001e8eedc9a10 JavaThread "File watcher server"        daemon [_thread_in_native, id=14584, stack(0x0000006dae400000,0x0000006dae500000) (1024K)]
  0x000001e8eedc6590 JavaThread "File watcher consumer"      daemon [_thread_blocked, id=18876, stack(0x0000006dae500000,0x0000006dae600000) (1024K)]
  0x000001e8eedca0a0 JavaThread "jar transforms"                    [_thread_blocked, id=23052, stack(0x0000006dae600000,0x0000006dae700000) (1024K)]
  0x000001e8eedc6c20 JavaThread "jar transforms Thread 2"           [_thread_blocked, id=7152, stack(0x0000006dae700000,0x0000006dae800000) (1024K)]
  0x000001e8eedca730 JavaThread "Cache worker for file content cache (C:\Users\ELLENT\.gradle\caches\9.3.1\fileContent)"        [_thread_blocked, id=15088, stack(0x0000006dae900000,0x0000006daea00000) (1024K)]
  0x000001e911cfde40 JavaThread "Memory manager"                    [_thread_blocked, id=11236, stack(0x0000006daf500000,0x0000006daf600000) (1024K)]
  0x000001e9007f2bb0 JavaThread "RMI Scheduler(0)"           daemon [_thread_blocked, id=9320, stack(0x0000006dafd00000,0x0000006dafe00000) (1024K)]
  0x000001e9007f0450 JavaThread "RMI GC Daemon"              daemon [_thread_blocked, id=24480, stack(0x0000006daff00000,0x0000006db0000000) (1024K)]
  0x000001e9007f45f0 JavaThread "RMI TCP Accept-0"           daemon [_thread_in_native, id=9464, stack(0x0000006db0000000,0x0000006db0100000) (1024K)]
  0x000001e9007f3f60 JavaThread "RMI Reaper"                        [_thread_blocked, id=8504, stack(0x0000006db0100000,0x0000006db0200000) (1024K)]
  0x000001e902aef890 JavaThread "RMI TCP Connection(idle)"   daemon [_thread_blocked, id=6248, stack(0x0000006daf900000,0x0000006dafa00000) (1024K)]
  0x000001e8eedc7940 JavaThread "File lock release action executor Thread 16"        [_thread_blocked, id=16972, stack(0x0000006daee00000,0x0000006daef00000) (1024K)]
  0x000001e9007ef730 JavaThread "Handler for socket connection from /127.0.0.1:61150 to /127.0.0.1:58826"        [_thread_in_native, id=16084, stack(0x0000006dac000000,0x0000006dac100000) (1024K)]
  0x000001e9007ed660 JavaThread "Cancel handler"                    [_thread_blocked, id=10708, stack(0x0000006dad900000,0x0000006dada00000) (1024K)]
  0x000001e9007ee380 JavaThread "Asynchronous log dispatcher for DefaultDaemonConnection: socket connection from /127.0.0.1:61150 to /127.0.0.1:58826"        [_thread_blocked, id=19856, stack(0x0000006dada00000,0x0000006dadb00000) (1024K)]
  0x000001e9007f2520 JavaThread "Stdin handler"                     [_thread_blocked, id=9032, stack(0x0000006dadc00000,0x0000006dadd00000) (1024K)]
  0x000001e9007f3240 JavaThread "Daemon client event forwarder"        [_thread_blocked, id=7260, stack(0x0000006dadd00000,0x0000006dade00000) (1024K)]
  0x000001e9012158a0 JavaThread "Cache worker for file hash cache (E:\Kuliah\Website\244107020192-mobile-course\06-week-6-authentication-security-fcm\campus_notify\android\.gradle\9.3.1\fileHashes)"        [_thread_blocked, id=8512, stack(0x0000006dade00000,0x0000006dadf00000) (1024K)]
  0x000001e901212ab0 JavaThread "Cache worker for Build Output Cleanup Cache (E:\Kuliah\Website\244107020192-mobile-course\06-week-6-authentication-security-fcm\campus_notify\android\.gradle\buildOutputCleanup)"        [_thread_blocked, id=1176, stack(0x0000006dae200000,0x0000006dae300000) (1024K)]
  0x000001e9012165c0 JavaThread "Cache worker for checksums cache (E:\Kuliah\Website\244107020192-mobile-course\06-week-6-authentication-security-fcm\campus_notify\android\.gradle\9.3.1\checksums)"        [_thread_blocked, id=21892, stack(0x0000006dae300000,0x0000006dae400000) (1024K)]
  0x000001e901213140 JavaThread "Cache worker for cache directory md-supplier (C:\Users\ELLENT\.gradle\caches\9.3.1\md-supplier)"        [_thread_blocked, id=13248, stack(0x0000006dae800000,0x0000006dae900000) (1024K)]
  0x000001e901217970 JavaThread "Cache worker for cache directory md-rule (C:\Users\ELLENT\.gradle\caches\9.3.1\md-rule)"        [_thread_blocked, id=9072, stack(0x0000006daea00000,0x0000006daeb00000) (1024K)]
  0x000001e9012144f0 JavaThread "Cache worker for Build Output Cleanup Cache (E:\Kuliah\Installer\flutter\packages\flutter_tools\gradle\.gradle\buildOutputCleanup)"        [_thread_blocked, id=4548, stack(0x0000006daeb00000,0x0000006daec00000) (1024K)]
  0x000001e901218000 JavaThread "Unconstrained build operations"        [_thread_blocked, id=20708, stack(0x0000006daec00000,0x0000006daed00000) (1024K)]
  0x000001e901214b80 JavaThread "Unconstrained build operations Thread 2"        [_thread_blocked, id=23336, stack(0x0000006daed00000,0x0000006daee00000) (1024K)]
  0x000001e901218d20 JavaThread "build event listener"              [_thread_blocked, id=22392, stack(0x0000006daef00000,0x0000006daf000000) (1024K)]
  0x000001e90121a0d0 JavaThread "Execution worker"                  [_thread_blocked, id=21680, stack(0x0000006daf100000,0x0000006daf200000) (1024K)]
  0x000001e901219a40 JavaThread "Cache worker for execution history cache (E:\Kuliah\Installer\flutter\packages\flutter_tools\gradle\.gradle\9.3.1\executionHistory)"        [_thread_blocked, id=11928, stack(0x0000006daf200000,0x0000006daf300000) (1024K)]
  0x000001e902aecaa0 JavaThread "Unconstrained build operations Thread 3"        [_thread_blocked, id=8360, stack(0x0000006daf300000,0x0000006daf400000) (1024K)]
  0x000001e902aef200 JavaThread "Unconstrained build operations Thread 4"        [_thread_blocked, id=4716, stack(0x0000006daf400000,0x0000006daf500000) (1024K)]
  0x000001e902aed130 JavaThread "Unconstrained build operations Thread 5"        [_thread_blocked, id=4208, stack(0x0000006daf600000,0x0000006daf700000) (1024K)]
  0x000001e902aec410 JavaThread "WorkerExecutor Queue"              [_thread_blocked, id=22660, stack(0x0000006daf700000,0x0000006daf800000) (1024K)]
  0x000001e902af1960 JavaThread "Unconstrained build operations Thread 6"        [_thread_blocked, id=24484, stack(0x0000006dafe00000,0x0000006daff00000) (1024K)]
  0x000001e8eedc72b0 JavaThread "Unconstrained build operations Thread 7"        [_thread_blocked, id=5500, stack(0x0000006db0200000,0x0000006db0300000) (1024K)]
  0x000001e8eedcadc0 JavaThread "Unconstrained build operations Thread 8"        [_thread_blocked, id=8060, stack(0x0000006db0300000,0x0000006db0400000) (1024K)]
Total: 54

Other Threads:
=>0x000001e8ff1c40d0 VMThread "VM Thread"                           [id=9880, stack(0x0000006dac900000,0x0000006daca00000) (1024K)]
  0x000001e8ff1b2920 WatcherThread "VM Periodic Task Thread"        [id=23844, stack(0x0000006dac800000,0x0000006dac900000) (1024K)]
  0x000001e8f7f0a5c0 WorkerThread "GC Thread#0"                     [id=22000, stack(0x0000006dac300000,0x0000006dac400000) (1024K)]
  0x000001e8ff5ce550 WorkerThread "GC Thread#1"                     [id=7256, stack(0x0000006dad400000,0x0000006dad500000) (1024K)]
  0x000001e8f7f1b4c0 ConcurrentGCThread "G1 Main Marker"            [id=11208, stack(0x0000006dac400000,0x0000006dac500000) (1024K)]
  0x000001e8f7f1bee0 WorkerThread "G1 Conc#0"                       [id=22852, stack(0x0000006dac500000,0x0000006dac600000) (1024K)]
  0x000001e8ff081fa0 ConcurrentGCThread "G1 Refine#0"               [id=1624, stack(0x0000006dac600000,0x0000006dac700000) (1024K)]
  0x000001e8ff082a30 ConcurrentGCThread "G1 Service"                [id=15556, stack(0x0000006dac700000,0x0000006dac800000) (1024K)]
Total: 8

Threads with active compile tasks:
Total: 0

VM state: at safepoint (normal execution)

VM Mutex/Monitor currently owned by a thread:  ([mutex/lock_event])
[0x00007ffac810f5b0] Threads_lock - owner thread: 0x000001e8ff1c40d0
[0x00007ffac810f6b0] Heap_lock - owner thread: 0x000001e8edd0a920

Heap address: 0x0000000600000000, size: 8192 MB, Compressed Oops mode: Zero based, Oop shift amount: 3

CDS archive(s) mapped at: [0x000001e8a8000000-0x000001e8a8ba0000-0x000001e8a8ba0000), size 12189696, SharedBaseAddress: 0x000001e8a8000000, ArchiveRelocationMode: 1.
Compressed class space mapped at: 0x000001e8a9000000-0x000001e8e9000000, reserved size: 1073741824
Narrow klass base: 0x000001e8a8000000, Narrow klass shift: 0, Narrow klass range: 0x100000000

GC Precious Log:
 CardTable entry size: 512
 Card Set container configuration: InlinePtr #cards 4 size 8 Array Of Cards #cards 32 size 80 Howl #buckets 8 coarsen threshold 7372 Howl Bitmap #cards 1024 size 144 coarsen threshold 921 Card regions per heap region 1 cards per card region 8192
 CPUs: 2 total, 2 available
 Memory: 5877M
 Large Page Support: Disabled
 NUMA Support: Disabled
 Compressed Oops: Enabled (Zero based)
 Heap Region Size: 4M
 Heap Min Capacity: 8M
 Heap Initial Capacity: 92M
 Heap Max Capacity: 8G
 Pre-touch: Disabled
 Parallel Workers: 2
 Concurrent Workers: 1
 Concurrent Refinement Workers: 2
 Periodic GC: Disabled

Heap:
 garbage-first heap   total 888832K, used 321723K [0x0000000600000000, 0x0000000800000000)
  region size 4096K, 2 young (8192K), 2 survivors (8192K)
 Metaspace       used 191766K, committed 194944K, reserved 1245184K
  class space    used 25290K, committed 26880K, reserved 1048576K

Heap Regions: E=young(eden), S=young(survivor), O=old, HS=humongous(starts), HC=humongous(continues), CS=collection set, F=free, TAMS=top-at-mark-start, PB=parsable bottom
|   0|0x0000000600000000, 0x0000000600400000, 0x0000000600400000|100%|HS|  |TAMS 0x0000000600000000| PB 0x0000000600000000| Complete 
|   1|0x0000000600400000, 0x0000000600800000, 0x0000000600800000|100%| O|  |TAMS 0x0000000600400000| PB 0x0000000600400000| Untracked 
|   2|0x0000000600800000, 0x0000000600c00000, 0x0000000600c00000|100%| O|  |TAMS 0x0000000600800000| PB 0x0000000600800000| Untracked 
|   3|0x0000000600c00000, 0x0000000601000000, 0x0000000601000000|100%| O|  |TAMS 0x0000000600c00000| PB 0x0000000600c00000| Untracked 
|   4|0x0000000601000000, 0x0000000601400000, 0x0000000601400000|100%| O|  |TAMS 0x0000000601000000| PB 0x0000000601000000| Untracked 
|   5|0x0000000601400000, 0x0000000601800000, 0x0000000601800000|100%| O|  |TAMS 0x0000000601400000| PB 0x0000000601400000| Untracked 
|   6|0x0000000601800000, 0x0000000601c00000, 0x0000000601c00000|100%| O|  |TAMS 0x0000000601800000| PB 0x0000000601800000| Untracked 
|   7|0x0000000601c00000, 0x0000000602000000, 0x0000000602000000|100%| O|  |TAMS 0x0000000601c00000| PB 0x0000000601c00000| Untracked 
|   8|0x0000000602000000, 0x0000000602400000, 0x0000000602400000|100%| O|  |TAMS 0x0000000602000000| PB 0x0000000602000000| Untracked 
|   9|0x0000000602400000, 0x0000000602800000, 0x0000000602800000|100%| O|  |TAMS 0x0000000602400000| PB 0x0000000602400000| Untracked 
|  10|0x0000000602800000, 0x0000000602c00000, 0x0000000602c00000|100%| O|  |TAMS 0x0000000602800000| PB 0x0000000602800000| Untracked 
|  11|0x0000000602c00000, 0x0000000603000000, 0x0000000603000000|100%| O|  |TAMS 0x0000000602c00000| PB 0x0000000602c00000| Untracked 
|  12|0x0000000603000000, 0x0000000603400000, 0x0000000603400000|100%| O|  |TAMS 0x0000000603000000| PB 0x0000000603000000| Untracked 
|  13|0x0000000603400000, 0x0000000603800000, 0x0000000603800000|100%| O|  |TAMS 0x0000000603400000| PB 0x0000000603400000| Untracked 
|  14|0x0000000603800000, 0x0000000603c00000, 0x0000000603c00000|100%| O|  |TAMS 0x0000000603800000| PB 0x0000000603800000| Untracked 
|  15|0x0000000603c00000, 0x0000000604000000, 0x0000000604000000|100%| O|  |TAMS 0x0000000603c00000| PB 0x0000000603c00000| Untracked 
|  16|0x0000000604000000, 0x0000000604400000, 0x0000000604400000|100%| O|  |TAMS 0x0000000604000000| PB 0x0000000604000000| Untracked 
|  17|0x0000000604400000, 0x0000000604800000, 0x0000000604800000|100%| O|  |TAMS 0x0000000604400000| PB 0x0000000604400000| Untracked 
|  18|0x0000000604800000, 0x0000000604c00000, 0x0000000604c00000|100%| O|  |TAMS 0x0000000604800000| PB 0x0000000604800000| Untracked 
|  19|0x0000000604c00000, 0x0000000605000000, 0x0000000605000000|100%| O|  |TAMS 0x0000000604c00000| PB 0x0000000604c00000| Untracked 
|  20|0x0000000605000000, 0x0000000605400000, 0x0000000605400000|100%| O|  |TAMS 0x0000000605000000| PB 0x0000000605000000| Untracked 
|  21|0x0000000605400000, 0x0000000605800000, 0x0000000605800000|100%| O|  |TAMS 0x0000000605400000| PB 0x0000000605400000| Untracked 
|  22|0x0000000605800000, 0x0000000605c00000, 0x0000000605c00000|100%| O|  |TAMS 0x0000000605800000| PB 0x0000000605800000| Untracked 
|  23|0x0000000605c00000, 0x0000000606000000, 0x0000000606000000|100%| O|  |TAMS 0x0000000605c00000| PB 0x0000000605c00000| Untracked 
|  24|0x0000000606000000, 0x0000000606400000, 0x0000000606400000|100%| O|  |TAMS 0x0000000606000000| PB 0x0000000606000000| Untracked 
|  25|0x0000000606400000, 0x0000000606800000, 0x0000000606800000|100%| O|  |TAMS 0x0000000606400000| PB 0x0000000606400000| Untracked 
|  26|0x0000000606800000, 0x0000000606c00000, 0x0000000606c00000|100%| O|  |TAMS 0x0000000606800000| PB 0x0000000606800000| Untracked 
|  27|0x0000000606c00000, 0x0000000607000000, 0x0000000607000000|100%| O|  |TAMS 0x0000000606c00000| PB 0x0000000606c00000| Untracked 
|  28|0x0000000607000000, 0x0000000607400000, 0x0000000607400000|100%| O|  |TAMS 0x0000000607000000| PB 0x0000000607000000| Untracked 
|  29|0x0000000607400000, 0x0000000607800000, 0x0000000607800000|100%| O|  |TAMS 0x0000000607400000| PB 0x0000000607400000| Untracked 
|  30|0x0000000607800000, 0x0000000607c00000, 0x0000000607c00000|100%| O|  |TAMS 0x0000000607800000| PB 0x0000000607800000| Untracked 
|  31|0x0000000607c00000, 0x0000000608000000, 0x0000000608000000|100%| O|  |TAMS 0x0000000607c00000| PB 0x0000000607c00000| Untracked 
|  32|0x0000000608000000, 0x0000000608400000, 0x0000000608400000|100%| O|  |TAMS 0x0000000608000000| PB 0x0000000608000000| Untracked 
|  33|0x0000000608400000, 0x0000000608800000, 0x0000000608800000|100%| O|  |TAMS 0x0000000608400000| PB 0x0000000608400000| Untracked 
|  34|0x0000000608800000, 0x0000000608c00000, 0x0000000608c00000|100%| O|  |TAMS 0x0000000608800000| PB 0x0000000608800000| Untracked 
|  35|0x0000000608c00000, 0x0000000609000000, 0x0000000609000000|100%| O|  |TAMS 0x0000000608c00000| PB 0x0000000608c00000| Untracked 
|  36|0x0000000609000000, 0x0000000609400000, 0x0000000609400000|100%| O|  |TAMS 0x0000000609000000| PB 0x0000000609000000| Untracked 
|  37|0x0000000609400000, 0x0000000609800000, 0x0000000609800000|100%| O|  |TAMS 0x0000000609400000| PB 0x0000000609400000| Untracked 
|  38|0x0000000609800000, 0x0000000609c00000, 0x0000000609c00000|100%| O|  |TAMS 0x0000000609800000| PB 0x0000000609800000| Untracked 
|  39|0x0000000609c00000, 0x000000060a000000, 0x000000060a000000|100%| O|  |TAMS 0x0000000609c00000| PB 0x0000000609c00000| Untracked 
|  40|0x000000060a000000, 0x000000060a400000, 0x000000060a400000|100%| O|  |TAMS 0x000000060a000000| PB 0x000000060a000000| Untracked 
|  41|0x000000060a400000, 0x000000060a800000, 0x000000060a800000|100%| O|  |TAMS 0x000000060a400000| PB 0x000000060a400000| Untracked 
|  42|0x000000060a800000, 0x000000060ac00000, 0x000000060ac00000|100%| O|  |TAMS 0x000000060a800000| PB 0x000000060a800000| Untracked 
|  43|0x000000060ac00000, 0x000000060ac00000, 0x000000060b000000|  0%| F|  |TAMS 0x000000060ac00000| PB 0x000000060ac00000| Untracked 
|  44|0x000000060b000000, 0x000000060b400000, 0x000000060b400000|100%| O|  |TAMS 0x000000060b000000| PB 0x000000060b000000| Untracked 
|  45|0x000000060b400000, 0x000000060b800000, 0x000000060b800000|100%| O|  |TAMS 0x000000060b400000| PB 0x000000060b400000| Untracked 
|  46|0x000000060b800000, 0x000000060bc00000, 0x000000060bc00000|100%| O|  |TAMS 0x000000060b800000| PB 0x000000060b800000| Untracked 
|  47|0x000000060bc00000, 0x000000060c000000, 0x000000060c000000|100%| O|  |TAMS 0x000000060bc00000| PB 0x000000060bc00000| Untracked 
|  48|0x000000060c000000, 0x000000060c400000, 0x000000060c400000|100%| O|  |TAMS 0x000000060c000000| PB 0x000000060c000000| Untracked 
|  49|0x000000060c400000, 0x000000060c800000, 0x000000060c800000|100%| O|  |TAMS 0x000000060c400000| PB 0x000000060c400000| Untracked 
|  50|0x000000060c800000, 0x000000060cc00000, 0x000000060cc00000|100%| O|  |TAMS 0x000000060c800000| PB 0x000000060c800000| Untracked 
|  51|0x000000060cc00000, 0x000000060d000000, 0x000000060d000000|100%| O|  |TAMS 0x000000060cc00000| PB 0x000000060cc00000| Untracked 
|  52|0x000000060d000000, 0x000000060d400000, 0x000000060d400000|100%| O|  |TAMS 0x000000060d000000| PB 0x000000060d000000| Untracked 
|  53|0x000000060d400000, 0x000000060d800000, 0x000000060d800000|100%| O|  |TAMS 0x000000060d400000| PB 0x000000060d400000| Untracked 
|  54|0x000000060d800000, 0x000000060dc00000, 0x000000060dc00000|100%| O|  |TAMS 0x000000060d800000| PB 0x000000060d800000| Untracked 
|  55|0x000000060dc00000, 0x000000060e000000, 0x000000060e000000|100%| O|  |TAMS 0x000000060dc00000| PB 0x000000060dc00000| Untracked 
|  56|0x000000060e000000, 0x000000060e400000, 0x000000060e400000|100%| O|  |TAMS 0x000000060e000000| PB 0x000000060e000000| Untracked 
|  57|0x000000060e400000, 0x000000060e800000, 0x000000060e800000|100%| O|  |TAMS 0x000000060e400000| PB 0x000000060e400000| Untracked 
|  58|0x000000060e800000, 0x000000060ec00000, 0x000000060ec00000|100%| O|  |TAMS 0x000000060e800000| PB 0x000000060e800000| Untracked 
|  59|0x000000060ec00000, 0x000000060f000000, 0x000000060f000000|100%| O|  |TAMS 0x000000060ec00000| PB 0x000000060ec00000| Untracked 
|  60|0x000000060f000000, 0x000000060f400000, 0x000000060f400000|100%| O|  |TAMS 0x000000060f000000| PB 0x000000060f000000| Untracked 
|  61|0x000000060f400000, 0x000000060f800000, 0x000000060f800000|100%| O|  |TAMS 0x000000060f400000| PB 0x000000060f400000| Untracked 
|  62|0x000000060f800000, 0x000000060fa58430, 0x000000060fc00000| 58%| O|  |TAMS 0x000000060f800000| PB 0x000000060f800000| Untracked 
|  63|0x000000060fc00000, 0x0000000610000000, 0x0000000610000000|100%| O|  |TAMS 0x000000060fc00000| PB 0x000000060fc00000| Untracked 
|  64|0x0000000610000000, 0x0000000610400000, 0x0000000610400000|100%| O|  |TAMS 0x0000000610000000| PB 0x0000000610000000| Untracked 
|  65|0x0000000610400000, 0x0000000610800000, 0x0000000610800000|100%| O|  |TAMS 0x0000000610400000| PB 0x0000000610400000| Untracked 
|  66|0x0000000610800000, 0x0000000610c00000, 0x0000000610c00000|100%| O|  |TAMS 0x0000000610800000| PB 0x0000000610800000| Untracked 
|  67|0x0000000610c00000, 0x0000000611000000, 0x0000000611000000|100%| O|  |TAMS 0x0000000610c00000| PB 0x0000000610c00000| Untracked 
|  68|0x0000000611000000, 0x0000000611400000, 0x0000000611400000|100%| O|  |TAMS 0x0000000611000000| PB 0x0000000611000000| Untracked 
|  69|0x0000000611400000, 0x0000000611800000, 0x0000000611800000|100%| O|  |TAMS 0x0000000611400000| PB 0x0000000611400000| Untracked 
|  70|0x0000000611800000, 0x0000000611c00000, 0x0000000611c00000|100%| O|  |TAMS 0x0000000611800000| PB 0x0000000611800000| Untracked 
|  71|0x0000000611c00000, 0x0000000612000000, 0x0000000612000000|100%| O|  |TAMS 0x0000000611c00000| PB 0x0000000611c00000| Untracked 
|  72|0x0000000612000000, 0x0000000612400000, 0x0000000612400000|100%| O|  |TAMS 0x0000000612000000| PB 0x0000000612000000| Untracked 
|  73|0x0000000612400000, 0x0000000612800000, 0x0000000612800000|100%| O|  |TAMS 0x0000000612400000| PB 0x0000000612400000| Untracked 
|  74|0x0000000612800000, 0x0000000612c00000, 0x0000000612c00000|100%| O|  |TAMS 0x0000000612800000| PB 0x0000000612800000| Untracked 
|  75|0x0000000612c00000, 0x0000000612fd6820, 0x0000000613000000| 95%| O|  |TAMS 0x0000000612c00000| PB 0x0000000612c00000| Untracked 
|  76|0x0000000613000000, 0x0000000613000000, 0x0000000613400000|  0%| F|  |TAMS 0x0000000613000000| PB 0x0000000613000000| Untracked 
|  77|0x0000000613400000, 0x0000000613400000, 0x0000000613800000|  0%| F|  |TAMS 0x0000000613400000| PB 0x0000000613400000| Untracked 
|  78|0x0000000613800000, 0x0000000613800000, 0x0000000613c00000|  0%| F|  |TAMS 0x0000000613800000| PB 0x0000000613800000| Untracked 
|  79|0x0000000613c00000, 0x0000000613c00000, 0x0000000614000000|  0%| F|  |TAMS 0x0000000613c00000| PB 0x0000000613c00000| Untracked 
|  80|0x0000000614000000, 0x0000000614000000, 0x0000000614400000|  0%| F|  |TAMS 0x0000000614000000| PB 0x0000000614000000| Untracked 
|  81|0x0000000614400000, 0x0000000614400000, 0x0000000614800000|  0%| F|  |TAMS 0x0000000614400000| PB 0x0000000614400000| Untracked 
|  82|0x0000000614800000, 0x0000000614800000, 0x0000000614c00000|  0%| F|  |TAMS 0x0000000614800000| PB 0x0000000614800000| Untracked 
|  83|0x0000000614c00000, 0x0000000614c00000, 0x0000000615000000|  0%| F|  |TAMS 0x0000000614c00000| PB 0x0000000614c00000| Untracked 
|  84|0x0000000615000000, 0x0000000615000000, 0x0000000615400000|  0%| F|  |TAMS 0x0000000615000000| PB 0x0000000615000000| Untracked 
|  85|0x0000000615400000, 0x0000000615400000, 0x0000000615800000|  0%| F|  |TAMS 0x0000000615400000| PB 0x0000000615400000| Untracked 
|  86|0x0000000615800000, 0x0000000615800000, 0x0000000615c00000|  0%| F|  |TAMS 0x0000000615800000| PB 0x0000000615800000| Untracked 
|  87|0x0000000615c00000, 0x0000000615c00000, 0x0000000616000000|  0%| F|  |TAMS 0x0000000615c00000| PB 0x0000000615c00000| Untracked 
|  88|0x0000000616000000, 0x0000000616000000, 0x0000000616400000|  0%| F|  |TAMS 0x0000000616000000| PB 0x0000000616000000| Untracked 
|  89|0x0000000616400000, 0x0000000616400000, 0x0000000616800000|  0%| F|  |TAMS 0x0000000616400000| PB 0x0000000616400000| Untracked 
|  90|0x0000000616800000, 0x0000000616800000, 0x0000000616c00000|  0%| F|  |TAMS 0x0000000616800000| PB 0x0000000616800000| Untracked 
|  91|0x0000000616c00000, 0x0000000616c00000, 0x0000000617000000|  0%| F|  |TAMS 0x0000000616c00000| PB 0x0000000616c00000| Untracked 
|  92|0x0000000617000000, 0x0000000617000000, 0x0000000617400000|  0%| F|  |TAMS 0x0000000617000000| PB 0x0000000617000000| Untracked 
|  93|0x0000000617400000, 0x0000000617400000, 0x0000000617800000|  0%| F|  |TAMS 0x0000000617400000| PB 0x0000000617400000| Untracked 
|  94|0x0000000617800000, 0x0000000617800000, 0x0000000617c00000|  0%| F|  |TAMS 0x0000000617800000| PB 0x0000000617800000| Untracked 
|  95|0x0000000617c00000, 0x0000000617c00000, 0x0000000618000000|  0%| F|  |TAMS 0x0000000617c00000| PB 0x0000000617c00000| Untracked 
|  96|0x0000000618000000, 0x0000000618000000, 0x0000000618400000|  0%| F|  |TAMS 0x0000000618000000| PB 0x0000000618000000| Untracked 
|  97|0x0000000618400000, 0x0000000618400000, 0x0000000618800000|  0%| F|  |TAMS 0x0000000618400000| PB 0x0000000618400000| Untracked 
|  98|0x0000000618800000, 0x0000000618800000, 0x0000000618c00000|  0%| F|  |TAMS 0x0000000618800000| PB 0x0000000618800000| Untracked 
|  99|0x0000000618c00000, 0x0000000618c00000, 0x0000000619000000|  0%| F|  |TAMS 0x0000000618c00000| PB 0x0000000618c00000| Untracked 
| 100|0x0000000619000000, 0x0000000619000000, 0x0000000619400000|  0%| F|  |TAMS 0x0000000619000000| PB 0x0000000619000000| Untracked 
| 101|0x0000000619400000, 0x0000000619400000, 0x0000000619800000|  0%| F|  |TAMS 0x0000000619400000| PB 0x0000000619400000| Untracked 
| 102|0x0000000619800000, 0x0000000619800000, 0x0000000619c00000|  0%| F|  |TAMS 0x0000000619800000| PB 0x0000000619800000| Untracked 
| 103|0x0000000619c00000, 0x0000000619c00000, 0x000000061a000000|  0%| F|  |TAMS 0x0000000619c00000| PB 0x0000000619c00000| Untracked 
| 104|0x000000061a000000, 0x000000061a000000, 0x000000061a400000|  0%| F|  |TAMS 0x000000061a000000| PB 0x000000061a000000| Untracked 
| 105|0x000000061a400000, 0x000000061a400000, 0x000000061a800000|  0%| F|  |TAMS 0x000000061a400000| PB 0x000000061a400000| Untracked 
| 106|0x000000061a800000, 0x000000061a800000, 0x000000061ac00000|  0%| F|  |TAMS 0x000000061a800000| PB 0x000000061a800000| Untracked 
| 107|0x000000061ac00000, 0x000000061ac00000, 0x000000061b000000|  0%| F|  |TAMS 0x000000061ac00000| PB 0x000000061ac00000| Untracked 
| 108|0x000000061b000000, 0x000000061b000000, 0x000000061b400000|  0%| F|  |TAMS 0x000000061b000000| PB 0x000000061b000000| Untracked 
| 109|0x000000061b400000, 0x000000061b400000, 0x000000061b800000|  0%| F|  |TAMS 0x000000061b400000| PB 0x000000061b400000| Untracked 
| 110|0x000000061b800000, 0x000000061b800000, 0x000000061bc00000|  0%| F|  |TAMS 0x000000061b800000| PB 0x000000061b800000| Untracked 
| 111|0x000000061bc00000, 0x000000061bc00000, 0x000000061c000000|  0%| F|  |TAMS 0x000000061bc00000| PB 0x000000061bc00000| Untracked 
| 112|0x000000061c000000, 0x000000061c000000, 0x000000061c400000|  0%| F|  |TAMS 0x000000061c000000| PB 0x000000061c000000| Untracked 
| 113|0x000000061c400000, 0x000000061c400000, 0x000000061c800000|  0%| F|  |TAMS 0x000000061c400000| PB 0x000000061c400000| Untracked 
| 114|0x000000061c800000, 0x000000061c800000, 0x000000061cc00000|  0%| F|  |TAMS 0x000000061c800000| PB 0x000000061c800000| Untracked 
| 115|0x000000061cc00000, 0x000000061cc00000, 0x000000061d000000|  0%| F|  |TAMS 0x000000061cc00000| PB 0x000000061cc00000| Untracked 
| 116|0x000000061d000000, 0x000000061d000000, 0x000000061d400000|  0%| F|  |TAMS 0x000000061d000000| PB 0x000000061d000000| Untracked 
| 117|0x000000061d400000, 0x000000061d400000, 0x000000061d800000|  0%| F|  |TAMS 0x000000061d400000| PB 0x000000061d400000| Untracked 
| 118|0x000000061d800000, 0x000000061d800000, 0x000000061dc00000|  0%| F|  |TAMS 0x000000061d800000| PB 0x000000061d800000| Untracked 
| 119|0x000000061dc00000, 0x000000061dc00000, 0x000000061e000000|  0%| F|  |TAMS 0x000000061dc00000| PB 0x000000061dc00000| Untracked 
| 120|0x000000061e000000, 0x000000061e000000, 0x000000061e400000|  0%| F|  |TAMS 0x000000061e000000| PB 0x000000061e000000| Untracked 
| 121|0x000000061e400000, 0x000000061e400000, 0x000000061e800000|  0%| F|  |TAMS 0x000000061e400000| PB 0x000000061e400000| Untracked 
| 122|0x000000061e800000, 0x000000061e800000, 0x000000061ec00000|  0%| F|  |TAMS 0x000000061e800000| PB 0x000000061e800000| Untracked 
| 123|0x000000061ec00000, 0x000000061ec00000, 0x000000061f000000|  0%| F|  |TAMS 0x000000061ec00000| PB 0x000000061ec00000| Untracked 
| 124|0x000000061f000000, 0x000000061f000000, 0x000000061f400000|  0%| F|  |TAMS 0x000000061f000000| PB 0x000000061f000000| Untracked 
| 125|0x000000061f400000, 0x000000061f400000, 0x000000061f800000|  0%| F|  |TAMS 0x000000061f400000| PB 0x000000061f400000| Untracked 
| 126|0x000000061f800000, 0x000000061f800000, 0x000000061fc00000|  0%| F|  |TAMS 0x000000061f800000| PB 0x000000061f800000| Untracked 
| 127|0x000000061fc00000, 0x000000061fc00000, 0x0000000620000000|  0%| F|  |TAMS 0x000000061fc00000| PB 0x000000061fc00000| Untracked 
| 128|0x0000000620000000, 0x0000000620000000, 0x0000000620400000|  0%| F|  |TAMS 0x0000000620000000| PB 0x0000000620000000| Untracked 
| 129|0x0000000620400000, 0x0000000620400000, 0x0000000620800000|  0%| F|  |TAMS 0x0000000620400000| PB 0x0000000620400000| Untracked 
| 130|0x0000000620800000, 0x0000000620800000, 0x0000000620c00000|  0%| F|  |TAMS 0x0000000620800000| PB 0x0000000620800000| Untracked 
| 131|0x0000000620c00000, 0x0000000620c00000, 0x0000000621000000|  0%| F|  |TAMS 0x0000000620c00000| PB 0x0000000620c00000| Untracked 
| 132|0x0000000621000000, 0x0000000621000000, 0x0000000621400000|  0%| F|  |TAMS 0x0000000621000000| PB 0x0000000621000000| Untracked 
| 133|0x0000000621400000, 0x0000000621400000, 0x0000000621800000|  0%| F|  |TAMS 0x0000000621400000| PB 0x0000000621400000| Untracked 
| 134|0x0000000621800000, 0x0000000621800000, 0x0000000621c00000|  0%| F|  |TAMS 0x0000000621800000| PB 0x0000000621800000| Untracked 
| 135|0x0000000621c00000, 0x0000000621c00000, 0x0000000622000000|  0%| F|  |TAMS 0x0000000621c00000| PB 0x0000000621c00000| Untracked 
| 136|0x0000000622000000, 0x0000000622000000, 0x0000000622400000|  0%| F|  |TAMS 0x0000000622000000| PB 0x0000000622000000| Untracked 
| 137|0x0000000622400000, 0x0000000622400000, 0x0000000622800000|  0%| F|  |TAMS 0x0000000622400000| PB 0x0000000622400000| Untracked 
| 138|0x0000000622800000, 0x0000000622800000, 0x0000000622c00000|  0%| F|  |TAMS 0x0000000622800000| PB 0x0000000622800000| Untracked 
| 139|0x0000000622c00000, 0x0000000622c00000, 0x0000000623000000|  0%| F|  |TAMS 0x0000000622c00000| PB 0x0000000622c00000| Untracked 
| 140|0x0000000623000000, 0x0000000623000000, 0x0000000623400000|  0%| F|  |TAMS 0x0000000623000000| PB 0x0000000623000000| Untracked 
| 141|0x0000000623400000, 0x0000000623400000, 0x0000000623800000|  0%| F|  |TAMS 0x0000000623400000| PB 0x0000000623400000| Untracked 
| 142|0x0000000623800000, 0x0000000623800000, 0x0000000623c00000|  0%| F|  |TAMS 0x0000000623800000| PB 0x0000000623800000| Untracked 
| 143|0x0000000623c00000, 0x0000000623c00000, 0x0000000624000000|  0%| F|  |TAMS 0x0000000623c00000| PB 0x0000000623c00000| Untracked 
| 144|0x0000000624000000, 0x0000000624000000, 0x0000000624400000|  0%| F|  |TAMS 0x0000000624000000| PB 0x0000000624000000| Untracked 
| 145|0x0000000624400000, 0x0000000624400000, 0x0000000624800000|  0%| F|  |TAMS 0x0000000624400000| PB 0x0000000624400000| Untracked 
| 146|0x0000000624800000, 0x0000000624800000, 0x0000000624c00000|  0%| F|  |TAMS 0x0000000624800000| PB 0x0000000624800000| Untracked 
| 147|0x0000000624c00000, 0x0000000624c00000, 0x0000000625000000|  0%| F|  |TAMS 0x0000000624c00000| PB 0x0000000624c00000| Untracked 
| 148|0x0000000625000000, 0x0000000625000000, 0x0000000625400000|  0%| F|  |TAMS 0x0000000625000000| PB 0x0000000625000000| Untracked 
| 149|0x0000000625400000, 0x0000000625400000, 0x0000000625800000|  0%| F|  |TAMS 0x0000000625400000| PB 0x0000000625400000| Untracked 
| 150|0x0000000625800000, 0x0000000625800000, 0x0000000625c00000|  0%| F|  |TAMS 0x0000000625800000| PB 0x0000000625800000| Untracked 
| 151|0x0000000625c00000, 0x0000000625c00000, 0x0000000626000000|  0%| F|  |TAMS 0x0000000625c00000| PB 0x0000000625c00000| Untracked 
| 152|0x0000000626000000, 0x0000000626000000, 0x0000000626400000|  0%| F|  |TAMS 0x0000000626000000| PB 0x0000000626000000| Untracked 
| 153|0x0000000626400000, 0x0000000626400000, 0x0000000626800000|  0%| F|  |TAMS 0x0000000626400000| PB 0x0000000626400000| Untracked 
| 154|0x0000000626800000, 0x0000000626800000, 0x0000000626c00000|  0%| F|  |TAMS 0x0000000626800000| PB 0x0000000626800000| Untracked 
| 155|0x0000000626c00000, 0x0000000626c00000, 0x0000000627000000|  0%| F|  |TAMS 0x0000000626c00000| PB 0x0000000626c00000| Untracked 
| 156|0x0000000627000000, 0x0000000627000000, 0x0000000627400000|  0%| F|  |TAMS 0x0000000627000000| PB 0x0000000627000000| Untracked 
| 157|0x0000000627400000, 0x0000000627400000, 0x0000000627800000|  0%| F|  |TAMS 0x0000000627400000| PB 0x0000000627400000| Untracked 
| 158|0x0000000627800000, 0x0000000627800000, 0x0000000627c00000|  0%| F|  |TAMS 0x0000000627800000| PB 0x0000000627800000| Untracked 
| 159|0x0000000627c00000, 0x0000000627c00000, 0x0000000628000000|  0%| F|  |TAMS 0x0000000627c00000| PB 0x0000000627c00000| Untracked 
| 160|0x0000000628000000, 0x0000000628000000, 0x0000000628400000|  0%| F|  |TAMS 0x0000000628000000| PB 0x0000000628000000| Untracked 
| 161|0x0000000628400000, 0x0000000628400000, 0x0000000628800000|  0%| F|  |TAMS 0x0000000628400000| PB 0x0000000628400000| Untracked 
| 162|0x0000000628800000, 0x0000000628800000, 0x0000000628c00000|  0%| F|  |TAMS 0x0000000628800000| PB 0x0000000628800000| Untracked 
| 163|0x0000000628c00000, 0x0000000628c00000, 0x0000000629000000|  0%| F|  |TAMS 0x0000000628c00000| PB 0x0000000628c00000| Untracked 
| 164|0x0000000629000000, 0x0000000629000000, 0x0000000629400000|  0%| F|  |TAMS 0x0000000629000000| PB 0x0000000629000000| Untracked 
| 165|0x0000000629400000, 0x0000000629400000, 0x0000000629800000|  0%| F|  |TAMS 0x0000000629400000| PB 0x0000000629400000| Untracked 
| 166|0x0000000629800000, 0x0000000629800000, 0x0000000629c00000|  0%| F|  |TAMS 0x0000000629800000| PB 0x0000000629800000| Untracked 
| 167|0x0000000629c00000, 0x0000000629c00000, 0x000000062a000000|  0%| F|  |TAMS 0x0000000629c00000| PB 0x0000000629c00000| Untracked 
| 168|0x000000062a000000, 0x000000062a000000, 0x000000062a400000|  0%| F|  |TAMS 0x000000062a000000| PB 0x000000062a000000| Untracked 
| 169|0x000000062a400000, 0x000000062a400000, 0x000000062a800000|  0%| F|  |TAMS 0x000000062a400000| PB 0x000000062a400000| Untracked 
| 170|0x000000062a800000, 0x000000062a800000, 0x000000062ac00000|  0%| F|  |TAMS 0x000000062a800000| PB 0x000000062a800000| Untracked 
| 171|0x000000062ac00000, 0x000000062ac00000, 0x000000062b000000|  0%| F|  |TAMS 0x000000062ac00000| PB 0x000000062ac00000| Untracked 
| 172|0x000000062b000000, 0x000000062b000000, 0x000000062b400000|  0%| F|  |TAMS 0x000000062b000000| PB 0x000000062b000000| Untracked 
| 173|0x000000062b400000, 0x000000062b400000, 0x000000062b800000|  0%| F|  |TAMS 0x000000062b400000| PB 0x000000062b400000| Untracked 
| 174|0x000000062b800000, 0x000000062b800000, 0x000000062bc00000|  0%| F|  |TAMS 0x000000062b800000| PB 0x000000062b800000| Untracked 
| 175|0x000000062bc00000, 0x000000062bc00000, 0x000000062c000000|  0%| F|  |TAMS 0x000000062bc00000| PB 0x000000062bc00000| Untracked 
| 176|0x000000062c000000, 0x000000062c000000, 0x000000062c400000|  0%| F|  |TAMS 0x000000062c000000| PB 0x000000062c000000| Untracked 
| 177|0x000000062c400000, 0x000000062c400000, 0x000000062c800000|  0%| F|  |TAMS 0x000000062c400000| PB 0x000000062c400000| Untracked 
| 178|0x000000062c800000, 0x000000062c800000, 0x000000062cc00000|  0%| F|  |TAMS 0x000000062c800000| PB 0x000000062c800000| Untracked 
| 179|0x000000062cc00000, 0x000000062cc00000, 0x000000062d000000|  0%| F|  |TAMS 0x000000062cc00000| PB 0x000000062cc00000| Untracked 
| 180|0x000000062d000000, 0x000000062d000000, 0x000000062d400000|  0%| F|  |TAMS 0x000000062d000000| PB 0x000000062d000000| Untracked 
| 181|0x000000062d400000, 0x000000062d400000, 0x000000062d800000|  0%| F|  |TAMS 0x000000062d400000| PB 0x000000062d400000| Untracked 
| 182|0x000000062d800000, 0x000000062d800000, 0x000000062dc00000|  0%| F|  |TAMS 0x000000062d800000| PB 0x000000062d800000| Untracked 
| 183|0x000000062dc00000, 0x000000062dc00000, 0x000000062e000000|  0%| F|  |TAMS 0x000000062dc00000| PB 0x000000062dc00000| Untracked 
| 184|0x000000062e000000, 0x000000062e000000, 0x000000062e400000|  0%| F|  |TAMS 0x000000062e000000| PB 0x000000062e000000| Untracked 
| 185|0x000000062e400000, 0x000000062e400000, 0x000000062e800000|  0%| F|  |TAMS 0x000000062e400000| PB 0x000000062e400000| Untracked 
| 186|0x000000062e800000, 0x000000062e800000, 0x000000062ec00000|  0%| F|  |TAMS 0x000000062e800000| PB 0x000000062e800000| Untracked 
| 187|0x000000062ec00000, 0x000000062ec00000, 0x000000062f000000|  0%| F|  |TAMS 0x000000062ec00000| PB 0x000000062ec00000| Untracked 
| 188|0x000000062f000000, 0x000000062f000000, 0x000000062f400000|  0%| F|  |TAMS 0x000000062f000000| PB 0x000000062f000000| Untracked 
| 189|0x000000062f400000, 0x000000062f400000, 0x000000062f800000|  0%| F|  |TAMS 0x000000062f400000| PB 0x000000062f400000| Untracked 
| 190|0x000000062f800000, 0x000000062f800000, 0x000000062fc00000|  0%| F|  |TAMS 0x000000062f800000| PB 0x000000062f800000| Untracked 
| 191|0x000000062fc00000, 0x000000062fc00000, 0x0000000630000000|  0%| F|  |TAMS 0x000000062fc00000| PB 0x000000062fc00000| Untracked 
| 192|0x0000000630000000, 0x0000000630000000, 0x0000000630400000|  0%| F|  |TAMS 0x0000000630000000| PB 0x0000000630000000| Untracked 
| 193|0x0000000630400000, 0x0000000630400000, 0x0000000630800000|  0%| F|  |TAMS 0x0000000630400000| PB 0x0000000630400000| Untracked 
| 194|0x0000000630800000, 0x0000000630800000, 0x0000000630c00000|  0%| F|  |TAMS 0x0000000630800000| PB 0x0000000630800000| Untracked 
| 195|0x0000000630c00000, 0x0000000630c00000, 0x0000000631000000|  0%| F|  |TAMS 0x0000000630c00000| PB 0x0000000630c00000| Untracked 
| 196|0x0000000631000000, 0x0000000631000000, 0x0000000631400000|  0%| F|  |TAMS 0x0000000631000000| PB 0x0000000631000000| Untracked 
| 197|0x0000000631400000, 0x0000000631400000, 0x0000000631800000|  0%| F|  |TAMS 0x0000000631400000| PB 0x0000000631400000| Untracked 
| 198|0x0000000631800000, 0x0000000631c00000, 0x0000000631c00000|100%| S|CS|TAMS 0x0000000631800000| PB 0x0000000631800000| Complete 
| 199|0x0000000631c00000, 0x0000000632000000, 0x0000000632000000|100%| S|CS|TAMS 0x0000000631c00000| PB 0x0000000631c00000| Complete 
| 200|0x0000000632000000, 0x0000000632000000, 0x0000000632400000|  0%| F|  |TAMS 0x0000000632000000| PB 0x0000000632000000| Untracked 
| 201|0x0000000632400000, 0x0000000632400000, 0x0000000632800000|  0%| F|  |TAMS 0x0000000632400000| PB 0x0000000632400000| Untracked 
| 202|0x0000000632800000, 0x0000000632800000, 0x0000000632c00000|  0%| F|  |TAMS 0x0000000632800000| PB 0x0000000632800000| Untracked 
| 203|0x0000000632c00000, 0x0000000632c00000, 0x0000000633000000|  0%| F|  |TAMS 0x0000000632c00000| PB 0x0000000632c00000| Untracked 
| 204|0x0000000633000000, 0x0000000633000000, 0x0000000633400000|  0%| F|  |TAMS 0x0000000633000000| PB 0x0000000633000000| Untracked 
| 205|0x0000000633400000, 0x0000000633400000, 0x0000000633800000|  0%| F|  |TAMS 0x0000000633400000| PB 0x0000000633400000| Untracked 
| 206|0x0000000633800000, 0x0000000633800000, 0x0000000633c00000|  0%| F|  |TAMS 0x0000000633800000| PB 0x0000000633800000| Untracked 
| 207|0x0000000633c00000, 0x0000000633c00000, 0x0000000634000000|  0%| F|  |TAMS 0x0000000633c00000| PB 0x0000000633c00000| Untracked 
| 208|0x0000000634000000, 0x0000000634000000, 0x0000000634400000|  0%| F|  |TAMS 0x0000000634000000| PB 0x0000000634000000| Untracked 
| 209|0x0000000634400000, 0x0000000634400000, 0x0000000634800000|  0%| F|  |TAMS 0x0000000634400000| PB 0x0000000634400000| Untracked 
| 210|0x0000000634800000, 0x0000000634800000, 0x0000000634c00000|  0%| F|  |TAMS 0x0000000634800000| PB 0x0000000634800000| Untracked 
| 211|0x0000000634c00000, 0x0000000634c00000, 0x0000000635000000|  0%| F|  |TAMS 0x0000000634c00000| PB 0x0000000634c00000| Untracked 
| 212|0x0000000635000000, 0x0000000635000000, 0x0000000635400000|  0%| F|  |TAMS 0x0000000635000000| PB 0x0000000635000000| Untracked 
|2043|0x00000007fec00000, 0x00000007ff000000, 0x00000007ff000000|100%| O|  |TAMS 0x00000007fec00000| PB 0x00000007fec00000| Untracked 
|2044|0x00000007ff000000, 0x00000007ff400000, 0x00000007ff400000|100%| O|  |TAMS 0x00000007ff000000| PB 0x00000007ff000000| Untracked 
|2046|0x00000007ff800000, 0x00000007ff800000, 0x00000007ffc00000|  0%| F|  |TAMS 0x00000007ff800000| PB 0x00000007ff800000| Untracked 
|2047|0x00000007ffc00000, 0x00000007ffc00000, 0x0000000800000000|  0%| F|  |TAMS 0x00000007ffc00000| PB 0x00000007ffc00000| Untracked 

Card table byte_map: [0x000001e8fc060000,0x000001e8fd060000] _byte_map_base: 0x000001e8f9060000

Marking Bits: (CMBitMap*) 0x000001e8f7f0abe0
 Bits: [0x000001e8a0000000, 0x000001e8a8000000)

Polling page: 0x000001e8f7620000

Metaspace:

Usage:
  Non-class:    162.57 MB used.
      Class:     24.70 MB used.
       Both:    187.27 MB used.

Virtual space:
  Non-class space:      192.00 MB reserved,     164.12 MB ( 85%) committed,  3 nodes.
      Class space:        1.00 GB reserved,      26.25 MB (  3%) committed,  1 nodes.
             Both:        1.19 GB reserved,     190.38 MB ( 16%) committed. 

Chunk freelists:
   Non-Class:  11.78 MB
       Class:  5.61 MB
        Both:  17.39 MB

MaxMetaspaceSize: 4.00 GB
CompressedClassSpaceSize: 1.00 GB
Initial GC threshold: 21.00 MB
Current GC threshold: 315.56 MB
CDS: on
 - commit_granule_bytes: 65536.
 - commit_granule_words: 8192.
 - virtual_space_node_default_size: 8388608.
 - enlarge_chunks_in_place: 1.
 - use_allocation_guard: 0.


Internal statistics:

num_allocs_failed_limit: 9.
num_arena_births: 5760.
num_arena_deaths: 130.
num_vsnodes_births: 4.
num_vsnodes_deaths: 0.
num_space_committed: 3045.
num_space_uncommitted: 0.
num_chunks_returned_to_freelist: 209.
num_chunks_taken_from_freelist: 14517.
num_chunk_merges: 70.
num_chunk_splits: 9756.
num_chunks_enlarged: 6586.
num_inconsistent_stats: 0.

CodeHeap 'non-profiled nmethods': size=259328Kb used=19495Kb max_used=19495Kb free=239832Kb
 bounds [0x000001e8902c0000, 0x000001e8915d0000, 0x000001e8a0000000]
CodeHeap 'profiled nmethods': size=259264Kb used=51985Kb max_used=51985Kb free=207278Kb
 bounds [0x000001e880000000, 0x000001e8832d0000, 0x000001e88fd30000]
CodeHeap 'non-nmethods': size=5696Kb used=2415Kb max_used=2478Kb free=3280Kb
 bounds [0x000001e88fd30000, 0x000001e88ffb0000, 0x000001e8902c0000]
CodeCache: size=524288Kb, used=73895Kb, max_used=73958Kb, free=450390Kb
 total_blobs=25318, nmethods=24090, adapters=1129, full_count=0
Compilation: enabled, stopped_count=0, restarted_count=0

Compilation events (20 events):
Event: 2800.522 Thread 0x000001e8ff221120 nmethod 30091 0x000001e8915b4a90 code [0x000001e8915b4c20, 0x000001e8915b4cf0]
Event: 2800.522 Thread 0x000001e8ff221120 30089       3       org.jetbrains.kotlin.metadata.ProtoBuf$Property::hasGetterFlags (20 bytes)
Event: 2800.522 Thread 0x000001e8ff221120 nmethod 30089 0x000001e8832c4390 code [0x000001e8832c4520, 0x000001e8832c4688]
Event: 2800.522 Thread 0x000001e8ff221120 30090       1       org.jetbrains.kotlin.fir.declarations.impl.FirConstructorImpl::getAttributes (5 bytes)
Event: 2800.522 Thread 0x000001e8ff221120 nmethod 30090 0x000001e8915b4d90 code [0x000001e8915b4f20, 0x000001e8915b4ff0]
Event: 2800.522 Thread 0x000001e8ff221120 30092       1       org.jetbrains.kotlin.fir.java.declarations.FirJavaMethod::getModuleData (5 bytes)
Event: 2800.522 Thread 0x000001e8ff221120 nmethod 30092 0x000001e8915b5090 code [0x000001e8915b5220, 0x000001e8915b52f0]
Event: 2801.776 Thread 0x000001e8ff1f0c00 nmethod 30075 0x000001e8915b5390 code [0x000001e8915b5e00, 0x000001e8915c2010]
Event: 2801.777 Thread 0x000001e8ff1f0c00 30080       4       org.jetbrains.kotlin.fir.declarations.impl.FirDeclarationStatusImpl::get (24 bytes)
Event: 2801.778 Thread 0x000001e8ff1f0c00 nmethod 30080 0x000001e8915c9390 code [0x000001e8915c9520, 0x000001e8915c95d0]
Event: 2801.778 Thread 0x000001e8ff1f0c00 30078       4       org.jetbrains.kotlin.cli.jvm.modules.CoreJrtVirtualFile::getParent (8 bytes)
Event: 2801.778 Thread 0x000001e8ff1f0c00 nmethod 30078 0x000001e8915c9690 code [0x000001e8915c9820, 0x000001e8915c98b0]
Event: 2801.916 Thread 0x000001e8ff221120 30096       1       org.jetbrains.kotlin.fir.java.declarations.FirJavaMethod::getAttributes (5 bytes)
Event: 2801.916 Thread 0x000001e8ff221120 nmethod 30096 0x000001e8915c9990 code [0x000001e8915c9b20, 0x000001e8915c9bf0]
Event: 2801.918 Thread 0x000001e8ff221120 30097   !   3       org.jetbrains.kotlin.util.AttributeArrayOwner::registerComponent (221 bytes)
Event: 2801.922 Thread 0x000001e8ff221120 nmethod 30097 0x000001e8832c4710 code [0x000001e8832c4d40, 0x000001e8832c8138]
Event: 2801.928 Thread 0x000001e8ff221120 30098       3       org.jetbrains.kotlin.resolve.calls.inference.model.NewConstraintSystemImpl::isMarkedNullable (18 bytes)
Event: 2801.928 Thread 0x000001e8ff221120 nmethod 30098 0x000001e8832c9410 code [0x000001e8832c9640, 0x000001e8832c9cd0]
Event: 2801.928 Thread 0x000001e8ff221120 30099       3       org.jetbrains.kotlin.types.model.TypeSystemContext::isFlexible (22 bytes)
Event: 2801.929 Thread 0x000001e8ff221120 nmethod 30099 0x000001e8832c9f10 code [0x000001e8832ca140, 0x000001e8832ca810]

GC Heap History (20 events):
Event: 2758.778 GC heap after
{Heap after GC invocations=120 (full 0):
 garbage-first heap   total 618496K, used 235650K [0x0000000600000000, 0x0000000800000000)
  region size 4096K, 2 young (8192K), 2 survivors (8192K)
 Metaspace       used 190430K, committed 193536K, reserved 1245184K
  class space    used 25253K, committed 26816K, reserved 1048576K
}
Event: 2764.945 GC heap before
{Heap before GC invocations=120 (full 0):
 garbage-first heap   total 618496K, used 301186K [0x0000000600000000, 0x0000000800000000)
  region size 4096K, 18 young (73728K), 2 survivors (8192K)
 Metaspace       used 190496K, committed 193664K, reserved 1245184K
  class space    used 25255K, committed 26816K, reserved 1048576K
}
Event: 2765.049 GC heap after
{Heap after GC invocations=121 (full 0):
 garbage-first heap   total 618496K, used 248132K [0x0000000600000000, 0x0000000800000000)
  region size 4096K, 3 young (12288K), 3 survivors (12288K)
 Metaspace       used 190496K, committed 193664K, reserved 1245184K
  class space    used 25255K, committed 26816K, reserved 1048576K
}
Event: 2765.579 GC heap before
{Heap before GC invocations=121 (full 0):
 garbage-first heap   total 618496K, used 264516K [0x0000000600000000, 0x0000000800000000)
  region size 4096K, 7 young (28672K), 3 survivors (12288K)
 Metaspace       used 190496K, committed 193664K, reserved 1245184K
  class space    used 25255K, committed 26816K, reserved 1048576K
}
Event: 2765.671 GC heap after
{Heap after GC invocations=122 (full 0):
 garbage-first heap   total 618496K, used 249856K [0x0000000600000000, 0x0000000800000000)
  region size 4096K, 1 young (4096K), 1 survivors (4096K)
 Metaspace       used 190496K, committed 193664K, reserved 1245184K
  class space    used 25255K, committed 26816K, reserved 1048576K
}
Event: 2768.596 GC heap before
{Heap before GC invocations=122 (full 0):
 garbage-first heap   total 618496K, used 282624K [0x0000000600000000, 0x0000000800000000)
  region size 4096K, 9 young (36864K), 1 survivors (4096K)
 Metaspace       used 190540K, committed 193728K, reserved 1245184K
  class space    used 25256K, committed 26816K, reserved 1048576K
}
Event: 2768.664 GC heap after
{Heap after GC invocations=123 (full 0):
 garbage-first heap   total 618496K, used 255429K [0x0000000600000000, 0x0000000800000000)
  region size 4096K, 2 young (8192K), 2 survivors (8192K)
 Metaspace       used 190540K, committed 193728K, reserved 1245184K
  class space    used 25256K, committed 26816K, reserved 1048576K
}
Event: 2771.474 GC heap before
{Heap before GC invocations=123 (full 0):
 garbage-first heap   total 618496K, used 275909K [0x0000000600000000, 0x0000000800000000)
  region size 4096K, 7 young (28672K), 2 survivors (8192K)
 Metaspace       used 190614K, committed 193792K, reserved 1245184K
  class space    used 25257K, committed 26816K, reserved 1048576K
}
Event: 2771.698 GC heap after
{Heap after GC invocations=124 (full 0):
 garbage-first heap   total 618496K, used 256948K [0x0000000600000000, 0x0000000800000000)
  region size 4096K, 1 young (4096K), 1 survivors (4096K)
 Metaspace       used 190614K, committed 193792K, reserved 1245184K
  class space    used 25257K, committed 26816K, reserved 1048576K
}
Event: 2773.398 GC heap before
{Heap before GC invocations=124 (full 0):
 garbage-first heap   total 618496K, used 285620K [0x0000000600000000, 0x0000000800000000)
  region size 4096K, 8 young (32768K), 1 survivors (4096K)
 Metaspace       used 190656K, committed 193792K, reserved 1245184K
  class space    used 25257K, committed 26816K, reserved 1048576K
}
Event: 2773.469 GC heap after
{Heap after GC invocations=125 (full 0):
 garbage-first heap   total 1052672K, used 268641K [0x0000000600000000, 0x0000000800000000)
  region size 4096K, 1 young (4096K), 1 survivors (4096K)
 Metaspace       used 190656K, committed 193792K, reserved 1245184K
  class space    used 25257K, committed 26816K, reserved 1048576K
}
Event: 2784.489 GC heap before
{Heap before GC invocations=126 (full 0):
 garbage-first heap   total 888832K, used 301409K [0x0000000600000000, 0x0000000800000000)
  region size 4096K, 10 young (40960K), 1 survivors (4096K)
 Metaspace       used 191191K, committed 194368K, reserved 1245184K
  class space    used 25266K, committed 26816K, reserved 1048576K
}
Event: 2784.567 GC heap after
{Heap after GC invocations=127 (full 0):
 garbage-first heap   total 888832K, used 272737K [0x0000000600000000, 0x0000000800000000)
  region size 4096K, 2 young (8192K), 2 survivors (8192K)
 Metaspace       used 191191K, committed 194368K, reserved 1245184K
  class space    used 25266K, committed 26816K, reserved 1048576K
}
Event: 2785.181 GC heap before
{Heap before GC invocations=127 (full 0):
 garbage-first heap   total 888832K, used 305505K [0x0000000600000000, 0x0000000800000000)
  region size 4096K, 10 young (40960K), 2 survivors (8192K)
 Metaspace       used 191192K, committed 194368K, reserved 1245184K
  class space    used 25266K, committed 26816K, reserved 1048576K
}
Event: 2785.285 GC heap after
{Heap after GC invocations=128 (full 0):
 garbage-first heap   total 888832K, used 285025K [0x0000000600000000, 0x0000000800000000)
  region size 4096K, 2 young (8192K), 2 survivors (8192K)
 Metaspace       used 191192K, committed 194368K, reserved 1245184K
  class space    used 25266K, committed 26816K, reserved 1048576K
}
Event: 2785.476 GC heap before
{Heap before GC invocations=128 (full 0):
 garbage-first heap   total 888832K, used 317793K [0x0000000600000000, 0x0000000800000000)
  region size 4096K, 10 young (40960K), 2 survivors (8192K)
 Metaspace       used 191203K, committed 194368K, reserved 1245184K
  class space    used 25266K, committed 26816K, reserved 1048576K
}
Event: 2785.562 GC heap after
{Heap after GC invocations=129 (full 0):
 garbage-first heap   total 888832K, used 297313K [0x0000000600000000, 0x0000000800000000)
  region size 4096K, 2 young (8192K), 2 survivors (8192K)
 Metaspace       used 191203K, committed 194368K, reserved 1245184K
  class space    used 25266K, committed 26816K, reserved 1048576K
}
Event: 2787.211 GC heap before
{Heap before GC invocations=129 (full 0):
 garbage-first heap   total 888832K, used 325985K [0x0000000600000000, 0x0000000800000000)
  region size 4096K, 10 young (40960K), 2 survivors (8192K)
 Metaspace       used 191462K, committed 194560K, reserved 1245184K
  class space    used 25275K, committed 26816K, reserved 1048576K
}
Event: 2787.263 GC heap after
{Heap after GC invocations=130 (full 0):
 garbage-first heap   total 888832K, used 306946K [0x0000000600000000, 0x0000000800000000)
  region size 4096K, 2 young (8192K), 2 survivors (8192K)
 Metaspace       used 191462K, committed 194560K, reserved 1245184K
  class space    used 25275K, committed 26816K, reserved 1048576K
}
Event: 2801.980 GC heap before
{Heap before GC invocations=130 (full 0):
 garbage-first heap   total 888832K, used 356098K [0x0000000600000000, 0x0000000800000000)
  region size 4096K, 15 young (61440K), 2 survivors (8192K)
 Metaspace       used 191766K, committed 194944K, reserved 1245184K
  class space    used 25290K, committed 26880K, reserved 1048576K
}

Dll operation events (20 events):
Event: 2.821 Attempting to load shared library C:\Users\ELLENT\.vscode\extensions\redhat.java-1.56.0-win32-x64\jre\21.0.12.1-win32-x86_64\bin\zip.dll
Event: 2.821 Loaded shared library C:\Users\ELLENT\.vscode\extensions\redhat.java-1.56.0-win32-x64\jre\21.0.12.1-win32-x86_64\bin\zip.dll
Event: 7.436 Attempting to load shared library C:\Users\ELLENT\.vscode\extensions\redhat.java-1.56.0-win32-x64\jre\21.0.12.1-win32-x86_64\bin\jimage.dll
Event: 7.436 Loaded shared library C:\Users\ELLENT\.vscode\extensions\redhat.java-1.56.0-win32-x64\jre\21.0.12.1-win32-x86_64\bin\jimage.dll
Event: 13.001 Attempting to load shared library C:\Users\ELLENT\.vscode\extensions\redhat.java-1.56.0-win32-x64\jre\21.0.12.1-win32-x86_64\bin\verify.dll
Event: 13.005 Loaded shared library C:\Users\ELLENT\.vscode\extensions\redhat.java-1.56.0-win32-x64\jre\21.0.12.1-win32-x86_64\bin\verify.dll
Event: 13.556 Attempting to load shared library C:\Users\ELLENT\.gradle\native\660c5614fbf4a5f2a75b1949f50a0caf5cd603558e7d8a26e50b933a0cfb79d1\windows-amd64\native-platform.dll
Event: 13.563 Loaded shared library C:\Users\ELLENT\.gradle\native\660c5614fbf4a5f2a75b1949f50a0caf5cd603558e7d8a26e50b933a0cfb79d1\windows-amd64\native-platform.dll
Event: 13.628 Attempting to load shared library C:\Users\ELLENT\.gradle\native\0.2.8\x86_64-windows-gnu\gradle-fileevents.dll
Event: 14.733 Loaded shared library C:\Users\ELLENT\.gradle\native\0.2.8\x86_64-windows-gnu\gradle-fileevents.dll
Event: 41.440 Attempting to load shared library C:\Users\ELLENT\.vscode\extensions\redhat.java-1.56.0-win32-x64\jre\21.0.12.1-win32-x86_64\bin\management.dll
Event: 41.442 Loaded shared library C:\Users\ELLENT\.vscode\extensions\redhat.java-1.56.0-win32-x64\jre\21.0.12.1-win32-x86_64\bin\management.dll
Event: 41.446 Attempting to load shared library C:\Users\ELLENT\.vscode\extensions\redhat.java-1.56.0-win32-x64\jre\21.0.12.1-win32-x86_64\bin\management_ext.dll
Event: 41.451 Loaded shared library C:\Users\ELLENT\.vscode\extensions\redhat.java-1.56.0-win32-x64\jre\21.0.12.1-win32-x86_64\bin\management_ext.dll
Event: 45.817 Attempting to load shared library C:\Users\ELLENT\.vscode\extensions\redhat.java-1.56.0-win32-x64\jre\21.0.12.1-win32-x86_64\bin\extnet.dll
Event: 45.818 Loaded shared library C:\Users\ELLENT\.vscode\extensions\redhat.java-1.56.0-win32-x64\jre\21.0.12.1-win32-x86_64\bin\extnet.dll
Event: 49.684 Attempting to load shared library C:\Users\ELLENT\.vscode\extensions\redhat.java-1.56.0-win32-x64\jre\21.0.12.1-win32-x86_64\bin\sunmscapi.dll
Event: 50.047 Loaded shared library C:\Users\ELLENT\.vscode\extensions\redhat.java-1.56.0-win32-x64\jre\21.0.12.1-win32-x86_64\bin\sunmscapi.dll
Event: 461.755 Attempting to load shared library C:\Users\ELLENT\.vscode\extensions\redhat.java-1.56.0-win32-x64\jre\21.0.12.1-win32-x86_64\bin\rmi.dll
Event: 462.939 Loaded shared library C:\Users\ELLENT\.vscode\extensions\redhat.java-1.56.0-win32-x64\jre\21.0.12.1-win32-x86_64\bin\rmi.dll

Deoptimization events (20 events):
Event: 2783.276 Thread 0x000001e8edb32860 DEOPT PACKING pc=0x000001e8908d7ee4 sp=0x0000006dadbf6e80
Event: 2783.276 Thread 0x000001e8edb32860 DEOPT UNPACKING pc=0x000001e88fd84422 sp=0x0000006dadbf6e50 mode 2
Event: 2783.550 Thread 0x000001e8edb32860 Uncommon trap: trap_request=0xffffffde fr.pc=0x000001e891362464 relative=0x0000000000000384
Event: 2783.550 Thread 0x000001e8edb32860 Uncommon trap: reason=class_check action=maybe_recompile pc=0x000001e891362464 method=java.util.Collections.swap(Ljava/util/List;II)V @ 8 c2
Event: 2783.550 Thread 0x000001e8edb32860 DEOPT PACKING pc=0x000001e891362464 sp=0x0000006dadbf7440
Event: 2783.550 Thread 0x000001e8edb32860 DEOPT UNPACKING pc=0x000001e88fd84422 sp=0x0000006dadbf73d8 mode 2
Event: 2786.970 Thread 0x000001e8edb32860 Uncommon trap: trap_request=0xffffffc6 fr.pc=0x000001e8914fec68 relative=0x0000000000000288
Event: 2786.970 Thread 0x000001e8edb32860 Uncommon trap: reason=bimorphic_or_optimized_type_check action=maybe_recompile pc=0x000001e8914fec68 method=org.jetbrains.kotlin.com.intellij.openapi.vfs.VfsUtilCore.isAncestor(Lorg/jetbrains/kotlin/com/intellij/openapi/vfs/VirtualFile;Lorg/jetbrains/kotl
Event: 2786.970 Thread 0x000001e8edb32860 DEOPT PACKING pc=0x000001e8914fec68 sp=0x0000006dadbf5500
Event: 2786.970 Thread 0x000001e8edb32860 DEOPT UNPACKING pc=0x000001e88fd84422 sp=0x0000006dadbf5488 mode 2
Event: 2795.385 Thread 0x000001e8edb32860 DEOPT PACKING pc=0x000001e881210bd2 sp=0x0000006dadbf0ed0
Event: 2795.385 Thread 0x000001e8edb32860 DEOPT UNPACKING pc=0x000001e88fd84bc2 sp=0x0000006dadbf0368 mode 0
Event: 2799.750 Thread 0x000001e8edb32860 Uncommon trap: trap_request=0xffffffbe fr.pc=0x000001e8914ebdb0 relative=0x000000000000bb30
Event: 2799.750 Thread 0x000001e8edb32860 Uncommon trap: reason=profile_predicate action=maybe_recompile pc=0x000001e8914ebdb0 method=org.jetbrains.org.objectweb.asm.ClassReader.accept(Lorg/jetbrains/org/objectweb/asm/ClassVisitor;[Lorg/jetbrains/org/objectweb/asm/Attribute;I)V @ 1152 c2
Event: 2799.750 Thread 0x000001e8edb32860 DEOPT PACKING pc=0x000001e8914ebdb0 sp=0x0000006dadbf04e0
Event: 2799.750 Thread 0x000001e8edb32860 DEOPT UNPACKING pc=0x000001e88fd84422 sp=0x0000006dadbf0578 mode 2
Event: 2800.486 Thread 0x000001e8edb32860 Uncommon trap: trap_request=0xffffff45 fr.pc=0x000001e89136b374 relative=0x0000000000000ed4
Event: 2800.486 Thread 0x000001e8edb32860 Uncommon trap: reason=unstable_if action=reinterpret pc=0x000001e89136b374 method=org.jetbrains.kotlin.util.AttributeArrayOwner.registerComponent(Ljava/lang/String;Ljava/lang/Object;)V @ 158 c2
Event: 2800.486 Thread 0x000001e8edb32860 DEOPT PACKING pc=0x000001e89136b374 sp=0x0000006dadbf1dc0
Event: 2800.486 Thread 0x000001e8edb32860 DEOPT UNPACKING pc=0x000001e88fd84422 sp=0x0000006dadbf1d78 mode 2

Classes loaded (20 events):
Event: 2396.556 Loading class java/lang/StackStreamFactory$WalkerState
Event: 2396.564 Loading class java/lang/StackStreamFactory$WalkerState done
Event: 2396.567 Loading class java/lang/StackStreamFactory$StackFrameTraverser$StackFrameBuffer
Event: 2396.602 Loading class java/lang/StackStreamFactory$FrameBuffer
Event: 2397.070 Loading class java/lang/StackStreamFactory$FrameBuffer done
Event: 2397.070 Loading class java/lang/StackStreamFactory$StackFrameTraverser$StackFrameBuffer done
Event: 2414.629 Loading class java/lang/invoke/BoundMethodHandle$Species_LLLLILLLLLL
Event: 2414.631 Loading class java/lang/invoke/BoundMethodHandle$Species_LLLLILLLLLL done
Event: 2517.013 Loading class java/lang/BooleanBeanInfo
Event: 2517.015 Loading class java/lang/BooleanBeanInfo done
Event: 2517.016 Loading class java/lang/BooleanBeanInfo
Event: 2517.016 Loading class java/lang/BooleanBeanInfo done
Event: 2517.019 Loading class java/lang/BooleanCustomizer
Event: 2517.019 Loading class java/lang/BooleanCustomizer done
Event: 2517.020 Loading class java/lang/BooleanCustomizer
Event: 2517.020 Loading class java/lang/BooleanCustomizer done
Event: 2517.025 Loading class jdk/internal/ValueBased
Event: 2517.029 Loading class jdk/internal/ValueBased done
Event: 2542.956 Loading class java/util/concurrent/CompletableFuture$Signaller
Event: 2542.973 Loading class java/util/concurrent/CompletableFuture$Signaller done

Classes unloaded (20 events):
Event: 2284.532 Thread 0x000001e8ff1c40d0 Unloading class 0x000001e8aaa19800 'java/lang/invoke/LambdaForm$MH+0x000001e8aaa19800'
Event: 2669.404 Thread 0x000001e8ff1c40d0 Unloading class 0x000001e8aaa1a400 'java/lang/invoke/LambdaForm$MH+0x000001e8aaa1a400'
Event: 2669.404 Thread 0x000001e8ff1c40d0 Unloading class 0x000001e8aaa34c00 'java/lang/invoke/LambdaForm$MH+0x000001e8aaa34c00'
Event: 2669.404 Thread 0x000001e8ff1c40d0 Unloading class 0x000001e8aaa34000 'java/lang/invoke/LambdaForm$MH+0x000001e8aaa34000'
Event: 2669.404 Thread 0x000001e8ff1c40d0 Unloading class 0x000001e8aaa19800 'java/lang/invoke/LambdaForm$MH+0x000001e8aaa19800'
Event: 2669.404 Thread 0x000001e8ff1c40d0 Unloading class 0x000001e8aaa20000 'java/lang/invoke/LambdaForm$MH+0x000001e8aaa20000'
Event: 2669.404 Thread 0x000001e8ff1c40d0 Unloading class 0x000001e8aaa21000 'java/lang/invoke/LambdaForm$MH+0x000001e8aaa21000'
Event: 2669.404 Thread 0x000001e8ff1c40d0 Unloading class 0x000001e8aaa42800 'java/lang/invoke/LambdaForm$MH+0x000001e8aaa42800'
Event: 2669.405 Thread 0x000001e8ff1c40d0 Unloading class 0x000001e8aaa42400 'java/lang/invoke/LambdaForm$MH+0x000001e8aaa42400'
Event: 2669.405 Thread 0x000001e8ff1c40d0 Unloading class 0x000001e8aaa42000 'java/lang/invoke/LambdaForm$MH+0x000001e8aaa42000'
Event: 2669.405 Thread 0x000001e8ff1c40d0 Unloading class 0x000001e8aaa41c00 'java/lang/invoke/LambdaForm$MH+0x000001e8aaa41c00'
Event: 2669.405 Thread 0x000001e8ff1c40d0 Unloading class 0x000001e8aaa41800 'java/lang/invoke/LambdaForm$MH+0x000001e8aaa41800'
Event: 2669.405 Thread 0x000001e8ff1c40d0 Unloading class 0x000001e8aaa41000 'java/lang/invoke/LambdaForm$MH+0x000001e8aaa41000'
Event: 2776.084 Thread 0x000001e8ff1c40d0 Unloading class 0x000001e8aaa5b000 'java/lang/invoke/LambdaForm$MH+0x000001e8aaa5b000'
Event: 2776.085 Thread 0x000001e8ff1c40d0 Unloading class 0x000001e8aaa5a800 'java/lang/invoke/LambdaForm$MH+0x000001e8aaa5a800'
Event: 2776.085 Thread 0x000001e8ff1c40d0 Unloading class 0x000001e8aaa5a400 'java/lang/invoke/LambdaForm$MH+0x000001e8aaa5a400'
Event: 2776.085 Thread 0x000001e8ff1c40d0 Unloading class 0x000001e8aaa5a000 'java/lang/invoke/LambdaForm$MH+0x000001e8aaa5a000'
Event: 2776.085 Thread 0x000001e8ff1c40d0 Unloading class 0x000001e8aaa59800 'java/lang/invoke/LambdaForm$MH+0x000001e8aaa59800'
Event: 2776.085 Thread 0x000001e8ff1c40d0 Unloading class 0x000001e8aaa59000 'java/lang/invoke/LambdaForm$MH+0x000001e8aaa59000'
Event: 2776.086 Thread 0x000001e8ff1c40d0 Unloading class 0x000001e8aaa4e000 'java/lang/invoke/LambdaForm$MH+0x000001e8aaa4e000'

Classes redefined (0 events):
No events

Internal exceptions (20 events):
Event: 2735.943 Thread 0x000001e90121a0d0 Exception <a 'sun/nio/fs/WindowsException'{0x00000006239f03f8}> (0x00000006239f03f8) 
thrown [s\src\hotspot\share\prims\jni.cpp, line 520]
Event: 2736.028 Thread 0x000001e90121a0d0 Exception <a 'sun/nio/fs/WindowsException'{0x0000000623a06430}> (0x0000000623a06430) 
thrown [s\src\hotspot\share\prims\jni.cpp, line 520]
Event: 2736.029 Thread 0x000001e90121a0d0 Exception <a 'sun/nio/fs/WindowsException'{0x0000000623a08588}> (0x0000000623a08588) 
thrown [s\src\hotspot\share\prims\jni.cpp, line 520]
Event: 2736.029 Thread 0x000001e90121a0d0 Exception <a 'sun/nio/fs/WindowsException'{0x0000000623a0a318}> (0x0000000623a0a318) 
thrown [s\src\hotspot\share\prims\jni.cpp, line 520]
Event: 2760.169 Thread 0x000001e8edb32860 Exception <a 'sun/nio/fs/WindowsException'{0x00000007fea279e8}> (0x00000007fea279e8) 
thrown [s\src\hotspot\share\prims\jni.cpp, line 520]
Event: 2760.695 Thread 0x000001e8edb32860 Exception <a 'sun/nio/fs/WindowsException'{0x00000007fea45e30}> (0x00000007fea45e30) 
thrown [s\src\hotspot\share\prims\jni.cpp, line 520]
Event: 2760.701 Thread 0x000001e8edb32860 Exception <a 'sun/nio/fs/WindowsException'{0x00000007fea47910}> (0x00000007fea47910) 
thrown [s\src\hotspot\share\prims\jni.cpp, line 520]
Event: 2782.460 Thread 0x000001e8edb32860 Exception <a 'sun/nio/fs/WindowsException'{0x00000006345f5880}> (0x00000006345f5880) 
thrown [s\src\hotspot\share\prims\jni.cpp, line 520]
Event: 2782.464 Thread 0x000001e8edb32860 Exception <a 'sun/nio/fs/WindowsException'{0x00000006345f71e8}> (0x00000006345f71e8) 
thrown [s\src\hotspot\share\prims\jni.cpp, line 520]
Event: 2782.496 Thread 0x000001e8edb32860 Exception <a 'sun/nio/fs/WindowsException'{0x00000006345fea58}> (0x00000006345fea58) 
thrown [s\src\hotspot\share\prims\jni.cpp, line 520]
Event: 2782.534 Thread 0x000001e8edb32860 Exception <a 'sun/nio/fs/WindowsException'{0x0000000634606db8}> (0x0000000634606db8) 
thrown [s\src\hotspot\share\prims\jni.cpp, line 520]
Event: 2782.608 Thread 0x000001e8edb32860 Exception <a 'sun/nio/fs/WindowsException'{0x0000000634611878}> (0x0000000634611878) 
thrown [s\src\hotspot\share\prims\jni.cpp, line 520]
Event: 2783.255 Thread 0x000001e8edb32860 Exception <a 'sun/nio/fs/WindowsException'{0x00000006343ce6a0}> (0x00000006343ce6a0) 
thrown [s\src\hotspot\share\prims\jni.cpp, line 520]
Event: 2783.270 Thread 0x000001e8edb32860 Exception <a 'sun/nio/fs/WindowsException'{0x00000006343e3930}> (0x00000006343e3930) 
thrown [s\src\hotspot\share\prims\jni.cpp, line 520]
Event: 2783.271 Thread 0x000001e8edb32860 Exception <a 'sun/nio/fs/WindowsException'{0x00000006343e5548}> (0x00000006343e5548) 
thrown [s\src\hotspot\share\prims\jni.cpp, line 520]
Event: 2783.274 Thread 0x000001e8edb32860 Exception <a 'sun/nio/fs/WindowsException'{0x00000006343f0bb0}> (0x00000006343f0bb0) 
thrown [s\src\hotspot\share\prims\jni.cpp, line 520]
Event: 2783.286 Thread 0x000001e8edb32860 Exception <a 'sun/nio/fs/WindowsException'{0x0000000633c13770}> (0x0000000633c13770) 
thrown [s\src\hotspot\share\prims\jni.cpp, line 520]
Event: 2783.549 Thread 0x000001e8edb32860 Exception <a 'sun/nio/fs/WindowsException'{0x0000000633e30ac0}> (0x0000000633e30ac0) 
thrown [s\src\hotspot\share\prims\jni.cpp, line 520]
Event: 2783.665 Thread 0x000001e8edb32860 Exception <a 'sun/nio/fs/WindowsException'{0x0000000633e483d0}> (0x0000000633e483d0) 
thrown [s\src\hotspot\share\prims\jni.cpp, line 520]
Event: 2783.665 Thread 0x000001e8edb32860 Exception <a 'sun/nio/fs/WindowsException'{0x0000000633e49eb0}> (0x0000000633e49eb0) 
thrown [s\src\hotspot\share\prims\jni.cpp, line 520]

ZGC Phase Switch (0 events):
No events

VM Operations (20 events):
Event: 2787.263 Executing safepoint VM operation: G1CollectForAllocation (G1 Evacuation Pause) done
Event: 2788.264 Executing safepoint VM operation: Cleanup
Event: 2788.264 Executing safepoint VM operation: Cleanup done
Event: 2794.194 Executing safepoint VM operation: Cleanup
Event: 2794.194 Executing safepoint VM operation: Cleanup done
Event: 2795.195 Executing safepoint VM operation: Cleanup
Event: 2795.213 Executing safepoint VM operation: Cleanup done
Event: 2796.230 Executing safepoint VM operation: Cleanup
Event: 2797.408 Executing safepoint VM operation: Cleanup done
Event: 2797.425 Executing non-safepoint VM operation: HandshakeAllThreads (Deoptimize)
Event: 2797.425 Executing non-safepoint VM operation: HandshakeAllThreads (Deoptimize) done
Event: 2797.577 Executing non-safepoint VM operation: HandshakeAllThreads (Deoptimize)
Event: 2797.577 Executing non-safepoint VM operation: HandshakeAllThreads (Deoptimize) done
Event: 2798.577 Executing safepoint VM operation: Cleanup
Event: 2798.968 Executing safepoint VM operation: Cleanup done
Event: 2799.968 Executing safepoint VM operation: Cleanup
Event: 2799.976 Executing safepoint VM operation: Cleanup done
Event: 2800.978 Executing safepoint VM operation: Cleanup
Event: 2801.754 Executing safepoint VM operation: Cleanup done
Event: 2801.980 Executing safepoint VM operation: G1CollectForAllocation (G1 Evacuation Pause)

Memory protections (0 events):
No events

Nmethod flushes (20 events):
Event: 2777.014 Thread 0x000001e8ff1c40d0 flushing  nmethod 0x000001e88232ac10
Event: 2777.015 Thread 0x000001e8ff1c40d0 flushing  nmethod 0x000001e88232c110
Event: 2777.015 Thread 0x000001e8ff1c40d0 flushing  nmethod 0x000001e882335910
Event: 2777.015 Thread 0x000001e8ff1c40d0 flushing  nmethod 0x000001e88235ff90
Event: 2777.016 Thread 0x000001e8ff1c40d0 flushing  nmethod 0x000001e882365c90
Event: 2777.016 Thread 0x000001e8ff1c40d0 flushing  nmethod 0x000001e882372790
Event: 2777.016 Thread 0x000001e8ff1c40d0 flushing  nmethod 0x000001e8823dcc90
Event: 2777.016 Thread 0x000001e8ff1c40d0 flushing  nmethod 0x000001e8823e0d10
Event: 2777.016 Thread 0x000001e8ff1c40d0 flushing  nmethod 0x000001e8823e3d90
Event: 2777.016 Thread 0x000001e8ff1c40d0 flushing  nmethod 0x000001e88268e290
Event: 2777.017 Thread 0x000001e8ff1c40d0 flushing  nmethod 0x000001e8827bc990
Event: 2777.017 Thread 0x000001e8ff1c40d0 flushing  nmethod 0x000001e8827c7c10
Event: 2777.017 Thread 0x000001e8ff1c40d0 flushing  nmethod 0x000001e8827cb710
Event: 2777.017 Thread 0x000001e8ff1c40d0 flushing  nmethod 0x000001e8827d2110
Event: 2777.017 Thread 0x000001e8ff1c40d0 flushing  nmethod 0x000001e88288b910
Event: 2777.017 Thread 0x000001e8ff1c40d0 flushing  nmethod 0x000001e882cf1290
Event: 2777.017 Thread 0x000001e8ff1c40d0 flushing  nmethod 0x000001e882e59d90
Event: 2777.017 Thread 0x000001e8ff1c40d0 flushing  nmethod 0x000001e882f13f10
Event: 2777.017 Thread 0x000001e8ff1c40d0 flushing  nmethod 0x000001e882f19f10
Event: 2777.017 Thread 0x000001e8ff1c40d0 flushing  nmethod 0x000001e882f1a610

Events (20 events):
Event: 2671.498 Thread 0x000001e902aecaa0 Thread exited: 0x000001e902aecaa0
Event: 2672.526 Thread 0x000001e9007ef0a0 Thread exited: 0x000001e9007ef0a0
Event: 2674.709 Thread 0x000001e8edb32860 Thread added: 0x000001e9012193b0
Event: 2674.741 Thread 0x000001e9012193b0 Thread added: 0x000001e90121a0d0
Event: 2674.841 Thread 0x000001e9012193b0 Thread added: 0x000001e901219a40
Event: 2675.917 Thread 0x000001e9012193b0 Thread added: 0x000001e902aecaa0
Event: 2676.220 Thread 0x000001e9012193b0 Thread added: 0x000001e902aef200
Event: 2676.502 Thread 0x000001e9012193b0 Thread added: 0x000001e902aed130
Event: 2678.852 Thread 0x000001e9012193b0 Thread added: 0x000001e902aec410
Event: 2679.010 Thread 0x000001e902aec410 Thread added: 0x000001e902af0c40
Event: 2693.933 Thread 0x000001e9007f45f0 Thread added: 0x000001e902af12d0
Event: 2721.128 Thread 0x000001e9007ecfd0 Thread exited: 0x000001e9007ecfd0
Event: 2722.790 Thread 0x000001e9007f45f0 Thread added: 0x000001e902aede50
Event: 2739.706 Thread 0x000001e8edb32860 Thread added: 0x000001e902af1960
Event: 2740.448 Thread 0x000001e8edb32860 Thread added: 0x000001e8eedc72b0
Event: 2740.691 Thread 0x000001e8edb32860 Thread added: 0x000001e8eedcadc0
Event: 2758.825 Thread 0x000001e902af0c40 Thread exited: 0x000001e902af0c40
Event: 2794.103 Thread 0x000001e902af12d0 Thread exited: 0x000001e902af12d0
Event: 2797.408 Thread 0x000001e9012193b0 Thread exited: 0x000001e9012193b0
Event: 2797.915 Thread 0x000001e902aede50 Thread exited: 0x000001e902aede50


Dynamic libraries:
0x00007ff6dc5a0000 - 0x00007ff6dc5ae000 	C:\Users\ELLENT\.vscode\extensions\redhat.java-1.56.0-win32-x64\jre\21.0.12.1-win32-x86_64\bin\java.exe
0x00007ffb12700000 - 0x00007ffb12967000 	C:\WINDOWS\SYSTEM32\ntdll.dll
0x00007ffb11b60000 - 0x00007ffb11c2b000 	C:\WINDOWS\System32\KERNEL32.DLL
0x00007ffb0fa60000 - 0x00007ffb0fe62000 	C:\WINDOWS\System32\KERNELBASE.dll
0x00007ffb0f900000 - 0x00007ffb0fa4c000 	C:\WINDOWS\System32\ucrtbase.dll
0x00007ffb00d00000 - 0x00007ffb00d18000 	C:\Users\ELLENT\.vscode\extensions\redhat.java-1.56.0-win32-x64\jre\21.0.12.1-win32-x86_64\bin\jli.dll
0x00007ffb10b40000 - 0x00007ffb10d0f000 	C:\WINDOWS\System32\USER32.dll
0x00007ffb10170000 - 0x00007ffb10197000 	C:\WINDOWS\System32\win32u.dll
0x00007ffb11d40000 - 0x00007ffb11d6b000 	C:\WINDOWS\System32\GDI32.dll
0x00007ffb10260000 - 0x00007ffb10389000 	C:\WINDOWS\System32\gdi32full.dll
0x00007ffb0fe70000 - 0x00007ffb0ff13000 	C:\WINDOWS\System32\msvcp_win.dll
0x00007ffafe640000 - 0x00007ffafe65e000 	C:\Users\ELLENT\.vscode\extensions\redhat.java-1.56.0-win32-x64\jre\21.0.12.1-win32-x86_64\bin\VCRUNTIME140.dll
0x00007ffafcd40000 - 0x00007ffafcfd0000 	C:\WINDOWS\WinSxS\amd64_microsoft.windows.common-controls_6595b64144ccf1df_6.0.26100.9278_none_3e0d1ba8e3303201\COMCTL32.dll
0x00007ffb11710000 - 0x00007ffb117b9000 	C:\WINDOWS\System32\msvcrt.dll
0x00007ffb10a70000 - 0x00007ffb10aa1000 	C:\WINDOWS\System32\IMM32.DLL
0x00007ffb05390000 - 0x00007ffb0539c000 	C:\Users\ELLENT\.vscode\extensions\redhat.java-1.56.0-win32-x64\jre\21.0.12.1-win32-x86_64\bin\vcruntime140_1.dll
0x00007ffafd520000 - 0x00007ffafd5ad000 	C:\Users\ELLENT\.vscode\extensions\redhat.java-1.56.0-win32-x64\jre\21.0.12.1-win32-x86_64\bin\msvcp140.dll
0x00007ffac7450000 - 0x00007ffac81f2000 	C:\Users\ELLENT\.vscode\extensions\redhat.java-1.56.0-win32-x64\jre\21.0.12.1-win32-x86_64\bin\server\jvm.dll
0x00007ffb11a90000 - 0x00007ffb11b4c000 	C:\WINDOWS\System32\ADVAPI32.dll
0x00007ffb11950000 - 0x00007ffb119f9000 	C:\WINDOWS\System32\sechost.dll
0x00007ffb11d70000 - 0x00007ffb11e88000 	C:\WINDOWS\System32\RPCRT4.dll
0x00007ffb10de0000 - 0x00007ffb10e60000 	C:\WINDOWS\System32\WS2_32.dll
0x00007ffb0f760000 - 0x00007ffb0f7be000 	C:\WINDOWS\SYSTEM32\POWRPROF.dll
0x00007ffb063d0000 - 0x00007ffb06406000 	C:\WINDOWS\SYSTEM32\WINMM.dll
0x00007ffb03ac0000 - 0x00007ffb03acb000 	C:\WINDOWS\SYSTEM32\VERSION.dll
0x00007ffb0f740000 - 0x00007ffb0f755000 	C:\WINDOWS\SYSTEM32\UMPDC.dll
0x00007ffb0e5d0000 - 0x00007ffb0e5eb000 	C:\WINDOWS\SYSTEM32\kernel.appcore.dll
0x00007ffb05370000 - 0x00007ffb0537a000 	C:\Users\ELLENT\.vscode\extensions\redhat.java-1.56.0-win32-x64\jre\21.0.12.1-win32-x86_64\bin\jimage.dll
0x00007ffb0d070000 - 0x00007ffb0d2bc000 	C:\WINDOWS\SYSTEM32\DBGHELP.DLL
0x00007ffb11310000 - 0x00007ffb11695000 	C:\WINDOWS\System32\combase.dll
0x00007ffb11870000 - 0x00007ffb11949000 	C:\WINDOWS\System32\OLEAUT32.dll
0x00007ffaf7140000 - 0x00007ffaf717b000 	C:\WINDOWS\SYSTEM32\dbgcore.DLL
0x00007ffb101a0000 - 0x00007ffb1024c000 	C:\WINDOWS\System32\bcryptPrimitives.dll
0x00007ffb00d60000 - 0x00007ffb00d6f000 	C:\Users\ELLENT\.vscode\extensions\redhat.java-1.56.0-win32-x64\jre\21.0.12.1-win32-x86_64\bin\instrument.dll
0x00007ffafe540000 - 0x00007ffafe560000 	C:\Users\ELLENT\.vscode\extensions\redhat.java-1.56.0-win32-x64\jre\21.0.12.1-win32-x86_64\bin\java.dll
0x00007ffb11f20000 - 0x00007ffb126b8000 	C:\WINDOWS\System32\SHELL32.dll
0x00007ffb0d330000 - 0x00007ffb0dbde000 	C:\WINDOWS\SYSTEM32\windows.storage.dll
0x00007ffb11c30000 - 0x00007ffb11d2b000 	C:\WINDOWS\System32\SHCORE.dll
0x00007ffb10ab0000 - 0x00007ffb10b16000 	C:\WINDOWS\System32\shlwapi.dll
0x00007ffb0f820000 - 0x00007ffb0f849000 	C:\WINDOWS\SYSTEM32\profapi.dll
0x00007ffafd6b0000 - 0x00007ffafd6c8000 	C:\Users\ELLENT\.vscode\extensions\redhat.java-1.56.0-win32-x64\jre\21.0.12.1-win32-x86_64\bin\zip.dll
0x00007ffb03a10000 - 0x00007ffb03a20000 	C:\Users\ELLENT\.vscode\extensions\redhat.java-1.56.0-win32-x64\jre\21.0.12.1-win32-x86_64\bin\net.dll
0x00007ffb04df0000 - 0x00007ffb04f1a000 	C:\WINDOWS\SYSTEM32\WINHTTP.dll
0x00007ffb0eb90000 - 0x00007ffb0ebfc000 	C:\WINDOWS\system32\mswsock.dll
0x00007ffafd500000 - 0x00007ffafd516000 	C:\Users\ELLENT\.vscode\extensions\redhat.java-1.56.0-win32-x64\jre\21.0.12.1-win32-x86_64\bin\nio.dll
0x00007ffb00d80000 - 0x00007ffb00d90000 	C:\Users\ELLENT\.vscode\extensions\redhat.java-1.56.0-win32-x64\jre\21.0.12.1-win32-x86_64\bin\verify.dll
0x00007ffad1d90000 - 0x00007ffad1db7000 	C:\Users\ELLENT\.gradle\native\660c5614fbf4a5f2a75b1949f50a0caf5cd603558e7d8a26e50b933a0cfb79d1\windows-amd64\native-platform.dll
0x00007ffac71e0000 - 0x00007ffac7257000 	C:\Users\ELLENT\.gradle\native\0.2.8\x86_64-windows-gnu\gradle-fileevents.dll
0x00007ffb002f0000 - 0x00007ffb002fa000 	C:\Users\ELLENT\.vscode\extensions\redhat.java-1.56.0-win32-x64\jre\21.0.12.1-win32-x86_64\bin\management.dll
0x00007ffafe810000 - 0x00007ffafe81c000 	C:\Users\ELLENT\.vscode\extensions\redhat.java-1.56.0-win32-x64\jre\21.0.12.1-win32-x86_64\bin\management_ext.dll
0x00007ffb11d30000 - 0x00007ffb11d38000 	C:\WINDOWS\System32\PSAPI.DLL
0x00007ffb0dfd0000 - 0x00007ffb0e003000 	C:\WINDOWS\SYSTEM32\IPHLPAPI.DLL
0x00007ffb10600000 - 0x00007ffb1060a000 	C:\WINDOWS\System32\NSI.dll
0x00007ffafe530000 - 0x00007ffafe539000 	C:\Users\ELLENT\.vscode\extensions\redhat.java-1.56.0-win32-x64\jre\21.0.12.1-win32-x86_64\bin\extnet.dll
0x00007ffb0ee80000 - 0x00007ffb0ee9b000 	C:\WINDOWS\SYSTEM32\CRYPTSP.dll
0x00007ffb0e530000 - 0x00007ffb0e569000 	C:\WINDOWS\system32\rsaenh.dll
0x00007ffb0ec40000 - 0x00007ffb0ec74000 	C:\WINDOWS\SYSTEM32\USERENV.dll
0x00007ffb0f7f0000 - 0x00007ffb0f81a000 	C:\WINDOWS\SYSTEM32\bcrypt.dll
0x00007ffb0eea0000 - 0x00007ffb0eeac000 	C:\WINDOWS\SYSTEM32\CRYPTBASE.dll
0x00007ffafd680000 - 0x00007ffafd68e000 	C:\Users\ELLENT\.vscode\extensions\redhat.java-1.56.0-win32-x64\jre\21.0.12.1-win32-x86_64\bin\sunmscapi.dll
0x00007ffb0ff20000 - 0x00007ffb1009e000 	C:\WINDOWS\System32\CRYPT32.dll
0x00007ffb0f0c0000 - 0x00007ffb0f0f0000 	C:\WINDOWS\SYSTEM32\ncrypt.dll
0x00007ffb0f070000 - 0x00007ffb0f0af000 	C:\WINDOWS\SYSTEM32\NTASN1.dll
0x00007ffadd4b0000 - 0x00007ffadd4b8000 	C:\WINDOWS\system32\wshunix.dll
0x00007ffae9910000 - 0x00007ffae9917000 	C:\Users\ELLENT\.vscode\extensions\redhat.java-1.56.0-win32-x64\jre\21.0.12.1-win32-x86_64\bin\rmi.dll
0x00007ffb0e700000 - 0x00007ffb0e736000 	C:\WINDOWS\SYSTEM32\ntmarta.dll

JVMTI agents:
C:\Users\ELLENT\.gradle\wrapper\dists\gradle-9.3.1-all\9ot9r568e8zfvvd4mn8rbu1j0\gradle-9.3.1\lib\agents\gradle-instrumentation-agent-9.3.1.jar path:C:\Users\ELLENT\.vscode\extensions\redhat.java-1.56.0-win32-x64\jre\21.0.12.1-win32-x86_64\bin\instrument.dll, loaded, initialized, instrumentlib options:none

dbghelp: loaded successfully - version: 4.0.5 - missing functions: none
symbol engine: initialized successfully - sym options: 0x614 - pdb path: .;C:\Users\ELLENT\.vscode\extensions\redhat.java-1.56.0-win32-x64\jre\21.0.12.1-win32-x86_64\bin;C:\WINDOWS\SYSTEM32;C:\WINDOWS\WinSxS\amd64_microsoft.windows.common-controls_6595b64144ccf1df_6.0.26100.9278_none_3e0d1ba8e3303201;C:\Users\ELLENT\.vscode\extensions\redhat.java-1.56.0-win32-x64\jre\21.0.12.1-win32-x86_64\bin\server;C:\Users\ELLENT\.gradle\native\660c5614fbf4a5f2a75b1949f50a0caf5cd603558e7d8a26e50b933a0cfb79d1\windows-amd64;C:\Users\ELLENT\.gradle\native\0.2.8\x86_64-windows-gnu

VM Arguments:
jvm_args: --add-opens=java.base/java.lang=ALL-UNNAMED --add-opens=java.base/java.lang.invoke=ALL-UNNAMED --add-opens=java.base/java.util=ALL-UNNAMED --add-opens=java.prefs/java.util.prefs=ALL-UNNAMED --add-exports=jdk.compiler/com.sun.tools.javac.api=ALL-UNNAMED --add-exports=jdk.compiler/com.sun.tools.javac.util=ALL-UNNAMED --add-opens=java.base/java.util=ALL-UNNAMED --add-opens=java.prefs/java.util.prefs=ALL-UNNAMED --add-opens=java.base/java.nio.charset=ALL-UNNAMED --add-opens=java.base/java.net=ALL-UNNAMED --add-opens=java.base/java.util.concurrent=ALL-UNNAMED --add-opens=java.base/java.util.concurrent.atomic=ALL-UNNAMED --add-opens=java.xml/javax.xml.namespace=ALL-UNNAMED --add-opens=java.base/java.time=ALL-UNNAMED -XX:MaxMetaspaceSize=4G -XX:ReservedCodeCacheSize=512m -XX:+HeapDumpOnOutOfMemoryError -Xmx8G -Dfile.encoding=UTF-8 -Duser.country=ID -Duser.language=en -Duser.variant -javaagent:C:\Users\ELLENT\.gradle\wrapper\dists\gradle-9.3.1-all\9ot9r568e8zfvvd4mn8rbu1j0\gradle-9.3.1\lib\agents\gradle-instrumentation-agent-9.3.1.jar 
java_command: org.gradle.launcher.daemon.bootstrap.GradleDaemon 9.3.1
java_class_path (initial): C:\Users\ELLENT\.gradle\wrapper\dists\gradle-9.3.1-all\9ot9r568e8zfvvd4mn8rbu1j0\gradle-9.3.1\lib\gradle-daemon-main-9.3.1.jar
Launcher Type: SUN_STANDARD

[Global flags]
     intx CICompilerCount                          = 2                                         {product} {ergonomic}
     uint ConcGCThreads                            = 1                                         {product} {ergonomic}
     uint G1ConcRefinementThreads                  = 2                                         {product} {ergonomic}
   size_t G1HeapRegionSize                         = 4194304                                   {product} {ergonomic}
    uintx GCDrainStackTargetSize                   = 64                                        {product} {ergonomic}
     bool HeapDumpOnOutOfMemoryError               = true                                   {manageable} {command line}
   size_t InitialHeapSize                          = 96468992                                  {product} {ergonomic}
   size_t MarkStackSize                            = 4194304                                   {product} {ergonomic}
   size_t MaxHeapSize                              = 8589934592                                {product} {command line}
   size_t MaxMetaspaceSize                         = 4294967296                                {product} {command line}
   size_t MaxNewSize                               = 5150605312                                {product} {ergonomic}
   size_t MinHeapDeltaBytes                        = 4194304                                   {product} {ergonomic}
   size_t MinHeapSize                              = 8388608                                   {product} {ergonomic}
    uintx NonNMethodCodeHeapSize                   = 5826188                                {pd product} {ergonomic}
    uintx NonProfiledCodeHeapSize                  = 265522362                              {pd product} {ergonomic}
    uintx ProfiledCodeHeapSize                     = 265522362                              {pd product} {ergonomic}
    uintx ReservedCodeCacheSize                    = 536870912                              {pd product} {command line}
     bool SegmentedCodeCache                       = true                                      {product} {ergonomic}
   size_t SoftMaxHeapSize                          = 8589934592                             {manageable} {ergonomic}
     bool UseCompressedOops                        = true                           {product lp64_product} {ergonomic}
     bool UseG1GC                                  = true                                      {product} {ergonomic}
     bool UseLargePagesIndividualAllocation        = false                                  {pd product} {ergonomic}

Logging:
Log output configuration:
 #0: stdout all=warning uptime,level,tags foldmultilines=false
 #1: stderr all=off uptime,level,tags foldmultilines=false

Release file:
JAVA_VERSION="21.0.12.1" 
MODULES="java.base java.compiler java.datatransfer java.xml java.prefs java.desktop java.instrument java.logging java.management java.security.sasl java.naming java.rmi java.management.rmi java.net.http java.scripting java.security.jgss java.transaction.xa java.sql java.sql.rowset java.xml.crypto java.se java.smartcardio jdk.accessibility jdk.internal.jvmstat jdk.attach jdk.charsets jdk.internal.opt jdk.zipfs jdk.compiler jdk.crypto.ec jdk.crypto.cryptoki jdk.crypto.mscapi jdk.dynalink jdk.internal.ed jdk.editpad jdk.hotspot.agent jdk.httpserver jdk.internal.le jdk.internal.vm.ci jdk.internal.vm.compiler jdk.internal.vm.compiler.management jdk.jartool jdk.javadoc jdk.jcmd jdk.management jdk.management.agent jdk.jconsole jdk.jdeps jdk.jdwp.agent jdk.jdi jdk.jfr jdk.jshell jdk.jsobject jdk.jstatd jdk.localedata jdk.management.jfr jdk.naming.dns jdk.naming.rmi jdk.net jdk.nio.mapmode jdk.random jdk.sctp jdk.security.auth jdk.security.jgss jdk.unsupported jdk.unsupported.desktop jdk.xml.dom" 

Environment Variables:
CLASSPATH=c:\Users\ELLENT\.vscode\extensions\vscjava.vscode-gradle-3.18.0\lib\gradle-server.jar
PATH=E:\Kuliah\Installer\flutter\bin;C:\Program Files\Common Files\Oracle\Java\javapath;C:\WINDOWS\system32;C:\WINDOWS;C:\WINDOWS\System32\Wbem;C:\WINDOWS\System32\WindowsPowerShell\v1.0\;C:\WINDOWS\System32\OpenSSH\;C:\ProgramData\ComposerSetup\bin;C:\laragon\bin\php\php-8.3.29-vs16;C:\Program Files\Git\cmd;C:\Program Files\nodejs\;C:\sqlite;C:\Users\ELLENT\.local\bin;E:\Kuliah\Installer\flutter\bin;C:\laragon\bin;C:\laragon\bin\apache\httpd-2.4.65-VS17\bin;C:\laragon\bin\composer;C:\laragon\bin\git\bin;C:\laragon\bin\git\cmd;C:\laragon\bin\git\mingw64\bin;C:\laragon\bin\git\usr\bin;C:\laragon\bin\laragon\utils;C:\laragon\bin\mysql\mysql-8.4.8-winx64\bin;C:\laragon\bin\nginx\nginx-1.22.0;C:\laragon\bin\ngrok;C:\laragon\bin\nodejs\node-v24.14.0;C:\laragon\bin\notepad++;C:\laragon\bin\php\php-8.3.29-vs16;C:\laragon\bin\python\python-3.10;C:\laragon\bin\python\python-3.10\Scripts;C:\laragon\bin\redis\redis-x64-5.0.14.1;C:\laragon\bin\telnet;C:\laragon\usr\bin;C:\Users\ELLENT\AppData\Local\Yarn\config\global\node_modules\.bin;C:\Users\ELLENT\AppData\Roaming\Composer\vendor\bin;C:\Users\ELLENT\AppData\Roaming\npm;C:\Users\ELLENT\AppData\Local\Microsoft\WindowsApps;C:\Users\ELLENT\AppData\Local\Programs\Microsoft VS Code\bin;C:\Program Files\Java\jdk-22
USERNAME=ELLENT
OS=Windows_NT
PROCESSOR_IDENTIFIER=AMD64 Family 23 Model 160 Stepping 0, AuthenticAMD
TMP=C:\Users\ELLENT\AppData\Local\Temp
TEMP=C:\Users\ELLENT\AppData\Local\Temp




Periodic native trim disabled

---------------  S Y S T E M  ---------------

OS:
 Windows 11 , 64 bit Build 26100 (10.0.26100.9444)
OS uptime: 4 days 4:27 hours
Hyper-V role detected

CPU: total 2 (initial active 2) (2 cores per cpu, 1 threads per core) family 23 model 160 stepping 0 microcode 0x8a00006, cx8, cmov, fxsr, mmx, 3dnowpref, sse, sse2, sse3, ssse3, sse4a, sse4.1, sse4.2, popcnt, lzcnt, tsc, tscinvbit, avx, avx2, aes, clmul, bmi1, bmi2, adx, sha, fma, vzeroupper, clflush, clflushopt, hv, rdtscp, rdpid, f16c
Processor Information for the first 2 processors :
  Max Mhz: 2401, Current Mhz: 2401, Mhz Limit: 2401

Memory: 4k page, system-wide physical 5877M (135M free)
TotalPageFile size 23349M (AvailPageFile size 570M)
current process WorkingSet (physical memory assigned to process): 392M, peak: 701M
current process commit charge ("private bytes"): 1387M, peak: 2255M

vm_info: OpenJDK 64-Bit Server VM (21.0.12.1+1-LTS) for windows-amd64 JRE (21.0.12.1+1-LTS), built on 2026-08-18T00:00:00Z by "admin" with MS VC++ 17.12 (VS2022)

END.
