#
# There is insufficient memory for the Java Runtime Environment to continue.
# Native memory allocation (malloc) failed to allocate 990256 bytes. Error detail: Chunk::new
# Possible reasons:
#   The system is out of physical RAM or swap space
#   This process is running with CompressedOops enabled, and the Java Heap may be blocking the growth of the native heap
# Possible solutions:
#   Reduce memory load on the system
#   Increase physical memory or swap space
#   Check if swap backing store is full
#   Decrease Java heap size (-Xmx/-Xms)
#   Decrease number of Java threads
#   Decrease Java thread stack sizes (-Xss)
#   Set larger code cache with -XX:ReservedCodeCacheSize=
#   JVM is running with Unscaled Compressed Oops mode in which the Java heap is
#     placed in the first 4GB address space. The Java Heap base address is the
#     maximum limit for the native heap growth. Please use -XX:HeapBaseMinAddress
#     to set the Java Heap base and to place the Java Heap above 4GB virtual address.
# This output file may be truncated or incomplete.
#
#  Out of Memory Error (arena.cpp:150), pid=9564, tid=12724
#
# JRE version: Java(TM) SE Runtime Environment (22.0.2+9) (build 22.0.2+9-70)
# Java VM: Java HotSpot(TM) 64-Bit Server VM (22.0.2+9-70, mixed mode, sharing, tiered, compressed oops, compressed class ptrs, g1 gc, windows-amd64)
# No core dump will be written. Minidumps are not enabled by default on client versions of Windows
#

---------------  S U M M A R Y ------------

Command Line: org.jetbrains.kotlin.cli.jvm.K2JVMCompiler @E:\Kuliah\Installer\flutter\packages\flutter_tools\gradle\build\20261006_3191675110519988467.compiler.options

Host: AMD Athlon Silver 7120U with Radeon Graphics   , 2 cores, 5G,  Windows 11 , 64 bit Build 26100 (10.0.26100.9444)
Time: Tue Oct  6 18:12:11 2026 SE Asia Standard Time elapsed time: 117.507257 seconds (0d 0h 1m 57s)

---------------  T H R E A D  ---------------

Current thread (0x000002733cd93bf0):  JavaThread "C2 CompilerThread0" daemon [_thread_in_native, id=12724, stack(0x0000009f37c00000,0x0000009f37d00000) (1024K)]


Current CompileTask:
C2:117507 13737       4       org.jetbrains.kotlin.types.AbstractTypeChecker::collectAllSupertypesWithGivenTypeConstructor (461 bytes)

Stack: [0x0000009f37c00000,0x0000009f37d00000]
Native frames: (J=compiled Java code, j=interpreted, Vv=VM code, C=native code)
V  [jvm.dll+0x6e26e9]  (no source info available)
V  [jvm.dll+0x875753]  (no source info available)
V  [jvm.dll+0x877b7e]  (no source info available)
V  [jvm.dll+0x878253]  (no source info available)
V  [jvm.dll+0x27fc86]  (no source info available)
V  [jvm.dll+0xc3d0f]  (no source info available)
V  [jvm.dll+0xc3f6b]  (no source info available)
V  [jvm.dll+0x3bb442]  (no source info available)
V  [jvm.dll+0x387d4b]  (no source info available)
V  [jvm.dll+0x3871ba]  (no source info available)
V  [jvm.dll+0x2477f8]  (no source info available)
V  [jvm.dll+0x246e9f]  (no source info available)
V  [jvm.dll+0x1c4e80]  (no source info available)
V  [jvm.dll+0x2568f3]  (no source info available)
V  [jvm.dll+0x254baa]  (no source info available)
V  [jvm.dll+0x3f57a6]  (no source info available)
V  [jvm.dll+0x81dc0b]  (no source info available)
V  [jvm.dll+0x6e0d85]  (no source info available)
C  [ucrtbase.dll+0x2cd30]  (no source info available)
C  [KERNEL32.DLL+0x2cd87]  (no source info available)
C  [ntdll.dll+0xacaec]  (no source info available)


---------------  P R O C E S S  ---------------

Threads class SMR info:
_java_thread_list=0x000002737e088480, length=11, elements={
0x000002731f917370, 0x000002733cd864d0, 0x000002733cd87e50, 0x000002733cd8f500,
0x000002733cd8ff60, 0x000002733cd92400, 0x000002733cd92e60, 0x000002733cd93bf0,
0x000002733cd98e10, 0x000002737e0baa00, 0x000002737e0c98b0
}

Java Threads: ( => current thread )
  0x000002731f917370 JavaThread "main"                              [_thread_in_Java, id=1904, stack(0x0000009f36e00000,0x0000009f36f00000) (1024K)]
  0x000002733cd864d0 JavaThread "Reference Handler"          daemon [_thread_blocked, id=18072, stack(0x0000009f37600000,0x0000009f37700000) (1024K)]
  0x000002733cd87e50 JavaThread "Finalizer"                  daemon [_thread_blocked, id=24456, stack(0x0000009f37700000,0x0000009f37800000) (1024K)]
  0x000002733cd8f500 JavaThread "Signal Dispatcher"          daemon [_thread_blocked, id=18472, stack(0x0000009f37800000,0x0000009f37900000) (1024K)]
  0x000002733cd8ff60 JavaThread "Attach Listener"            daemon [_thread_blocked, id=18880, stack(0x0000009f37900000,0x0000009f37a00000) (1024K)]
  0x000002733cd92400 JavaThread "Service Thread"             daemon [_thread_blocked, id=15828, stack(0x0000009f37a00000,0x0000009f37b00000) (1024K)]
  0x000002733cd92e60 JavaThread "Monitor Deflation Thread"   daemon [_thread_blocked, id=5952, stack(0x0000009f37b00000,0x0000009f37c00000) (1024K)]
=>0x000002733cd93bf0 JavaThread "C2 CompilerThread0"         daemon [_thread_in_native, id=12724, stack(0x0000009f37c00000,0x0000009f37d00000) (1024K)]
  0x000002733cd98e10 JavaThread "C1 CompilerThread0"         daemon [_thread_blocked, id=17852, stack(0x0000009f37d00000,0x0000009f37e00000) (1024K)]
  0x000002737e0baa00 JavaThread "Notification Thread"        daemon [_thread_blocked, id=18628, stack(0x0000009f37e00000,0x0000009f37f00000) (1024K)]
  0x000002737e0c98b0 JavaThread "Common-Cleaner"             daemon [_thread_blocked, id=17264, stack(0x0000009f37f00000,0x0000009f38000000) (1024K)]
Total: 11

Other Threads:
  0x000002733cd65230 VMThread "VM Thread"                           [id=18772, stack(0x0000009f37500000,0x0000009f37600000) (1024K)]
  0x000002733cd47120 WatcherThread "VM Periodic Task Thread"        [id=2688, stack(0x0000009f37400000,0x0000009f37500000) (1024K)]
  0x0000027321d02030 WorkerThread "GC Thread#0"                     [id=20704, stack(0x0000009f36f00000,0x0000009f37000000) (1024K)]
  0x000002737e43e710 WorkerThread "GC Thread#1"                     [id=15268, stack(0x0000009f38000000,0x0000009f38100000) (1024K)]
  0x0000027321d0e7e0 ConcurrentGCThread "G1 Main Marker"            [id=18348, stack(0x0000009f37000000,0x0000009f37100000) (1024K)]
  0x0000027321d10210 WorkerThread "G1 Conc#0"                       [id=13932, stack(0x0000009f37100000,0x0000009f37200000) (1024K)]
  0x0000027321d78be0 ConcurrentGCThread "G1 Refine#0"               [id=11072, stack(0x0000009f37200000,0x0000009f37300000) (1024K)]
  0x0000027321d79760 ConcurrentGCThread "G1 Service"                [id=21980, stack(0x0000009f37300000,0x0000009f37400000) (1024K)]
Total: 8

Threads with active compile tasks:
C2 CompilerThread0  117613 13737       4       org.jetbrains.kotlin.types.AbstractTypeChecker::collectAllSupertypesWithGivenTypeConstructor (461 bytes)
Total: 1

VM state: not at safepoint (normal execution)

VM Mutex/Monitor currently owned by a thread: None

Heap address: 0x00000000a4200000, size: 1470 MB, Compressed Oops mode: 32-bit

CDS archive(s) mapped at: [0x000002733d000000-0x000002733dc60000-0x000002733dc60000), size 12976128, SharedBaseAddress: 0x000002733d000000, ArchiveRelocationMode: 1.
Compressed class space mapped at: 0x000002733e000000-0x000002737e000000, reserved size: 1073741824
Narrow klass base: 0x000002733d000000, Narrow klass shift: 0, Narrow klass range: 0x41000000

GC Precious Log:
 CardTable entry size: 512
 Card Set container configuration: InlinePtr #cards 5 size 8 Array Of Cards #cards 12 size 40 Howl #buckets 4 coarsen threshold 1843 Howl Bitmap #cards 512 size 80 coarsen threshold 460 Card regions per heap region 1 cards per card region 2048
 CPUs: 2 total, 2 available
 Memory: 5877M
 Large Page Support: Disabled
 NUMA Support: Disabled
 Compressed Oops: Enabled (32-bit)
 Heap Region Size: 1M
 Heap Min Capacity: 8M
 Heap Initial Capacity: 92M
 Heap Max Capacity: 1470M
 Pre-touch: Disabled
 Parallel Workers: 2
 Concurrent Workers: 1
 Concurrent Refinement Workers: 2
 Periodic GC: Disabled

Heap:
 garbage-first heap   total reserved 1505280K, committed 174080K, used 147362K [0x00000000a4200000, 0x0000000100000000)
  region size 1024K, 43 young (44032K), 2 survivors (2048K)
 Metaspace       used 71896K, committed 72256K, reserved 1114112K
  class space    used 7888K, committed 8064K, reserved 1048576K

Heap Regions: E=young(eden), S=young(survivor), O=old, HS=humongous(starts), HC=humongous(continues), CS=collection set, F=free, TAMS=top-at-mark-start, PB=parsable bottom
|   0|0x00000000a4200000, 0x00000000a4300000, 0x00000000a4300000|100%|HS|  |TAMS 0x00000000a4200000| PB 0x00000000a4200000| Complete |  0
|   1|0x00000000a4300000, 0x00000000a4400000, 0x00000000a4400000|100%|HC|  |TAMS 0x00000000a4300000| PB 0x00000000a4300000| Complete |  0
|   2|0x00000000a4400000, 0x00000000a4500000, 0x00000000a4500000|100%|HC|  |TAMS 0x00000000a4400000| PB 0x00000000a4400000| Complete |  0
|   3|0x00000000a4500000, 0x00000000a4600000, 0x00000000a4600000|100%|HC|  |TAMS 0x00000000a4500000| PB 0x00000000a4500000| Complete |  0
|   4|0x00000000a4600000, 0x00000000a4700000, 0x00000000a4700000|100%| O|Cm|TAMS 0x00000000a4600000| PB 0x00000000a4600000| Complete |  0
|   5|0x00000000a4700000, 0x00000000a4800000, 0x00000000a4800000|100%| O|  |TAMS 0x00000000a4700000| PB 0x00000000a4700000| Untracked |  0
|   6|0x00000000a4800000, 0x00000000a4900000, 0x00000000a4900000|100%| O|  |TAMS 0x00000000a4800000| PB 0x00000000a4800000| Untracked |  0
|   7|0x00000000a4900000, 0x00000000a4a00000, 0x00000000a4a00000|100%| O|  |TAMS 0x00000000a4900000| PB 0x00000000a4900000| Untracked |  0
|   8|0x00000000a4a00000, 0x00000000a4b00000, 0x00000000a4b00000|100%| O|  |TAMS 0x00000000a4a00000| PB 0x00000000a4a00000| Untracked |  0
|   9|0x00000000a4b00000, 0x00000000a4c00000, 0x00000000a4c00000|100%| O|  |TAMS 0x00000000a4b00000| PB 0x00000000a4b00000| Untracked |  0
|  10|0x00000000a4c00000, 0x00000000a4d00000, 0x00000000a4d00000|100%| O|  |TAMS 0x00000000a4c00000| PB 0x00000000a4c00000| Untracked |  0
|  11|0x00000000a4d00000, 0x00000000a4e00000, 0x00000000a4e00000|100%| O|  |TAMS 0x00000000a4d00000| PB 0x00000000a4d00000| Untracked |  0
|  12|0x00000000a4e00000, 0x00000000a4f00000, 0x00000000a4f00000|100%| O|  |TAMS 0x00000000a4e00000| PB 0x00000000a4e00000| Untracked |  0
|  13|0x00000000a4f00000, 0x00000000a5000000, 0x00000000a5000000|100%| O|  |TAMS 0x00000000a4f00000| PB 0x00000000a4f00000| Untracked |  0
|  14|0x00000000a5000000, 0x00000000a5100000, 0x00000000a5100000|100%| O|  |TAMS 0x00000000a5000000| PB 0x00000000a5000000| Untracked |  0
|  15|0x00000000a5100000, 0x00000000a5200000, 0x00000000a5200000|100%| O|  |TAMS 0x00000000a5100000| PB 0x00000000a5100000| Untracked |  0
|  16|0x00000000a5200000, 0x00000000a5300000, 0x00000000a5300000|100%| O|  |TAMS 0x00000000a5200000| PB 0x00000000a5200000| Untracked |  0
|  17|0x00000000a5300000, 0x00000000a5400000, 0x00000000a5400000|100%| O|  |TAMS 0x00000000a5300000| PB 0x00000000a5300000| Untracked |  0
|  18|0x00000000a5400000, 0x00000000a5500000, 0x00000000a5500000|100%| O|  |TAMS 0x00000000a5400000| PB 0x00000000a5400000| Untracked |  0
|  19|0x00000000a5500000, 0x00000000a5600000, 0x00000000a5600000|100%| O|  |TAMS 0x00000000a5500000| PB 0x00000000a5500000| Untracked |  0
|  20|0x00000000a5600000, 0x00000000a5700000, 0x00000000a5700000|100%| O|  |TAMS 0x00000000a5600000| PB 0x00000000a5600000| Untracked |  0
|  21|0x00000000a5700000, 0x00000000a5800000, 0x00000000a5800000|100%| O|  |TAMS 0x00000000a5700000| PB 0x00000000a5700000| Untracked |  0
|  22|0x00000000a5800000, 0x00000000a5900000, 0x00000000a5900000|100%| O|  |TAMS 0x00000000a5800000| PB 0x00000000a5800000| Untracked |  0
|  23|0x00000000a5900000, 0x00000000a5a00000, 0x00000000a5a00000|100%| O|  |TAMS 0x00000000a5900000| PB 0x00000000a5900000| Untracked |  0
|  24|0x00000000a5a00000, 0x00000000a5b00000, 0x00000000a5b00000|100%| O|  |TAMS 0x00000000a5a00000| PB 0x00000000a5a00000| Untracked |  0
|  25|0x00000000a5b00000, 0x00000000a5c00000, 0x00000000a5c00000|100%| O|  |TAMS 0x00000000a5b00000| PB 0x00000000a5b00000| Untracked |  0
|  26|0x00000000a5c00000, 0x00000000a5d00000, 0x00000000a5d00000|100%| O|  |TAMS 0x00000000a5c00000| PB 0x00000000a5c00000| Untracked |  0
|  27|0x00000000a5d00000, 0x00000000a5e00000, 0x00000000a5e00000|100%| O|  |TAMS 0x00000000a5d00000| PB 0x00000000a5d00000| Untracked |  0
|  28|0x00000000a5e00000, 0x00000000a5f00000, 0x00000000a5f00000|100%| O|  |TAMS 0x00000000a5e00000| PB 0x00000000a5e00000| Untracked |  0
|  29|0x00000000a5f00000, 0x00000000a6000000, 0x00000000a6000000|100%| O|  |TAMS 0x00000000a5f00000| PB 0x00000000a5f00000| Untracked |  0
|  30|0x00000000a6000000, 0x00000000a6100000, 0x00000000a6100000|100%| O|  |TAMS 0x00000000a6000000| PB 0x00000000a6000000| Untracked |  0
|  31|0x00000000a6100000, 0x00000000a6200000, 0x00000000a6200000|100%| O|  |TAMS 0x00000000a6100000| PB 0x00000000a6100000| Untracked |  0
|  32|0x00000000a6200000, 0x00000000a6300000, 0x00000000a6300000|100%| O|  |TAMS 0x00000000a6200000| PB 0x00000000a6200000| Untracked |  0
|  33|0x00000000a6300000, 0x00000000a6400000, 0x00000000a6400000|100%| O|  |TAMS 0x00000000a6300000| PB 0x00000000a6300000| Untracked |  0
|  34|0x00000000a6400000, 0x00000000a6500000, 0x00000000a6500000|100%| O|  |TAMS 0x00000000a6400000| PB 0x00000000a6400000| Untracked |  0
|  35|0x00000000a6500000, 0x00000000a6600000, 0x00000000a6600000|100%| O|  |TAMS 0x00000000a6500000| PB 0x00000000a6500000| Untracked |  0
|  36|0x00000000a6600000, 0x00000000a6700000, 0x00000000a6700000|100%| O|  |TAMS 0x00000000a6600000| PB 0x00000000a6600000| Untracked |  0
|  37|0x00000000a6700000, 0x00000000a6800000, 0x00000000a6800000|100%| O|  |TAMS 0x00000000a6700000| PB 0x00000000a6700000| Untracked |  0
|  38|0x00000000a6800000, 0x00000000a6900000, 0x00000000a6900000|100%| O|  |TAMS 0x00000000a6800000| PB 0x00000000a6800000| Untracked |  0
|  39|0x00000000a6900000, 0x00000000a6a00000, 0x00000000a6a00000|100%| O|  |TAMS 0x00000000a6900000| PB 0x00000000a6900000| Untracked |  0
|  40|0x00000000a6a00000, 0x00000000a6b00000, 0x00000000a6b00000|100%| O|  |TAMS 0x00000000a6a00000| PB 0x00000000a6a00000| Untracked |  0
|  41|0x00000000a6b00000, 0x00000000a6c00000, 0x00000000a6c00000|100%| O|  |TAMS 0x00000000a6b00000| PB 0x00000000a6b00000| Untracked |  0
|  42|0x00000000a6c00000, 0x00000000a6d00000, 0x00000000a6d00000|100%| O|  |TAMS 0x00000000a6c00000| PB 0x00000000a6c00000| Untracked |  0
|  43|0x00000000a6d00000, 0x00000000a6e00000, 0x00000000a6e00000|100%| O|  |TAMS 0x00000000a6d00000| PB 0x00000000a6d00000| Untracked |  0
|  44|0x00000000a6e00000, 0x00000000a6f00000, 0x00000000a6f00000|100%| O|  |TAMS 0x00000000a6e00000| PB 0x00000000a6e00000| Untracked |  0
|  45|0x00000000a6f00000, 0x00000000a7000000, 0x00000000a7000000|100%| O|  |TAMS 0x00000000a6f00000| PB 0x00000000a6f00000| Untracked |  0
|  46|0x00000000a7000000, 0x00000000a7100000, 0x00000000a7100000|100%| O|  |TAMS 0x00000000a7000000| PB 0x00000000a7000000| Untracked |  0
|  47|0x00000000a7100000, 0x00000000a7200000, 0x00000000a7200000|100%| O|  |TAMS 0x00000000a7100000| PB 0x00000000a7100000| Untracked |  0
|  48|0x00000000a7200000, 0x00000000a7300000, 0x00000000a7300000|100%| O|  |TAMS 0x00000000a7200000| PB 0x00000000a7200000| Untracked |  0
|  49|0x00000000a7300000, 0x00000000a7400000, 0x00000000a7400000|100%| O|  |TAMS 0x00000000a7300000| PB 0x00000000a7300000| Untracked |  0
|  50|0x00000000a7400000, 0x00000000a7500000, 0x00000000a7500000|100%|HS|  |TAMS 0x00000000a7400000| PB 0x00000000a7400000| Complete |  0
|  51|0x00000000a7500000, 0x00000000a7600000, 0x00000000a7600000|100%| O|  |TAMS 0x00000000a7500000| PB 0x00000000a7500000| Untracked |  0
|  52|0x00000000a7600000, 0x00000000a7700000, 0x00000000a7700000|100%| O|  |TAMS 0x00000000a7600000| PB 0x00000000a7600000| Untracked |  0
|  53|0x00000000a7700000, 0x00000000a7800000, 0x00000000a7800000|100%| O|  |TAMS 0x00000000a7700000| PB 0x00000000a7700000| Untracked |  0
|  54|0x00000000a7800000, 0x00000000a7900000, 0x00000000a7900000|100%| O|  |TAMS 0x00000000a7800000| PB 0x00000000a7800000| Untracked |  0
|  55|0x00000000a7900000, 0x00000000a7a00000, 0x00000000a7a00000|100%| O|  |TAMS 0x00000000a7900000| PB 0x00000000a7900000| Untracked |  0
|  56|0x00000000a7a00000, 0x00000000a7b00000, 0x00000000a7b00000|100%| O|  |TAMS 0x00000000a7a00000| PB 0x00000000a7a00000| Untracked |  0
|  57|0x00000000a7b00000, 0x00000000a7c00000, 0x00000000a7c00000|100%| O|  |TAMS 0x00000000a7b00000| PB 0x00000000a7b00000| Untracked |  0
|  58|0x00000000a7c00000, 0x00000000a7d00000, 0x00000000a7d00000|100%| O|  |TAMS 0x00000000a7c00000| PB 0x00000000a7c00000| Untracked |  0
|  59|0x00000000a7d00000, 0x00000000a7e00000, 0x00000000a7e00000|100%| O|  |TAMS 0x00000000a7d00000| PB 0x00000000a7d00000| Untracked |  0
|  60|0x00000000a7e00000, 0x00000000a7f00000, 0x00000000a7f00000|100%| O|  |TAMS 0x00000000a7e00000| PB 0x00000000a7e00000| Untracked |  0
|  61|0x00000000a7f00000, 0x00000000a8000000, 0x00000000a8000000|100%| O|  |TAMS 0x00000000a7f00000| PB 0x00000000a7f00000| Untracked |  0
|  62|0x00000000a8000000, 0x00000000a8100000, 0x00000000a8100000|100%| O|  |TAMS 0x00000000a8000000| PB 0x00000000a8000000| Untracked |  0
|  63|0x00000000a8100000, 0x00000000a8200000, 0x00000000a8200000|100%| O|  |TAMS 0x00000000a8100000| PB 0x00000000a8100000| Untracked |  0
|  64|0x00000000a8200000, 0x00000000a8300000, 0x00000000a8300000|100%| O|  |TAMS 0x00000000a8200000| PB 0x00000000a8200000| Untracked |  0
|  65|0x00000000a8300000, 0x00000000a8400000, 0x00000000a8400000|100%| O|  |TAMS 0x00000000a8300000| PB 0x00000000a8300000| Untracked |  0
|  66|0x00000000a8400000, 0x00000000a8500000, 0x00000000a8500000|100%| O|  |TAMS 0x00000000a8400000| PB 0x00000000a8400000| Untracked |  0
|  67|0x00000000a8500000, 0x00000000a8600000, 0x00000000a8600000|100%| O|  |TAMS 0x00000000a8500000| PB 0x00000000a8500000| Untracked |  0
|  68|0x00000000a8600000, 0x00000000a8700000, 0x00000000a8700000|100%| O|  |TAMS 0x00000000a8600000| PB 0x00000000a8600000| Untracked |  0
|  69|0x00000000a8700000, 0x00000000a8800000, 0x00000000a8800000|100%| O|  |TAMS 0x00000000a8700000| PB 0x00000000a8700000| Untracked |  0
|  70|0x00000000a8800000, 0x00000000a8900000, 0x00000000a8900000|100%| O|  |TAMS 0x00000000a8800000| PB 0x00000000a8800000| Untracked |  0
|  71|0x00000000a8900000, 0x00000000a8a00000, 0x00000000a8a00000|100%| O|  |TAMS 0x00000000a8900000| PB 0x00000000a8900000| Untracked |  0
|  72|0x00000000a8a00000, 0x00000000a8b00000, 0x00000000a8b00000|100%| O|  |TAMS 0x00000000a8a00000| PB 0x00000000a8a00000| Untracked |  0
|  73|0x00000000a8b00000, 0x00000000a8c00000, 0x00000000a8c00000|100%| O|  |TAMS 0x00000000a8b00000| PB 0x00000000a8b00000| Untracked |  0
|  74|0x00000000a8c00000, 0x00000000a8d00000, 0x00000000a8d00000|100%| O|  |TAMS 0x00000000a8c00000| PB 0x00000000a8c00000| Untracked |  0
|  75|0x00000000a8d00000, 0x00000000a8e00000, 0x00000000a8e00000|100%| O|  |TAMS 0x00000000a8d00000| PB 0x00000000a8d00000| Untracked |  0
|  76|0x00000000a8e00000, 0x00000000a8f00000, 0x00000000a8f00000|100%| O|  |TAMS 0x00000000a8e00000| PB 0x00000000a8e00000| Untracked |  0
|  77|0x00000000a8f00000, 0x00000000a9000000, 0x00000000a9000000|100%| O|  |TAMS 0x00000000a8f00000| PB 0x00000000a8f00000| Untracked |  0
|  78|0x00000000a9000000, 0x00000000a9100000, 0x00000000a9100000|100%| O|  |TAMS 0x00000000a9000000| PB 0x00000000a9000000| Untracked |  0
|  79|0x00000000a9100000, 0x00000000a9200000, 0x00000000a9200000|100%| O|  |TAMS 0x00000000a9100000| PB 0x00000000a9100000| Untracked |  0
|  80|0x00000000a9200000, 0x00000000a9300000, 0x00000000a9300000|100%| O|  |TAMS 0x00000000a9200000| PB 0x00000000a9200000| Untracked |  0
|  81|0x00000000a9300000, 0x00000000a9400000, 0x00000000a9400000|100%| O|  |TAMS 0x00000000a9300000| PB 0x00000000a9300000| Untracked |  0
|  82|0x00000000a9400000, 0x00000000a9500000, 0x00000000a9500000|100%| O|  |TAMS 0x00000000a9400000| PB 0x00000000a9400000| Untracked |  0
|  83|0x00000000a9500000, 0x00000000a9600000, 0x00000000a9600000|100%| O|  |TAMS 0x00000000a9500000| PB 0x00000000a9500000| Untracked |  0
|  84|0x00000000a9600000, 0x00000000a9700000, 0x00000000a9700000|100%| O|  |TAMS 0x00000000a9600000| PB 0x00000000a9600000| Untracked |  0
|  85|0x00000000a9700000, 0x00000000a9800000, 0x00000000a9800000|100%| O|  |TAMS 0x00000000a9700000| PB 0x00000000a9700000| Untracked |  0
|  86|0x00000000a9800000, 0x00000000a9900000, 0x00000000a9900000|100%| O|  |TAMS 0x00000000a9800000| PB 0x00000000a9800000| Untracked |  0
|  87|0x00000000a9900000, 0x00000000a9a00000, 0x00000000a9a00000|100%| O|  |TAMS 0x00000000a9900000| PB 0x00000000a9900000| Untracked |  0
|  88|0x00000000a9a00000, 0x00000000a9b00000, 0x00000000a9b00000|100%| O|  |TAMS 0x00000000a9a00000| PB 0x00000000a9a00000| Untracked |  0
|  89|0x00000000a9b00000, 0x00000000a9c00000, 0x00000000a9c00000|100%| O|Cm|TAMS 0x00000000a9b00000| PB 0x00000000a9b00000| Complete |  0
|  90|0x00000000a9c00000, 0x00000000a9d00000, 0x00000000a9d00000|100%| O|  |TAMS 0x00000000a9c00000| PB 0x00000000a9c00000| Untracked |  0
|  91|0x00000000a9d00000, 0x00000000a9e00000, 0x00000000a9e00000|100%| O|  |TAMS 0x00000000a9d00000| PB 0x00000000a9d00000| Untracked |  0
|  92|0x00000000a9e00000, 0x00000000a9f00000, 0x00000000a9f00000|100%| O|  |TAMS 0x00000000a9e00000| PB 0x00000000a9e00000| Untracked |  0
|  93|0x00000000a9f00000, 0x00000000aa000000, 0x00000000aa000000|100%| O|  |TAMS 0x00000000a9f00000| PB 0x00000000a9f00000| Untracked |  0
|  94|0x00000000aa000000, 0x00000000aa100000, 0x00000000aa100000|100%| O|Cm|TAMS 0x00000000aa000000| PB 0x00000000aa000000| Complete |  0
|  95|0x00000000aa100000, 0x00000000aa200000, 0x00000000aa200000|100%| O|  |TAMS 0x00000000aa100000| PB 0x00000000aa100000| Untracked |  0
|  96|0x00000000aa200000, 0x00000000aa300000, 0x00000000aa300000|100%| O|  |TAMS 0x00000000aa200000| PB 0x00000000aa200000| Untracked |  0
|  97|0x00000000aa300000, 0x00000000aa400000, 0x00000000aa400000|100%| O|  |TAMS 0x00000000aa300000| PB 0x00000000aa300000| Untracked |  0
|  98|0x00000000aa400000, 0x00000000aa500000, 0x00000000aa500000|100%| O|  |TAMS 0x00000000aa400000| PB 0x00000000aa400000| Untracked |  0
|  99|0x00000000aa500000, 0x00000000aa600000, 0x00000000aa600000|100%| O|  |TAMS 0x00000000aa500000| PB 0x00000000aa500000| Untracked |  0
| 100|0x00000000aa600000, 0x00000000aa700000, 0x00000000aa700000|100%| O|  |TAMS 0x00000000aa600000| PB 0x00000000aa600000| Untracked |  0
| 101|0x00000000aa700000, 0x00000000aa7e8a50, 0x00000000aa800000| 90%| O|  |TAMS 0x00000000aa700000| PB 0x00000000aa700000| Untracked |  0
| 102|0x00000000aa800000, 0x00000000aa800000, 0x00000000aa900000|  0%| F|  |TAMS 0x00000000aa800000| PB 0x00000000aa800000| Untracked |  0
| 103|0x00000000aa900000, 0x00000000aa900000, 0x00000000aaa00000|  0%| F|  |TAMS 0x00000000aa900000| PB 0x00000000aa900000| Untracked |  0
| 104|0x00000000aaa00000, 0x00000000aaa00000, 0x00000000aab00000|  0%| F|  |TAMS 0x00000000aaa00000| PB 0x00000000aaa00000| Untracked |  0
| 105|0x00000000aab00000, 0x00000000aab00000, 0x00000000aac00000|  0%| F|  |TAMS 0x00000000aab00000| PB 0x00000000aab00000| Untracked |  0
| 106|0x00000000aac00000, 0x00000000aac00000, 0x00000000aad00000|  0%| F|  |TAMS 0x00000000aac00000| PB 0x00000000aac00000| Untracked |  0
| 107|0x00000000aad00000, 0x00000000aad00000, 0x00000000aae00000|  0%| F|  |TAMS 0x00000000aad00000| PB 0x00000000aad00000| Untracked |  0
| 108|0x00000000aae00000, 0x00000000aae00000, 0x00000000aaf00000|  0%| F|  |TAMS 0x00000000aae00000| PB 0x00000000aae00000| Untracked |  0
| 109|0x00000000aaf00000, 0x00000000aaf00000, 0x00000000ab000000|  0%| F|  |TAMS 0x00000000aaf00000| PB 0x00000000aaf00000| Untracked |  0
| 110|0x00000000ab000000, 0x00000000ab000000, 0x00000000ab100000|  0%| F|  |TAMS 0x00000000ab000000| PB 0x00000000ab000000| Untracked |  0
| 111|0x00000000ab100000, 0x00000000ab100000, 0x00000000ab200000|  0%| F|  |TAMS 0x00000000ab100000| PB 0x00000000ab100000| Untracked |  0
| 112|0x00000000ab200000, 0x00000000ab200000, 0x00000000ab300000|  0%| F|  |TAMS 0x00000000ab200000| PB 0x00000000ab200000| Untracked |  0
| 113|0x00000000ab300000, 0x00000000ab300000, 0x00000000ab400000|  0%| F|  |TAMS 0x00000000ab300000| PB 0x00000000ab300000| Untracked |  0
| 114|0x00000000ab400000, 0x00000000ab400000, 0x00000000ab500000|  0%| F|  |TAMS 0x00000000ab400000| PB 0x00000000ab400000| Untracked |  0
| 115|0x00000000ab500000, 0x00000000ab500000, 0x00000000ab600000|  0%| F|  |TAMS 0x00000000ab500000| PB 0x00000000ab500000| Untracked |  0
| 116|0x00000000ab600000, 0x00000000ab600000, 0x00000000ab700000|  0%| F|  |TAMS 0x00000000ab600000| PB 0x00000000ab600000| Untracked |  0
| 117|0x00000000ab700000, 0x00000000ab700000, 0x00000000ab800000|  0%| F|  |TAMS 0x00000000ab700000| PB 0x00000000ab700000| Untracked |  0
| 118|0x00000000ab800000, 0x00000000ab800000, 0x00000000ab900000|  0%| F|  |TAMS 0x00000000ab800000| PB 0x00000000ab800000| Untracked |  0
| 119|0x00000000ab900000, 0x00000000ab900000, 0x00000000aba00000|  0%| F|  |TAMS 0x00000000ab900000| PB 0x00000000ab900000| Untracked |  0
| 120|0x00000000aba00000, 0x00000000aba00000, 0x00000000abb00000|  0%| F|  |TAMS 0x00000000aba00000| PB 0x00000000aba00000| Untracked |  0
| 121|0x00000000abb00000, 0x00000000abb00000, 0x00000000abc00000|  0%| F|  |TAMS 0x00000000abb00000| PB 0x00000000abb00000| Untracked |  0
| 122|0x00000000abc00000, 0x00000000abc00000, 0x00000000abd00000|  0%| F|  |TAMS 0x00000000abc00000| PB 0x00000000abc00000| Untracked |  0
| 123|0x00000000abd00000, 0x00000000abd00000, 0x00000000abe00000|  0%| F|  |TAMS 0x00000000abd00000| PB 0x00000000abd00000| Untracked |  0
| 124|0x00000000abe00000, 0x00000000abe00000, 0x00000000abf00000|  0%| F|  |TAMS 0x00000000abe00000| PB 0x00000000abe00000| Untracked |  0
| 125|0x00000000abf00000, 0x00000000abf00000, 0x00000000ac000000|  0%| F|  |TAMS 0x00000000abf00000| PB 0x00000000abf00000| Untracked |  0
| 126|0x00000000ac000000, 0x00000000ac000000, 0x00000000ac100000|  0%| F|  |TAMS 0x00000000ac000000| PB 0x00000000ac000000| Untracked |  0
| 127|0x00000000ac100000, 0x00000000ac180000, 0x00000000ac200000| 50%| E|  |TAMS 0x00000000ac100000| PB 0x00000000ac100000| Complete |  0
| 128|0x00000000ac200000, 0x00000000ac300000, 0x00000000ac300000|100%| E|CS|TAMS 0x00000000ac200000| PB 0x00000000ac200000| Complete |  0
| 129|0x00000000ac300000, 0x00000000ac400000, 0x00000000ac400000|100%| E|CS|TAMS 0x00000000ac300000| PB 0x00000000ac300000| Complete |  0
| 130|0x00000000ac400000, 0x00000000ac500000, 0x00000000ac500000|100%| E|CS|TAMS 0x00000000ac400000| PB 0x00000000ac400000| Complete |  0
| 131|0x00000000ac500000, 0x00000000ac600000, 0x00000000ac600000|100%| E|CS|TAMS 0x00000000ac500000| PB 0x00000000ac500000| Complete |  0
| 132|0x00000000ac600000, 0x00000000ac700000, 0x00000000ac700000|100%| E|CS|TAMS 0x00000000ac600000| PB 0x00000000ac600000| Complete |  0
| 133|0x00000000ac700000, 0x00000000ac800000, 0x00000000ac800000|100%| E|CS|TAMS 0x00000000ac700000| PB 0x00000000ac700000| Complete |  0
| 134|0x00000000ac800000, 0x00000000ac900000, 0x00000000ac900000|100%| E|CS|TAMS 0x00000000ac800000| PB 0x00000000ac800000| Complete |  0
| 135|0x00000000ac900000, 0x00000000aca00000, 0x00000000aca00000|100%| S|CS|TAMS 0x00000000ac900000| PB 0x00000000ac900000| Complete |  0
| 136|0x00000000aca00000, 0x00000000acb00000, 0x00000000acb00000|100%| S|CS|TAMS 0x00000000aca00000| PB 0x00000000aca00000| Complete |  0
| 137|0x00000000acb00000, 0x00000000acc00000, 0x00000000acc00000|100%| E|CS|TAMS 0x00000000acb00000| PB 0x00000000acb00000| Complete |  0
| 138|0x00000000acc00000, 0x00000000acd00000, 0x00000000acd00000|100%| E|CS|TAMS 0x00000000acc00000| PB 0x00000000acc00000| Complete |  0
| 139|0x00000000acd00000, 0x00000000ace00000, 0x00000000ace00000|100%| E|CS|TAMS 0x00000000acd00000| PB 0x00000000acd00000| Complete |  0
| 140|0x00000000ace00000, 0x00000000acf00000, 0x00000000acf00000|100%| E|CS|TAMS 0x00000000ace00000| PB 0x00000000ace00000| Complete |  0
| 141|0x00000000acf00000, 0x00000000ad000000, 0x00000000ad000000|100%| E|CS|TAMS 0x00000000acf00000| PB 0x00000000acf00000| Complete |  0
| 142|0x00000000ad000000, 0x00000000ad100000, 0x00000000ad100000|100%| E|CS|TAMS 0x00000000ad000000| PB 0x00000000ad000000| Complete |  0
| 143|0x00000000ad100000, 0x00000000ad200000, 0x00000000ad200000|100%| E|CS|TAMS 0x00000000ad100000| PB 0x00000000ad100000| Complete |  0
| 144|0x00000000ad200000, 0x00000000ad300000, 0x00000000ad300000|100%| E|CS|TAMS 0x00000000ad200000| PB 0x00000000ad200000| Complete |  0
| 145|0x00000000ad300000, 0x00000000ad400000, 0x00000000ad400000|100%| E|CS|TAMS 0x00000000ad300000| PB 0x00000000ad300000| Complete |  0
| 146|0x00000000ad400000, 0x00000000ad500000, 0x00000000ad500000|100%| E|CS|TAMS 0x00000000ad400000| PB 0x00000000ad400000| Complete |  0
| 147|0x00000000ad500000, 0x00000000ad600000, 0x00000000ad600000|100%| E|CS|TAMS 0x00000000ad500000| PB 0x00000000ad500000| Complete |  0
| 148|0x00000000ad600000, 0x00000000ad700000, 0x00000000ad700000|100%| E|CS|TAMS 0x00000000ad600000| PB 0x00000000ad600000| Complete |  0
| 149|0x00000000ad700000, 0x00000000ad800000, 0x00000000ad800000|100%| E|CS|TAMS 0x00000000ad700000| PB 0x00000000ad700000| Complete |  0
| 150|0x00000000ad800000, 0x00000000ad900000, 0x00000000ad900000|100%| E|CS|TAMS 0x00000000ad800000| PB 0x00000000ad800000| Complete |  0
| 151|0x00000000ad900000, 0x00000000ada00000, 0x00000000ada00000|100%| E|CS|TAMS 0x00000000ad900000| PB 0x00000000ad900000| Complete |  0
| 152|0x00000000ada00000, 0x00000000adb00000, 0x00000000adb00000|100%| E|CS|TAMS 0x00000000ada00000| PB 0x00000000ada00000| Complete |  0
| 153|0x00000000adb00000, 0x00000000adc00000, 0x00000000adc00000|100%| E|CS|TAMS 0x00000000adb00000| PB 0x00000000adb00000| Complete |  0
| 154|0x00000000adc00000, 0x00000000add00000, 0x00000000add00000|100%| E|CS|TAMS 0x00000000adc00000| PB 0x00000000adc00000| Complete |  0
| 155|0x00000000add00000, 0x00000000ade00000, 0x00000000ade00000|100%| E|CS|TAMS 0x00000000add00000| PB 0x00000000add00000| Complete |  0
| 156|0x00000000ade00000, 0x00000000adf00000, 0x00000000adf00000|100%| E|CS|TAMS 0x00000000ade00000| PB 0x00000000ade00000| Complete |  0
| 157|0x00000000adf00000, 0x00000000ae000000, 0x00000000ae000000|100%| E|CS|TAMS 0x00000000adf00000| PB 0x00000000adf00000| Complete |  0
| 158|0x00000000ae000000, 0x00000000ae100000, 0x00000000ae100000|100%| E|CS|TAMS 0x00000000ae000000| PB 0x00000000ae000000| Complete |  0
| 159|0x00000000ae100000, 0x00000000ae200000, 0x00000000ae200000|100%| E|CS|TAMS 0x00000000ae100000| PB 0x00000000ae100000| Complete |  0
| 160|0x00000000ae200000, 0x00000000ae300000, 0x00000000ae300000|100%| E|CS|TAMS 0x00000000ae200000| PB 0x00000000ae200000| Complete |  0
| 161|0x00000000ae300000, 0x00000000ae400000, 0x00000000ae400000|100%| E|CS|TAMS 0x00000000ae300000| PB 0x00000000ae300000| Complete |  0
| 162|0x00000000ae400000, 0x00000000ae500000, 0x00000000ae500000|100%| E|CS|TAMS 0x00000000ae400000| PB 0x00000000ae400000| Complete |  0
| 163|0x00000000ae500000, 0x00000000ae600000, 0x00000000ae600000|100%| E|CS|TAMS 0x00000000ae500000| PB 0x00000000ae500000| Complete |  0
| 164|0x00000000ae600000, 0x00000000ae700000, 0x00000000ae700000|100%| E|CS|TAMS 0x00000000ae600000| PB 0x00000000ae600000| Complete |  0
| 165|0x00000000ae700000, 0x00000000ae800000, 0x00000000ae800000|100%| E|CS|TAMS 0x00000000ae700000| PB 0x00000000ae700000| Complete |  0
| 166|0x00000000ae800000, 0x00000000ae900000, 0x00000000ae900000|100%| E|CS|TAMS 0x00000000ae800000| PB 0x00000000ae800000| Complete |  0
| 167|0x00000000ae900000, 0x00000000aea00000, 0x00000000aea00000|100%| E|CS|TAMS 0x00000000ae900000| PB 0x00000000ae900000| Complete |  0
| 168|0x00000000aea00000, 0x00000000aeb00000, 0x00000000aeb00000|100%| E|CS|TAMS 0x00000000aea00000| PB 0x00000000aea00000| Complete |  0
| 169|0x00000000aeb00000, 0x00000000aec00000, 0x00000000aec00000|100%| E|CS|TAMS 0x00000000aeb00000| PB 0x00000000aeb00000| Complete |  0

Card table byte_map: [0x0000027339010000,0x00000273392f0000] _byte_map_base: 0x0000027338aef000

Marking Bits: (CMBitMap*) 0x0000027321d02740
 Bits: [0x00000273392f0000, 0x000002733a9e8000)

Polling page: 0x000002731fb50000

Metaspace:

Usage:
  Non-class:     62.51 MB used.
      Class:      7.70 MB used.
       Both:     70.21 MB used.

Virtual space:
  Non-class space:       64.00 MB reserved,      62.69 MB ( 98%) committed,  1 nodes.
      Class space:        1.00 GB reserved,       7.88 MB ( <1%) committed,  1 nodes.
             Both:        1.06 GB reserved,      70.56 MB (  6%) committed. 

Chunk freelists:
   Non-Class:  832.00 KB
       Class:  8.14 MB
        Both:  8.95 MB

MaxMetaspaceSize: unlimited
CompressedClassSpaceSize: 1.00 GB
Initial GC threshold: 21.00 MB
Current GC threshold: 104.06 MB
CDS: on
 - commit_granule_bytes: 65536.
 - commit_granule_words: 8192.
 - virtual_space_node_default_size: 8388608.
 - enlarge_chunks_in_place: 1.
 - use_allocation_guard: 0.


Internal statistics:

num_allocs_failed_limit: 3.
num_arena_births: 458.
num_arena_deaths: 0.
num_vsnodes_births: 2.
num_vsnodes_deaths: 0.
num_space_committed: 1128.
num_space_uncommitted: 0.
num_chunks_returned_to_freelist: 3.
num_chunks_taken_from_freelist: 2974.
num_chunk_merges: 3.
num_chunk_splits: 2420.
num_chunks_enlarged: 2155.
num_inconsistent_stats: 0.

CodeHeap 'non-profiled nmethods': size=120064Kb used=7888Kb max_used=7888Kb free=112175Kb
 bounds [0x0000027331ad0000, 0x0000027332290000, 0x0000027339010000]
CodeHeap 'profiled nmethods': size=120000Kb used=47977Kb max_used=47977Kb free=72022Kb
 bounds [0x000002732a010000, 0x000002732cef0000, 0x0000027331540000]
CodeHeap 'non-nmethods': size=5696Kb used=1846Kb max_used=1893Kb free=3850Kb
 bounds [0x0000027331540000, 0x00000273317b0000, 0x0000027331ad0000]
 total_blobs=13204 nmethods=12374 adapters=729
 compilation: enabled
              stopped_count=0, restarted_count=0
 full_count=0

Compilation events (20 events):
Event: 117.479 Thread 0x000002733cd98e10 13746       1       org.jetbrains.kotlin.ir.declarations.impl.IrPropertyImpl::getAnnotations (5 bytes)
Event: 117.479 Thread 0x000002733cd98e10 nmethod 13746 0x0000027332283090 code [0x0000027332283220, 0x00000273322832e8]
Event: 117.480 Thread 0x000002733cd98e10 13748       1       org.jetbrains.kotlin.ir.expressions.impl.IrGetFieldImpl::getStartOffset (5 bytes)
Event: 117.480 Thread 0x000002733cd98e10 nmethod 13748 0x0000027332283390 code [0x0000027332283520, 0x00000273322835e8]
Event: 117.480 Thread 0x000002733cd98e10 13749       1       org.jetbrains.kotlin.ir.expressions.impl.IrGetFieldImpl::getEndOffset (5 bytes)
Event: 117.480 Thread 0x000002733cd98e10 nmethod 13749 0x0000027332283690 code [0x0000027332283820, 0x00000273322838e8]
Event: 117.481 Thread 0x000002733cd98e10 13750       1       org.jetbrains.kotlin.ir.declarations.impl.IrFieldImpl::getInitializer (5 bytes)
Event: 117.481 Thread 0x000002733cd98e10 nmethod 13750 0x0000027332283990 code [0x0000027332283b20, 0x0000027332283be8]
Event: 117.481 Thread 0x000002733cd98e10 13751       1       org.jetbrains.kotlin.ir.declarations.impl.IrFieldImpl::getAnnotations (5 bytes)
Event: 117.481 Thread 0x000002733cd98e10 nmethod 13751 0x0000027332283c90 code [0x0000027332283e20, 0x0000027332283ee8]
Event: 117.481 Thread 0x000002733cd98e10 13752       1       org.jetbrains.kotlin.ir.expressions.impl.IrGetFieldImpl::setReceiver (6 bytes)
Event: 117.481 Thread 0x000002733cd98e10 nmethod 13752 0x0000027332283f90 code [0x0000027332284120, 0x0000027332284230]
Event: 117.482 Thread 0x000002733cd98e10 13753       3       org.jetbrains.kotlin.fir.backend.generators.ClassMemberGenerator::setDefaultValue (244 bytes)
Event: 117.488 Thread 0x000002733cd98e10 nmethod 13753 0x000002732cee1090 code [0x000002732cee19a0, 0x000002732cee6ab0]
Event: 117.488 Thread 0x000002733cd98e10 13754       3       org.jetbrains.kotlin.fir.backend.FirDeclarationsContentCleaner$CleanBodies::cleanValueParameter (80 bytes)
Event: 117.489 Thread 0x000002733cd98e10 nmethod 13754 0x000002732cee8510 code [0x000002732cee87e0, 0x000002732cee9618]
Event: 117.489 Thread 0x000002733cd98e10 13755       3       org.jetbrains.kotlin.fir.backend.Fir2IrBuiltinSymbolsContainer::getStringType (11 bytes)
Event: 117.489 Thread 0x000002733cd98e10 nmethod 13755 0x000002732cee9b10 code [0x000002732cee9ce0, 0x000002732ceea038]
Event: 117.500 Thread 0x000002733cd98e10 13756       3       org.jetbrains.kotlin.ir.declarations.IrDeclarationOrigin$Companion::getLOCAL_FUNCTION_FOR_LAMBDA (19 bytes)
Event: 117.500 Thread 0x000002733cd98e10 nmethod 13756 0x000002732ceea190 code [0x000002732ceea3c0, 0x000002732ceeaa20]

GC Heap History (20 events):
Event: 48.911 GC heap before
{Heap before GC invocations=20 (full 0):
 garbage-first heap   total reserved 1505280K, committed 111616K, used 81920K [0x00000000a4200000, 0x0000000100000000)
  region size 1024K, 18 young (18432K), 3 survivors (3072K)
 Metaspace       used 51177K, committed 51584K, reserved 1114112K
  class space    used 6196K, committed 6400K, reserved 1048576K
}
Event: 48.916 GC heap after
{Heap after GC invocations=21 (full 0):
 garbage-first heap   total reserved 1505280K, committed 111616K, used 68420K [0x00000000a4200000, 0x0000000100000000)
  region size 1024K, 2 young (2048K), 2 survivors (2048K)
 Metaspace       used 51177K, committed 51584K, reserved 1114112K
  class space    used 6196K, committed 6400K, reserved 1048576K
}
Event: 54.292 GC heap before
{Heap before GC invocations=21 (full 0):
 garbage-first heap   total reserved 1505280K, committed 111616K, used 94020K [0x00000000a4200000, 0x0000000100000000)
  region size 1024K, 28 young (28672K), 2 survivors (2048K)
 Metaspace       used 55060K, committed 55424K, reserved 1114112K
  class space    used 6569K, committed 6720K, reserved 1048576K
}
Event: 54.309 GC heap after
{Heap after GC invocations=22 (full 0):
 garbage-first heap   total reserved 1505280K, committed 111616K, used 71050K [0x00000000a4200000, 0x0000000100000000)
  region size 1024K, 4 young (4096K), 4 survivors (4096K)
 Metaspace       used 55060K, committed 55424K, reserved 1114112K
  class space    used 6569K, committed 6720K, reserved 1048576K
}
Event: 58.135 GC heap before
{Heap before GC invocations=22 (full 0):
 garbage-first heap   total reserved 1505280K, committed 111616K, used 95626K [0x00000000a4200000, 0x0000000100000000)
  region size 1024K, 29 young (29696K), 4 survivors (4096K)
 Metaspace       used 58065K, committed 58496K, reserved 1114112K
  class space    used 6886K, committed 7040K, reserved 1048576K
}
Event: 58.160 GC heap after
{Heap after GC invocations=23 (full 0):
 garbage-first heap   total reserved 1505280K, committed 111616K, used 75603K [0x00000000a4200000, 0x0000000100000000)
  region size 1024K, 4 young (4096K), 4 survivors (4096K)
 Metaspace       used 58065K, committed 58496K, reserved 1114112K
  class space    used 6886K, committed 7040K, reserved 1048576K
}
Event: 63.468 GC heap before
{Heap before GC invocations=24 (full 0):
 garbage-first heap   total reserved 1505280K, committed 126976K, used 98131K [0x00000000a4200000, 0x0000000100000000)
  region size 1024K, 27 young (27648K), 4 survivors (4096K)
 Metaspace       used 59750K, committed 60160K, reserved 1114112K
  class space    used 7005K, committed 7168K, reserved 1048576K
}
Event: 63.481 GC heap after
{Heap after GC invocations=25 (full 0):
 garbage-first heap   total reserved 1505280K, committed 126976K, used 79872K [0x00000000a4200000, 0x0000000100000000)
  region size 1024K, 4 young (4096K), 4 survivors (4096K)
 Metaspace       used 59750K, committed 60160K, reserved 1114112K
  class space    used 7005K, committed 7168K, reserved 1048576K
}
Event: 68.019 GC heap before
{Heap before GC invocations=25 (full 0):
 garbage-first heap   total reserved 1505280K, committed 126976K, used 110592K [0x00000000a4200000, 0x0000000100000000)
  region size 1024K, 35 young (35840K), 4 survivors (4096K)
 Metaspace       used 60478K, committed 60864K, reserved 1114112K
  class space    used 7053K, committed 7232K, reserved 1048576K
}
Event: 68.042 GC heap after
{Heap after GC invocations=26 (full 0):
 garbage-first heap   total reserved 1505280K, committed 126976K, used 86016K [0x00000000a4200000, 0x0000000100000000)
  region size 1024K, 5 young (5120K), 5 survivors (5120K)
 Metaspace       used 60478K, committed 60864K, reserved 1114112K
  class space    used 7053K, committed 7232K, reserved 1048576K
}
Event: 76.212 GC heap before
{Heap before GC invocations=26 (full 0):
 garbage-first heap   total reserved 1505280K, committed 126976K, used 112640K [0x00000000a4200000, 0x0000000100000000)
  region size 1024K, 31 young (31744K), 5 survivors (5120K)
 Metaspace       used 61041K, committed 61440K, reserved 1114112K
  class space    used 7085K, committed 7296K, reserved 1048576K
}
Event: 76.229 GC heap after
{Heap after GC invocations=27 (full 0):
 garbage-first heap   total reserved 1505280K, committed 126976K, used 91136K [0x00000000a4200000, 0x0000000100000000)
  region size 1024K, 4 young (4096K), 4 survivors (4096K)
 Metaspace       used 61041K, committed 61440K, reserved 1114112K
  class space    used 7085K, committed 7296K, reserved 1048576K
}
Event: 80.735 GC heap before
{Heap before GC invocations=28 (full 0):
 garbage-first heap   total reserved 1505280K, committed 152576K, used 114688K [0x00000000a4200000, 0x0000000100000000)
  region size 1024K, 27 young (27648K), 4 survivors (4096K)
 Metaspace       used 61394K, committed 61824K, reserved 1114112K
  class space    used 7093K, committed 7296K, reserved 1048576K
}
Event: 80.749 GC heap after
{Heap after GC invocations=29 (full 0):
 garbage-first heap   total reserved 1505280K, committed 152576K, used 95744K [0x00000000a4200000, 0x0000000100000000)
  region size 1024K, 4 young (4096K), 4 survivors (4096K)
 Metaspace       used 61394K, committed 61824K, reserved 1114112K
  class space    used 7093K, committed 7296K, reserved 1048576K
}
Event: 89.161 GC heap before
{Heap before GC invocations=29 (full 0):
 garbage-first heap   total reserved 1505280K, committed 152576K, used 132608K [0x00000000a4200000, 0x0000000100000000)
  region size 1024K, 40 young (40960K), 4 survivors (4096K)
 Metaspace       used 62072K, committed 62464K, reserved 1114112K
  class space    used 7127K, committed 7296K, reserved 1048576K
}
Event: 89.179 GC heap after
{Heap after GC invocations=30 (full 0):
 garbage-first heap   total reserved 1505280K, committed 152576K, used 100080K [0x00000000a4200000, 0x0000000100000000)
  region size 1024K, 5 young (5120K), 5 survivors (5120K)
 Metaspace       used 62072K, committed 62464K, reserved 1114112K
  class space    used 7127K, committed 7296K, reserved 1048576K
}
Event: 94.174 GC heap before
{Heap before GC invocations=30 (full 0):
 garbage-first heap   total reserved 1505280K, committed 152576K, used 135920K [0x00000000a4200000, 0x0000000100000000)
  region size 1024K, 40 young (40960K), 5 survivors (5120K)
 Metaspace       used 63451K, committed 63872K, reserved 1114112K
  class space    used 7240K, committed 7424K, reserved 1048576K
}
Event: 94.190 GC heap after
{Heap after GC invocations=31 (full 0):
 garbage-first heap   total reserved 1505280K, committed 152576K, used 104301K [0x00000000a4200000, 0x0000000100000000)
  region size 1024K, 4 young (4096K), 4 survivors (4096K)
 Metaspace       used 63451K, committed 63872K, reserved 1114112K
  class space    used 7240K, committed 7424K, reserved 1048576K
}
Event: 106.415 GC heap before
{Heap before GC invocations=32 (full 0):
 garbage-first heap   total reserved 1505280K, committed 174080K, used 138093K [0x00000000a4200000, 0x0000000100000000)
  region size 1024K, 37 young (37888K), 4 survivors (4096K)
 Metaspace       used 65710K, committed 66176K, reserved 1114112K
  class space    used 7333K, committed 7552K, reserved 1048576K
}
Event: 106.429 GC heap after
{Heap after GC invocations=33 (full 0):
 garbage-first heap   total reserved 1505280K, committed 174080K, used 106402K [0x00000000a4200000, 0x0000000100000000)
  region size 1024K, 2 young (2048K), 2 survivors (2048K)
 Metaspace       used 65710K, committed 66176K, reserved 1114112K
  class space    used 7333K, committed 7552K, reserved 1048576K
}

Dll operation events (9 events):
Event: 0.022 Loaded shared library C:\Program Files\Java\jdk-22\bin\java.dll
Event: 0.214 Loaded shared library C:\Program Files\Java\jdk-22\bin\jsvml.dll
Event: 0.461 Loaded shared library C:\Program Files\Java\jdk-22\bin\net.dll
Event: 0.469 Loaded shared library C:\Program Files\Java\jdk-22\bin\nio.dll
Event: 0.514 Loaded shared library C:\Program Files\Java\jdk-22\bin\zip.dll
Event: 0.632 Loaded shared library C:\Program Files\Java\jdk-22\bin\jimage.dll
Event: 5.228 Loaded shared library C:\Program Files\Java\jdk-22\bin\management.dll
Event: 5.280 Loaded shared library C:\Program Files\Java\jdk-22\bin\management_ext.dll
Event: 16.296 Loaded shared library C:\Program Files\Java\jdk-22\bin\verify.dll

Deoptimization events (20 events):
Event: 116.386 Thread 0x000002731f917370 Uncommon trap: trap_request=0xffffff66 fr.pc=0x0000027332253660 relative=0x0000000000006f00
Event: 116.386 Thread 0x000002731f917370 Uncommon trap: reason=speculate_class_check action=maybe_recompile pc=0x0000027332253660 method=org.jetbrains.kotlin.fir.types.ConeTypeApproximator.fastPathSkipApproximation(Lorg/jetbrains/kotlin/fir/types/ConeKotlinType;Lorg/jetbrains/kotlin/types/TypeAp
Event: 116.386 Thread 0x000002731f917370 DEOPT PACKING pc=0x0000027332253660 sp=0x0000009f36efa9a0
Event: 116.386 Thread 0x000002731f917370 DEOPT UNPACKING pc=0x00000273315946a2 sp=0x0000009f36efa760 mode 2
Event: 116.456 Thread 0x000002731f917370 Uncommon trap: trap_request=0xffffff66 fr.pc=0x0000027332253660 relative=0x0000000000006f00
Event: 116.456 Thread 0x000002731f917370 Uncommon trap: reason=speculate_class_check action=maybe_recompile pc=0x0000027332253660 method=org.jetbrains.kotlin.fir.types.ConeTypeApproximator.fastPathSkipApproximation(Lorg/jetbrains/kotlin/fir/types/ConeKotlinType;Lorg/jetbrains/kotlin/types/TypeAp
Event: 116.456 Thread 0x000002731f917370 DEOPT PACKING pc=0x0000027332253660 sp=0x0000009f36efaa40
Event: 116.456 Thread 0x000002731f917370 DEOPT UNPACKING pc=0x00000273315946a2 sp=0x0000009f36efa800 mode 2
Event: 117.214 Thread 0x000002731f917370 Uncommon trap: trap_request=0xffffff45 fr.pc=0x0000027332268630 relative=0x00000000000047b0
Event: 117.214 Thread 0x000002731f917370 Uncommon trap: reason=unstable_if action=reinterpret pc=0x0000027332268630 method=org.jetbrains.kotlin.fir.backend.Fir2IrTypeConverter.toIrType(Lorg/jetbrains/kotlin/fir/types/ConeKotlinType;Lorg/jetbrains/kotlin/fir/backend/utils/ConversionTypeOrigin;Lja
Event: 117.214 Thread 0x000002731f917370 DEOPT PACKING pc=0x0000027332268630 sp=0x0000009f36efb830
Event: 117.214 Thread 0x000002731f917370 DEOPT UNPACKING pc=0x00000273315946a2 sp=0x0000009f36efb7b0 mode 2
Event: 117.472 Thread 0x000002731f917370 Uncommon trap: trap_request=0xffffffde fr.pc=0x0000027332279f98 relative=0x0000000000000078
Event: 117.472 Thread 0x000002731f917370 Uncommon trap: reason=class_check action=maybe_recompile pc=0x0000027332279f98 method=org.jetbrains.kotlin.fir.backend.Fir2IrVisitor.getSession()Lorg/jetbrains/kotlin/fir/FirSession; @ 4 c2
Event: 117.472 Thread 0x000002731f917370 DEOPT PACKING pc=0x0000027332279f98 sp=0x0000009f36efcc90
Event: 117.472 Thread 0x000002731f917370 DEOPT UNPACKING pc=0x00000273315946a2 sp=0x0000009f36efcc20 mode 2
Event: 117.472 Thread 0x000002731f917370 Uncommon trap: trap_request=0xffffffde fr.pc=0x0000027332279f98 relative=0x0000000000000078
Event: 117.472 Thread 0x000002731f917370 Uncommon trap: reason=class_check action=maybe_recompile pc=0x0000027332279f98 method=org.jetbrains.kotlin.fir.backend.Fir2IrVisitor.getSession()Lorg/jetbrains/kotlin/fir/FirSession; @ 4 c2
Event: 117.472 Thread 0x000002731f917370 DEOPT PACKING pc=0x0000027332279f98 sp=0x0000009f36efcd10
Event: 117.472 Thread 0x000002731f917370 DEOPT UNPACKING pc=0x00000273315946a2 sp=0x0000009f36efcca0 mode 2

Classes loaded (20 events):
Event: 48.832 Loading class java/util/AbstractList$SubList$1
Event: 48.832 Loading class java/util/AbstractList$SubList$1 done
Event: 48.983 Loading class java/util/EnumMap$EntrySet
Event: 48.984 Loading class java/util/EnumMap$EntrySet done
Event: 48.984 Loading class java/util/EnumMap$EntryIterator
Event: 48.984 Loading class java/util/EnumMap$EnumMapIterator
Event: 48.984 Loading class java/util/EnumMap$EnumMapIterator done
Event: 48.984 Loading class java/util/EnumMap$EntryIterator done
Event: 48.985 Loading class java/util/EnumMap$EntryIterator$Entry
Event: 48.985 Loading class java/util/EnumMap$EntryIterator$Entry done
Event: 51.634 Loading class java/util/RegularEnumSet$EnumSetIterator
Event: 51.737 Loading class java/util/RegularEnumSet$EnumSetIterator done
Event: 54.455 Loading class java/util/AbstractList$RandomAccessSubList
Event: 54.455 Loading class java/util/AbstractList$RandomAccessSubList done
Event: 56.846 Loading class java/lang/Byte$ByteCache
Event: 56.847 Loading class java/lang/Byte$ByteCache done
Event: 61.019 Loading class java/lang/Short$ShortCache
Event: 61.019 Loading class java/lang/Short$ShortCache done
Event: 112.052 Loading class java/util/Formatter$FixedString
Event: 112.060 Loading class java/util/Formatter$FixedString done

Classes unloaded (0 events):
No events

Classes redefined (0 events):
No events

Internal exceptions (20 events):
Event: 60.868 Thread 0x000002731f917370 Exception <a 'java/lang/NoSuchMethodError'{0x00000000ab25b500}: 'java.lang.Object java.lang.invoke.DirectMethodHandle$Holder.newInvokeSpecial(java.lang.Object, int, java.lang.Object, java.lang.Object, java.lang.Object)'> (0x00000000ab25b500) 
thrown [s\open\src\hotspot\share\interpreter\linkResolver.cpp, line 774]
Event: 64.076 Thread 0x000002731f917370 Exception <a 'java/lang/NoSuchMethodError'{0x00000000aba0c200}: 'java.lang.Object java.lang.invoke.DirectMethodHandle$Holder.invokeStatic(java.lang.Object, int, java.lang.Object, java.lang.Object)'> (0x00000000aba0c200) 
thrown [s\open\src\hotspot\share\interpreter\linkResolver.cpp, line 774]
Event: 79.914 Thread 0x000002731f917370 Exception <a 'java/lang/NoSuchMethodError'{0x00000000ac7ab1e0}: 'java.lang.Object java.lang.invoke.DirectMethodHandle$Holder.invokeStatic(java.lang.Object, int, java.lang.Object)'> (0x00000000ac7ab1e0) 
thrown [s\open\src\hotspot\share\interpreter\linkResolver.cpp, line 774]
Event: 87.247 Thread 0x000002731f917370 Exception <a 'java/lang/NoSuchMethodError'{0x00000000abdedad0}: 'java.lang.Object java.lang.invoke.DirectMethodHandle$Holder.newInvokeSpecial(java.lang.Object, java.lang.Object, java.lang.Object, java.lang.Object, java.lang.Object, java.lang.Object, int)'> (0x00000000abdedad0) 
thrown [s\open\src\hotspot\share\interpreter\linkResolver.cpp, line 774]
Event: 87.257 Thread 0x000002731f917370 Exception <a 'java/lang/NoSuchMethodError'{0x00000000abdf25c8}: 'java.lang.Object java.lang.invoke.DirectMethodHandle$Holder.invokeSpecial(java.lang.Object, java.lang.Object, java.lang.Object, java.lang.Object, java.lang.Object, java.lang.Object, java.lang.Object, int)'> (0x00000000abdf25c8) 
thrown [s\open\src\hotspot\share\interpreter\linkResolver.cpp, line 774]
Event: 87.257 Thread 0x000002731f917370 Exception <a 'java/lang/NoSuchMethodError'{0x00000000abdf6c80}: 'java.lang.Object java.lang.invoke.Invokers$Holder.linkToTargetMethod(java.lang.Object, java.lang.Object, java.lang.Object, java.lang.Object, java.lang.Object, int, java.lang.Object)'> (0x00000000abdf6c80) 
thrown [s\open\src\hotspot\share\interpreter\linkResolver.cpp, line 774]
Event: 94.105 Thread 0x000002731f917370 Exception <a 'java/lang/NoSuchMethodError'{0x00000000ab574b78}: 'java.lang.Object java.lang.invoke.DirectMethodHandle$Holder.invokeStatic(java.lang.Object, int, int, java.lang.Object)'> (0x00000000ab574b78) 
thrown [s\open\src\hotspot\share\interpreter\linkResolver.cpp, line 774]
Event: 94.105 Thread 0x000002731f917370 Exception <a 'java/lang/NoSuchMethodError'{0x00000000ab578490}: 'java.lang.Object java.lang.invoke.DirectMethodHandle$Holder.invokeStaticInit(java.lang.Object, int, int, java.lang.Object)'> (0x00000000ab578490) 
thrown [s\open\src\hotspot\share\interpreter\linkResolver.cpp, line 774]
Event: 95.510 Thread 0x000002731f917370 Implicit null exception at 0x0000027331d48463 to 0x0000027331d48610
Event: 96.086 Thread 0x000002731f917370 Exception <a 'java/lang/NoSuchMethodError'{0x00000000aead7b50}: 'java.lang.Object java.lang.invoke.DirectMethodHandle$Holder.invokeStatic(java.lang.Object, java.lang.Object, java.lang.Object, java.lang.Object, java.lang.Object, int)'> (0x00000000aead7b50) 
thrown [s\open\src\hotspot\share\interpreter\linkResolver.cpp, line 774]
Event: 102.923 Thread 0x000002731f917370 Implicit null exception at 0x0000027332149e71 to 0x000002733214b5ac
Event: 104.703 Thread 0x000002731f917370 Exception <a 'java/lang/NoSuchMethodError'{0x00000000ad397f60}: 'java.lang.Object java.lang.invoke.Invokers$Holder.linkToTargetMethod(java.lang.Object, int, java.lang.Object, java.lang.Object, java.lang.Object, java.lang.Object, java.lang.Object)'> (0x00000000ad397f60) 
thrown [s\open\src\hotspot\share\interpreter\linkResolver.cpp, line 774]
Event: 109.334 Thread 0x000002731f917370 Implicit null exception at 0x0000027331b038a4 to 0x0000027331b03e3c
Event: 109.340 Thread 0x000002731f917370 Implicit null exception at 0x0000027331b06320 to 0x0000027331b068b0
Event: 111.024 Thread 0x000002731f917370 Exception <a 'java/lang/NoSuchMethodError'{0x00000000acfde518}: 'java.lang.Object java.lang.invoke.DirectMethodHandle$Holder.newInvokeSpecial(java.lang.Object, java.lang.Object, java.lang.Object, java.lang.Object, java.lang.Object, java.lang.Object, java.lang.Object, java.lang.Object, int)'> (0x00000000acfde518) 
thrown [s\open\src\hotspot\share\interpreter\linkResolver.cpp, line 774]
Event: 111.025 Thread 0x000002731f917370 Exception <a 'java/lang/NoSuchMethodError'{0x00000000acfe3240}: 'java.lang.Object java.lang.invoke.DirectMethodHandle$Holder.invokeSpecial(java.lang.Object, java.lang.Object, java.lang.Object, java.lang.Object, java.lang.Object, java.lang.Object, java.lang.Object, java.lang.Object, java.lang.Object, int)'> (0x00000000acfe3240) 
thrown [s\open\src\hotspot\share\interpreter\linkResolver.cpp, line 774]
Event: 111.107 Thread 0x000002731f917370 Exception <a 'java/lang/NoSuchMethodError'{0x00000000acee7060}: 'java.lang.Object java.lang.invoke.DirectMethodHandle$Holder.invokeStatic(java.lang.Object, java.lang.Object, int, int)'> (0x00000000acee7060) 
thrown [s\open\src\hotspot\share\interpreter\linkResolver.cpp, line 774]
Event: 115.261 Thread 0x000002731f917370 Exception <a 'java/lang/NoSuchMethodError'{0x00000000ac7e6ac8}: 'java.lang.Object java.lang.invoke.DirectMethodHandle$Holder.newInvokeSpecial(java.lang.Object, java.lang.Object, java.lang.Object, java.lang.Object, java.lang.Object, java.lang.Object, java.lang.Object, int)'> (0x00000000ac7e6ac8) 
thrown [s\open\src\hotspot\share\interpreter\linkResolver.cpp, line 774]
Event: 115.261 Thread 0x000002731f917370 Exception <a 'java/lang/NoSuchMethodError'{0x00000000ac7eb3b8}: 'java.lang.Object java.lang.invoke.DirectMethodHandle$Holder.invokeSpecial(java.lang.Object, java.lang.Object, java.lang.Object, java.lang.Object, java.lang.Object, java.lang.Object, java.lang.Object, java.lang.Object, int)'> (0x00000000ac7eb3b8) 
thrown [s\open\src\hotspot\share\interpreter\linkResolver.cpp, line 774]
Event: 115.262 Thread 0x000002731f917370 Exception <a 'java/lang/NoSuchMethodError'{0x00000000ac7ef580}: 'java.lang.Object java.lang.invoke.Invokers$Holder.linkToTargetMethod(java.lang.Object, java.lang.Object, java.lang.Object, java.lang.Object, java.lang.Object, java.lang.Object, int, java.lang.Object)'> (0x00000000ac7ef580) 
thrown [s\open\src\hotspot\share\interpreter\linkResolver.cpp, line 774]

ZGC Phase Switch (0 events):
No events

VM Operations (20 events):
Event: 111.078 Executing VM operation: HandshakeAllThreads (Deoptimize)
Event: 111.078 Executing VM operation: HandshakeAllThreads (Deoptimize) done
Event: 111.091 Executing VM operation: HandshakeAllThreads (Deoptimize)
Event: 111.091 Executing VM operation: HandshakeAllThreads (Deoptimize) done
Event: 111.605 Executing VM operation: HandshakeAllThreads (Deoptimize)
Event: 111.605 Executing VM operation: HandshakeAllThreads (Deoptimize) done
Event: 112.602 Executing VM operation: ICBufferFull
Event: 112.602 Executing VM operation: ICBufferFull done
Event: 113.610 Executing VM operation: Cleanup
Event: 113.641 Executing VM operation: Cleanup done
Event: 114.656 Executing VM operation: Cleanup
Event: 114.671 Executing VM operation: Cleanup done
Event: 115.213 Executing VM operation: HandshakeAllThreads (Deoptimize)
Event: 115.213 Executing VM operation: HandshakeAllThreads (Deoptimize) done
Event: 115.569 Executing VM operation: HandshakeAllThreads (Deoptimize)
Event: 115.569 Executing VM operation: HandshakeAllThreads (Deoptimize) done
Event: 116.584 Executing VM operation: Cleanup
Event: 116.584 Executing VM operation: Cleanup done
Event: 117.483 Executing VM operation: ICBufferFull
Event: 117.483 Executing VM operation: ICBufferFull done

Memory protections (0 events):
No events

Nmethod flushes (20 events):
Event: 94.343 Thread 0x000002733cd65230 flushing  nmethod 0x000002732b07b610
Event: 94.343 Thread 0x000002733cd65230 flushing  nmethod 0x000002732b0b1690
Event: 94.343 Thread 0x000002733cd65230 flushing  nmethod 0x000002732b0bc690
Event: 94.343 Thread 0x000002733cd65230 flushing  nmethod 0x000002732b10b210
Event: 94.343 Thread 0x000002733cd65230 flushing  nmethod 0x000002732b10bb90
Event: 94.343 Thread 0x000002733cd65230 flushing  nmethod 0x000002732b114d10
Event: 94.343 Thread 0x000002733cd65230 flushing  nmethod 0x000002732b118210
Event: 94.343 Thread 0x000002733cd65230 flushing  nmethod 0x000002732b18a990
Event: 94.343 Thread 0x000002733cd65230 flushing  nmethod 0x000002732b1b7790
Event: 94.343 Thread 0x000002733cd65230 flushing  nmethod 0x000002732b1be210
Event: 94.343 Thread 0x000002733cd65230 flushing  nmethod 0x000002732b1cdf90
Event: 94.343 Thread 0x000002733cd65230 flushing  nmethod 0x000002732b469990
Event: 94.343 Thread 0x000002733cd65230 flushing  nmethod 0x000002732b4b9190
Event: 94.343 Thread 0x000002733cd65230 flushing  nmethod 0x000002732b517810
Event: 94.343 Thread 0x000002733cd65230 flushing  nmethod 0x000002732b681490
Event: 94.343 Thread 0x000002733cd65230 flushing  nmethod 0x000002732b693310
Event: 94.343 Thread 0x000002733cd65230 flushing  nmethod 0x000002732b6e2b90
Event: 94.343 Thread 0x000002733cd65230 flushing  nmethod 0x000002732b6ee110
Event: 94.343 Thread 0x000002733cd65230 flushing  nmethod 0x000002732b737290
Event: 94.343 Thread 0x000002733cd65230 flushing  nmethod 0x000002732bbaf710

Events (11 events):
Event: 0.048 Thread 0x000002731f917370 Thread added: 0x000002731f917370
Event: 0.136 Thread 0x000002731f917370 Thread added: 0x000002733cd864d0
Event: 0.136 Thread 0x000002731f917370 Thread added: 0x000002733cd87e50
Event: 0.146 Thread 0x000002731f917370 Thread added: 0x000002733cd8f500
Event: 0.146 Thread 0x000002731f917370 Thread added: 0x000002733cd8ff60
Event: 0.155 Thread 0x000002731f917370 Thread added: 0x000002733cd92400
Event: 0.155 Thread 0x000002731f917370 Thread added: 0x000002733cd92e60
Event: 0.156 Thread 0x000002731f917370 Thread added: 0x000002733cd93bf0
Event: 0.178 Thread 0x000002731f917370 Thread added: 0x000002733cd98e10
Event: 0.250 Thread 0x000002731f917370 Thread added: 0x000002737e0baa00
Event: 0.338 Thread 0x000002731f917370 Thread added: 0x000002737e0c98b0


Dynamic libraries:
0x00007ff78aa30000 - 0x00007ff78aa40000 	C:\Program Files\Java\jdk-22\bin\java.exe
0x00007ff90fd80000 - 0x00007ff90ffe7000 	C:\WINDOWS\SYSTEM32\ntdll.dll
0x00007ff90eb60000 - 0x00007ff90ec2b000 	C:\WINDOWS\System32\KERNEL32.DLL
0x00007ff90d340000 - 0x00007ff90d742000 	C:\WINDOWS\System32\KERNELBASE.dll
0x00007ff90cf80000 - 0x00007ff90d0cc000 	C:\WINDOWS\System32\ucrtbase.dll
0x00007ff8b1070000 - 0x00007ff8b1087000 	C:\Program Files\Java\jdk-22\bin\jli.dll
0x00007ff90ec30000 - 0x00007ff90edff000 	C:\WINDOWS\System32\USER32.dll
0x00007ff90d310000 - 0x00007ff90d337000 	C:\WINDOWS\System32\win32u.dll
0x00007ff90f9b0000 - 0x00007ff90f9db000 	C:\WINDOWS\System32\GDI32.dll
0x00007ff90d8e0000 - 0x00007ff90da09000 	C:\WINDOWS\System32\gdi32full.dll
0x00007ff90d1a0000 - 0x00007ff90d243000 	C:\WINDOWS\System32\msvcp_win.dll
0x00007ff8fa020000 - 0x00007ff8fa2b0000 	C:\WINDOWS\WinSxS\amd64_microsoft.windows.common-controls_6595b64144ccf1df_6.0.26100.9278_none_3e0d1ba8e3303201\COMCTL32.dll
0x00007ff90fc70000 - 0x00007ff90fd19000 	C:\WINDOWS\System32\msvcrt.dll
0x00007ff8ac940000 - 0x00007ff8ac95b000 	C:\Program Files\Java\jdk-22\bin\VCRUNTIME140.dll
0x00007ff90e380000 - 0x00007ff90e3b1000 	C:\WINDOWS\System32\IMM32.DLL
0x00007ff8dcf20000 - 0x00007ff8dcf2c000 	C:\Program Files\Java\jdk-22\bin\vcruntime140_1.dll
0x00007ff895df0000 - 0x00007ff895e7e000 	C:\Program Files\Java\jdk-22\bin\msvcp140.dll
0x00007ff843800000 - 0x00007ff844549000 	C:\Program Files\Java\jdk-22\bin\server\jvm.dll
0x00007ff90dba0000 - 0x00007ff90dc5c000 	C:\WINDOWS\System32\ADVAPI32.dll
0x00007ff90ef20000 - 0x00007ff90efc9000 	C:\WINDOWS\System32\sechost.dll
0x00007ff90dc70000 - 0x00007ff90dd88000 	C:\WINDOWS\System32\RPCRT4.dll
0x00007ff90f180000 - 0x00007ff90f200000 	C:\WINDOWS\System32\WS2_32.dll
0x00007ff90cde0000 - 0x00007ff90ce3e000 	C:\WINDOWS\SYSTEM32\POWRPROF.dll
0x00007ff903a70000 - 0x00007ff903aa6000 	C:\WINDOWS\SYSTEM32\WINMM.dll
0x00007ff9004f0000 - 0x00007ff9004fb000 	C:\WINDOWS\SYSTEM32\VERSION.dll
0x00007ff90cdc0000 - 0x00007ff90cdd5000 	C:\WINDOWS\SYSTEM32\UMPDC.dll
0x00007ff90bc50000 - 0x00007ff90bc6b000 	C:\WINDOWS\SYSTEM32\kernel.appcore.dll
0x00007ff8dcc80000 - 0x00007ff8dcc8a000 	C:\Program Files\Java\jdk-22\bin\jimage.dll
0x00007ff90b050000 - 0x00007ff90b29c000 	C:\WINDOWS\SYSTEM32\DBGHELP.DLL
0x00007ff90dff0000 - 0x00007ff90e375000 	C:\WINDOWS\System32\combase.dll
0x00007ff90f0a0000 - 0x00007ff90f179000 	C:\WINDOWS\System32\OLEAUT32.dll
0x00007ff8f3dd0000 - 0x00007ff8f3e0b000 	C:\WINDOWS\SYSTEM32\dbgcore.DLL
0x00007ff90d250000 - 0x00007ff90d2fc000 	C:\WINDOWS\System32\bcryptPrimitives.dll
0x00007ff8ab440000 - 0x00007ff8ab45e000 	C:\Program Files\Java\jdk-22\bin\java.dll
0x00007ff90e3c0000 - 0x00007ff90eb58000 	C:\WINDOWS\System32\SHELL32.dll
0x00007ff90f220000 - 0x00007ff90f3ba000 	C:\WINDOWS\System32\ole32.dll
0x00007ff90a5f0000 - 0x00007ff90ae9e000 	C:\WINDOWS\SYSTEM32\windows.storage.dll
0x00007ff90dd90000 - 0x00007ff90de8b000 	C:\WINDOWS\System32\SHCORE.dll
0x00007ff90db30000 - 0x00007ff90db96000 	C:\WINDOWS\System32\shlwapi.dll
0x00007ff90cea0000 - 0x00007ff90cec9000 	C:\WINDOWS\SYSTEM32\profapi.dll
0x00007ff895190000 - 0x00007ff895267000 	C:\Program Files\Java\jdk-22\bin\jsvml.dll
0x00007ff8dc680000 - 0x00007ff8dc690000 	C:\Program Files\Java\jdk-22\bin\net.dll
0x00007ff90c210000 - 0x00007ff90c27c000 	C:\WINDOWS\system32\mswsock.dll
0x00007ff89eb10000 - 0x00007ff89eb26000 	C:\Program Files\Java\jdk-22\bin\nio.dll
0x00007ff89f330000 - 0x00007ff89f347000 	C:\Program Files\Java\jdk-22\bin\zip.dll
0x00007ff8da460000 - 0x00007ff8da46a000 	C:\Program Files\Java\jdk-22\bin\management.dll
0x00007ff8d9f40000 - 0x00007ff8d9f4b000 	C:\Program Files\Java\jdk-22\bin\management_ext.dll
0x00007ff90f210000 - 0x00007ff90f218000 	C:\WINDOWS\System32\PSAPI.DLL
0x00007ff8dc3b0000 - 0x00007ff8dc3c0000 	C:\Program Files\Java\jdk-22\bin\verify.dll

dbghelp: loaded successfully - version: 4.0.5 - missing functions: none
symbol engine: initialized successfully - sym options: 0x614 - pdb path: .;C:\Program Files\Java\jdk-22\bin;C:\WINDOWS\SYSTEM32;C:\WINDOWS\WinSxS\amd64_microsoft.windows.common-controls_6595b64144ccf1df_6.0.26100.9278_none_3e0d1ba8e3303201;C:\Program Files\Java\jdk-22\bin\server

VM Arguments:
java_command: org.jetbrains.kotlin.cli.jvm.K2JVMCompiler @E:\Kuliah\Installer\flutter\packages\flutter_tools\gradle\build\20261006_3191675110519988467.compiler.options
java_class_path (initial): C:\Users\ELLENT\.gradle\caches\modules-2\files-2.1\org.jetbrains.kotlin\kotlin-compiler-embeddable\2.2.21\b13aed5cf8412f9ee9d1e4db21bdcfebcc24f606\kotlin-compiler-embeddable-2.2.21.jar;C:\Users\ELLENT\.gradle\caches\modules-2\files-2.1\org.jetbrains.kotlin\kotlin-stdlib\2.2.21\fa374a986e128314c3db00a20aae55f72a258511\kotlin-stdlib-2.2.21.jar;C:\Users\ELLENT\.gradle\caches\modules-2\files-2.1\org.jetbrains.kotlin\kotlin-script-runtime\2.2.21\e9b021c4e335e4ed7a7e3b32285249ae6bb3a6c8\kotlin-script-runtime-2.2.21.jar;C:\Users\ELLENT\.gradle\caches\modules-2\files-2.1\org.jetbrains.kotlin\kotlin-reflect\1.6.10\1cbe9c92c12a94eea200d23c2bbaedaf3daf5132\kotlin-reflect-1.6.10.jar;C:\Users\ELLENT\.gradle\caches\modules-2\files-2.1\org.jetbrains.kotlin\kotlin-daemon-embeddable\2.2.21\78fde5db1c92786448170b351d8f8868acabd2ce\kotlin-daemon-embeddable-2.2.21.jar;C:\Users\ELLENT\.gradle\caches\modules-2\files-2.1\org.jetbrains.kotlinx\kotlinx-coroutines-core-jvm\1.8.0\ac1dc37a30a93150b704022f8d895ee1bd3a36b3\kotlinx-coroutines-core-jvm-1.8.0.jar;C:\Users\ELLENT\.gradle\caches\modules-2\files-2.1\org.jetbrains\annotations\13.0\919f0dfe192fb4e063e7dacadee7f8bb9a2672a9\annotations-13.0.jar
Launcher Type: SUN_STANDARD

[Global flags]
     intx CICompilerCount                          = 2                                         {product} {ergonomic}
     uint ConcGCThreads                            = 1                                         {product} {ergonomic}
     uint G1ConcRefinementThreads                  = 2                                         {product} {ergonomic}
   size_t G1HeapRegionSize                         = 1048576                                   {product} {ergonomic}
   size_t InitialHeapSize                          = 96468992                                  {product} {ergonomic}
   size_t MarkStackSize                            = 4194304                                   {product} {ergonomic}
   size_t MaxHeapSize                              = 1541406720                                {product} {ergonomic}
   size_t MaxNewSize                               = 924844032                                 {product} {ergonomic}
   size_t MinHeapDeltaBytes                        = 1048576                                   {product} {ergonomic}
   size_t MinHeapSize                              = 8388608                                   {product} {ergonomic}
    uintx NonNMethodCodeHeapSize                   = 5826188                                {pd product} {ergonomic}
    uintx NonProfiledCodeHeapSize                  = 122916026                              {pd product} {ergonomic}
    uintx ProfiledCodeHeapSize                     = 122916026                              {pd product} {ergonomic}
    uintx ReservedCodeCacheSize                    = 251658240                              {pd product} {ergonomic}
     bool SegmentedCodeCache                       = true                                      {product} {ergonomic}
   size_t SoftMaxHeapSize                          = 1541406720                             {manageable} {ergonomic}
     bool UseCompressedOops                        = true                           {product lp64_product} {ergonomic}
     bool UseG1GC                                  = true                                      {product} {ergonomic}
     bool UseLargePagesIndividualAllocation        = false                                  {pd product} {ergonomic}

Logging:
Log output configuration:
 #0: stdout all=warning uptime,level,tags foldmultilines=false
 #1: stderr all=off uptime,level,tags foldmultilines=false

Environment Variables:
PATH=E:\Kuliah\Installer\flutter\bin;C:\Program Files\Common Files\Oracle\Java\javapath;C:\WINDOWS\system32;C:\WINDOWS;C:\WINDOWS\System32\Wbem;C:\WINDOWS\System32\WindowsPowerShell\v1.0\;C:\WINDOWS\System32\OpenSSH\;C:\ProgramData\ComposerSetup\bin;C:\laragon\bin\php\php-8.3.29-vs16;C:\Program Files\Git\cmd;C:\Program Files\nodejs\;C:\sqlite;C:\Users\ELLENT\.local\bin;E:\Kuliah\Installer\flutter\bin;C:\laragon\bin;C:\laragon\bin\apache\httpd-2.4.65-VS17\bin;C:\laragon\bin\composer;C:\laragon\bin\git\bin;C:\laragon\bin\git\cmd;C:\laragon\bin\git\mingw64\bin;C:\laragon\bin\git\usr\bin;C:\laragon\bin\laragon\utils;C:\laragon\bin\mysql\mysql-8.4.8-winx64\bin;C:\laragon\bin\nginx\nginx-1.22.0;C:\laragon\bin\ngrok;C:\laragon\bin\nodejs\node-v24.14.0;C:\laragon\bin\notepad++;C:\laragon\bin\php\php-8.3.29-vs16;C:\laragon\bin\python\python-3.10;C:\laragon\bin\python\python-3.10\Scripts;C:\laragon\bin\redis\redis-x64-5.0.14.1;C:\laragon\bin\telnet;C:\laragon\usr\bin;C:\Users\ELLENT\AppData\Local\Yarn\config\global\node_modules\.bin;C:\Users\ELLENT\AppData\Roaming\Composer\vendor\bin;C:\Users\ELLENT\AppData\Roaming\npm;C:\Users\ELLENT\AppData\Local\Microsoft\WindowsApps;C:\Users\ELLENT\AppData\Local\Programs\Microsoft VS Code\bin;C:\Program Files\Java\jdk-22
USERNAME=ELLENT
OS=Windows_NT
PROCESSOR_IDENTIFIER=AMD64 Family 23 Model 160 Stepping 0, AuthenticAMD
TMP=C:\Users\ELLENT\AppData\Local\Temp
TEMP=C:\Users\ELLENT\AppData\Local\Temp




Periodic native trim disabled

---------------  S Y S T E M  ---------------

OS:
 Windows 11 , 64 bit Build 26100 (10.0.26100.9444)
OS uptime: 3 days 0:47 hours
Hyper-V role detected

CPU: total 2 (initial active 2) (2 cores per cpu, 1 threads per core) family 23 model 160 stepping 0 microcode 0x8a00006, cx8, cmov, fxsr, mmx, 3dnowpref, sse, sse2, sse3, ssse3, sse4a, sse4.1, sse4.2, popcnt, lzcnt, tsc, tscinvbit, avx, avx2, aes, clmul, bmi1, bmi2, adx, sha, fma, vzeroupper, clflush, clflushopt, hv, rdtscp, rdpid, f16c
Processor Information for all 2 processors :
  Max Mhz: 2401, Current Mhz: 2401, Mhz Limit: 2401

Memory: 4k page, system-wide physical 5877M (47M free)
TotalPageFile size 23598M (AvailPageFile size 0M)
current process WorkingSet (physical memory assigned to process): 288M, peak: 349M
current process commit charge ("private bytes"): 439M, peak: 440M

vm_info: Java HotSpot(TM) 64-Bit Server VM (22.0.2+9-70) for windows-amd64 JRE (22.0.2+9-70), built on 2024-06-04T16:52:23Z by "mach5one" with MS VC++ 17.6 (VS2022)

END.
